   Compiling sassy-browser v2.0.0 (V:\sassy-browser-FIXED)
warning: unused variable: `history_descs`
   --> src\rest_client.rs:542:13
    |
542 |         let history_descs: Vec<_> = self.history.iter().take(3)
    |             ^^^^^^^^^^^^^ help: if this is intentional, prefix it with an underscore: `_history_descs`
    |
    = note: `#[warn(unused_variables)]` (part of `#[warn(unused)]`) on by default

warning: unused variable: `resp_tx`
   --> src\mcp_server_native.rs:396:10
    |
396 |     let (resp_tx, mut resp_rx) = mpsc::channel::<McpResponse>(64);
    |          ^^^^^^^ help: if this is intentional, prefix it with an underscore: `_resp_tx`

warning: field `voice_input` is never read
   --> src\app.rs:190:5
    |
 74 | pub struct BrowserApp {
    |            ---------- field in this struct
...
190 |     voice_input: crate::voice::VoiceInput,
    |     ^^^^^^^^^^^
    |
    = note: `#[warn(dead_code)]` (part of `#[warn(unused)]`) on by default

warning: method `voice_status` is never used
    --> src\app.rs:4330:12
     |
 259 | impl BrowserApp {
     | --------------- method in this implementation
...
4330 |     pub fn voice_status(&self) -> String {
     |            ^^^^^^^^^^^^

warning: variants `TemplateStart`, `TemplateMiddle`, and `TemplateEnd` are never constructed
  --> src\js\lexer.rs:38:5
   |
 7 | pub enum TokenKind {
   |          --------- variants in this enum
...
38 |     TemplateStart, TemplateMiddle, TemplateEnd, TemplateLiteral,
   |     ^^^^^^^^^^^^^  ^^^^^^^^^^^^^^  ^^^^^^^^^^^
   |
   = note: `TokenKind` has derived impls for the traits `Clone` and `Debug`, but these are intentionally ignored during dead code analysis

warning: fields `line` and `column` are never read
  --> src\js\lexer.rs:47:9
   |
45 | pub struct Token {
   |            ----- fields in this struct
46 |     pub kind: TokenKind,
47 |     pub line: usize,
   |         ^^^^
48 |     pub column: usize,
   |         ^^^^^^
   |
   = note: `Token` has derived impls for the traits `Clone` and `Debug`, but these are intentionally ignored during dead code analysis

warning: variant `Comment` is never constructed
  --> src\dom.rs:15:5
   |
11 | pub enum NodeType {
   |          -------- variant in this enum
...
15 |     Comment,
   |     ^^^^^^^
   |
   = note: `NodeType` has derived impls for the traits `Clone` and `Debug`, but these are intentionally ignored during dead code analysis

warning: fields `styles` and `event_listeners` are never read
  --> src\dom.rs:26:9
   |
19 | pub struct Node {
   |            ---- fields in this struct
...
26 |     pub styles: HashMap<String, String>,
   |         ^^^^^^
27 |     pub event_listeners: HashMap<String, Vec<String>>,
   |         ^^^^^^^^^^^^^^^
   |
   = note: `Node` has derived impls for the traits `Clone` and `Debug`, but these are intentionally ignored during dead code analysis

warning: associated items `new_comment`, `remove_attribute`, `has_attribute`, and `add_event_listener` are never used
   --> src\dom.rs:70:12
    |
 30 | impl Node {
    | --------- associated items in this implementation
...
 70 |     pub fn new_comment(text: &str) -> NodeRef {
    |            ^^^^^^^^^^^
...
114 |     pub fn remove_attribute(&mut self, name: &str) {
    |            ^^^^^^^^^^^^^^^^
...
118 |     pub fn has_attribute(&self, name: &str) -> bool {
    |            ^^^^^^^^^^^^^
...
137 |     pub fn add_event_listener(&mut self, event: &str, callback_id: String) {
    |            ^^^^^^^^^^^^^^^^^^

warning: fields `title` and `base_url` are never read
   --> src\dom.rs:206:9
    |
204 | pub struct Document {
    |            -------- fields in this struct
205 |     pub root: NodeRef,
206 |     pub title: String,
    |         ^^^^^
207 |     pub base_url: Option<String>,
    |         ^^^^^^^^
    |
    = note: `Document` has derived impls for the traits `Clone` and `Debug`, but these are intentionally ignored during dead code analysis

warning: multiple methods are never used
   --> src\dom.rs:310:12
    |
210 | impl Document {
    | ------------- methods in this implementation
...
310 |     pub fn create_element(&self, tag: &str) -> NodeRef {
    |            ^^^^^^^^^^^^^^
...
314 |     pub fn create_text_node(&self, text: &str) -> NodeRef {
    |            ^^^^^^^^^^^^^^^^
...
318 |     pub fn get_body(&self) -> Option<NodeRef> {
    |            ^^^^^^^^
...
322 |     pub fn get_head(&self) -> Option<NodeRef> {
    |            ^^^^^^^^
...
326 |     pub fn get_images(&self) -> Vec<NodeRef> {
    |            ^^^^^^^^^^
...
330 |     pub fn get_links(&self) -> Vec<NodeRef> {
    |            ^^^^^^^^^
...
334 |     pub fn get_forms(&self) -> Vec<NodeRef> {
    |            ^^^^^^^^^
...
338 |     pub fn get_scripts(&self) -> Vec<NodeRef> {
    |            ^^^^^^^^^^^
...
342 |     pub fn get_stylesheets(&self) -> Vec<NodeRef> {
    |            ^^^^^^^^^^^^^^^

warning: field `is_anonymous` is never read
  --> src\layout.rs:20:9
   |
 9 | pub struct LayoutBox {
   |            --------- field in this struct
...
20 |     pub is_anonymous: bool,
   |         ^^^^^^^^^^^^
   |
   = note: `LayoutBox` has derived impls for the traits `Clone` and `Debug`, but these are intentionally ignored during dead code analysis

warning: associated items `new`, `zero`, `right`, and `bottom` are never used
  --> src\layout.rs:32:12
   |
31 | impl Rect {
   | --------- associated items in this implementation
32 |     pub fn new(x: f32, y: f32, width: f32, height: f32) -> Self {
   |            ^^^
...
35 |     pub fn zero() -> Self { Rect::default() }
   |            ^^^^
...
39 |     pub fn right(&self) -> f32 { self.x + self.width }
   |            ^^^^^
40 |     pub fn bottom(&self) -> f32 { self.y + self.height }
   |            ^^^^^^

warning: fields `flex_grow`, `flex_shrink`, and `frozen` are never read
  --> src\layout.rs:51:5
   |
48 | struct FlexItem {
   |        -------- fields in this struct
...
51 |     flex_grow: f32,
   |     ^^^^^^^^^
52 |     flex_shrink: f32,
   |     ^^^^^^^^^^^
53 |     frozen: bool,
   |     ^^^^^^
   |
   = note: `FlexItem` has derived impls for the traits `Clone` and `Debug`, but these are intentionally ignored during dead code analysis

warning: method `find_layout_for_node` is never used
   --> src\layout.rs:455:12
    |
 76 | impl LayoutEngine {
    | ----------------- method in this implementation
...
455 |     pub fn find_layout_for_node<'a>(&self, layout: &'a LayoutBox, target: &NodeRef) -> Option<&'a LayoutBox> {
    |            ^^^^^^^^^^^^^^^^^^^^

warning: fields `grid_template_columns`, `grid_template_rows`, `grid_column`, and `grid_row` are never read
  --> src\layout_engine.rs:37:9
   |
21 | pub struct ComputedStyle {
   |            ------------- fields in this struct
...
37 |     pub grid_template_columns: Vec<TrackSizingFunction>,
   |         ^^^^^^^^^^^^^^^^^^^^^
38 |     pub grid_template_rows: Vec<TrackSizingFunction>,
   |         ^^^^^^^^^^^^^^^^^^
39 |     pub grid_column: Line<GridPlacement>,
   |         ^^^^^^^^^^^
40 |     pub grid_row: Line<GridPlacement>,
   |         ^^^^^^^^
   |
   = note: `ComputedStyle` has derived impls for the traits `Clone` and `Debug`, but these are intentionally ignored during dead code analysis

warning: fields `tag`, `text`, and `style` are never read
   --> src\layout_engine.rs:702:9
    |
700 | pub struct LayoutNode {
    |            ---------- fields in this struct
701 |     pub node_id: NodeId,
702 |     pub tag: String,
    |         ^^^
703 |     pub text: Option<String>,
    |         ^^^^
704 |     pub style: ComputedStyle,
    |         ^^^^^
    |
    = note: `LayoutNode` has a derived impl for the trait `Debug`, but this is intentionally ignored during dead code analysis

warning: methods `resize`, `draw_line`, and `draw_image` are never used
   --> src\paint.rs:39:12
    |
 23 | impl Painter {
    | ------------ methods in this implementation
...
 39 |     pub fn resize(&mut self, width: u32, height: u32) {
    |            ^^^^^^
...
306 |     pub fn draw_line(&self, buffer: &mut [u32], buffer_width: u32,
    |            ^^^^^^^^^
...
343 |     pub fn draw_image(&self, buffer: &mut [u32], buffer_width: u32,
    |            ^^^^^^^^^^

warning: multiple methods are never used
   --> src\renderer.rs:83:12
    |
 21 | impl Renderer {
    | ------------- methods in this implementation
...
 83 |     pub fn resize(&mut self, width: u32, height: u32) {
    |            ^^^^^^
...
 95 |     pub fn scroll_to(&mut self, y: f32) {
    |            ^^^^^^^^^
...
108 |     pub fn get_element_rect(&self, node: &NodeRef) -> Option<crate::layout::Rect> {
    |            ^^^^^^^^^^^^^^^^
...
120 |     pub fn get_title(&self) -> &str {
    |            ^^^^^^^^^
...
124 |     pub fn add_stylesheet(&mut self, css: &str) {
    |            ^^^^^^^^^^^^^^
...
128 |     pub fn get_links(&self) -> Vec<(String, NodeRef)> {
    |            ^^^^^^^^^
...
135 |     pub fn get_images(&self) -> Vec<(String, NodeRef)> {
    |            ^^^^^^^^^^
...
142 |     pub fn get_forms(&self) -> Vec<NodeRef> {
    |            ^^^^^^^^^
...
146 |     pub fn get_scripts(&self) -> Vec<String> {
    |            ^^^^^^^^^^^
...
158 |     pub fn describe(&self) -> String {
    |            ^^^^^^^^

warning: struct `RenderPipeline` is never constructed
   --> src\renderer.rs:174:12
    |
174 | pub struct RenderPipeline {
    |            ^^^^^^^^^^^^^^

warning: trait `RenderStage` is never used
   --> src\renderer.rs:178:11
    |
178 | pub trait RenderStage {
    |           ^^^^^^^^^^^

warning: associated items `new`, `add_stage`, and `execute` are never used
   --> src\renderer.rs:183:12
    |
182 | impl RenderPipeline {
    | ------------------- associated items in this implementation
183 |     pub fn new() -> Self { RenderPipeline { stages: Vec::new() } }
    |            ^^^
184 |     pub fn add_stage(&mut self, stage: Box<dyn RenderStage>) { self.stages.push(stage); }
    |            ^^^^^^^^^
185 |     pub fn execute(&mut self, renderer: &mut Renderer) {
    |            ^^^^^^^

warning: struct `StyleStage` is never constructed
   --> src\renderer.rs:194:12
    |
194 | pub struct StyleStage;
    |            ^^^^^^^^^^

warning: struct `LayoutStage` is never constructed
   --> src\renderer.rs:197:12
    |
197 | pub struct LayoutStage;
    |            ^^^^^^^^^^^

warning: struct `PaintStage` is never constructed
   --> src\renderer.rs:200:12
    |
200 | pub struct PaintStage;
    |            ^^^^^^^^^^

warning: function `build_default_pipeline` is never used
   --> src\renderer.rs:204:8
    |
204 | pub fn build_default_pipeline() -> RenderPipeline {
    |        ^^^^^^^^^^^^^^^^^^^^^^

warning: fields `id`, `callback`, `delay_ms`, `created_at`, and `repeat` are never read
  --> src\engine.rs:53:9
   |
52 | pub struct Timer {
   |            ----- fields in this struct
53 |     pub id: u32,
   |         ^^
54 |     pub callback: String,
   |         ^^^^^^^^
55 |     pub delay_ms: u64,
   |         ^^^^^^^^
56 |     pub created_at: std::time::Instant,
   |         ^^^^^^^^^^
57 |     pub repeat: bool,
   |         ^^^^^^
   |
   = note: `Timer` has derived impls for the traits `Clone` and `Debug`, but these are intentionally ignored during dead code analysis

warning: associated items `new`, `is_ready`, and `describe` are never used
  --> src\engine.rs:62:12
   |
60 | impl Timer {
   | ---------- associated items in this implementation
61 |     /// Create a new timer
62 |     pub fn new(id: u32, callback: String, delay_ms: u64, repeat: bool) -> Self {
   |            ^^^
...
67 |     pub fn is_ready(&self) -> bool {
   |            ^^^^^^^^
...
72 |     pub fn describe(&self) -> String {
   |            ^^^^^^^^

warning: field `text` is never read
  --> src\engine.rs:83:25
   |
83 |     Link { url: String, text: String },
   |     ----                ^^^^
   |     |
   |     field in this variant
   |
   = note: `HitTestResult` has derived impls for the traits `Clone` and `Debug`, but these are intentionally ignored during dead code analysis

warning: field `element_id` is never read
  --> src\engine.rs:84:17
   |
84 |     FormInput { element_id: u64 },
   |     ---------   ^^^^^^^^^^
   |     |
   |     field in this variant
   |
   = note: `HitTestResult` has derived impls for the traits `Clone` and `Debug`, but these are intentionally ignored during dead code analysis

warning: variant `Text` is never constructed
  --> src\engine.rs:87:5
   |
81 | pub enum HitTestResult {
   |          ------------- variant in this enum
...
87 |     Text { content: String },
   |     ^^^^
   |
   = note: `HitTestResult` has derived impls for the traits `Clone` and `Debug`, but these are intentionally ignored during dead code analysis

warning: fields `family_config`, `user_manager`, and `secure_sync` are never read
   --> src\engine.rs:190:5
    |
130 | pub struct BrowserState {
    |            ------------ fields in this struct
...
190 |     family_config: FamilyConfig,
    |     ^^^^^^^^^^^^^
191 |     user_manager: UserManager,
    |     ^^^^^^^^^^^^
192 |     secure_sync: Option<SecureSyncServer>,
    |     ^^^^^^^^^^^

warning: multiple methods are never used
    --> src\engine.rs:1796:12
     |
 195 | impl BrowserState {
     | ----------------- methods in this implementation
...
1796 |     pub fn get_update_status(&self) -> &UpdateStatus {
     |            ^^^^^^^^^^^^^^^^^
...
1801 |     pub fn download_update(&self) -> Result<std::path::PathBuf, String> {
     |            ^^^^^^^^^^^^^^^
...
1816 |     pub fn submit_json_post(&mut self, url: &str, json_body: &str) {
     |            ^^^^^^^^^^^^^^^^
...
1836 |     pub fn fetch_anonymous(&mut self, url: &str) -> Result<crate::protocol::HttpResponse, String> {
     |            ^^^^^^^^^^^^^^^
...
1844 |     pub fn fetch_no_redirect(&mut self, url: &str) -> Result<crate::protocol::HttpResponse, String> {
     |            ^^^^^^^^^^^^^^^^^
...
1851 |     pub fn prefetch(&mut self, url: &str) -> Result<crate::protocol::HttpResponse, String> {
     |            ^^^^^^^^
...
1859 |     pub fn force_reload_resource(&mut self, url: &str) -> Result<crate::protocol::HttpResponse, String> {
     |            ^^^^^^^^^^^^^^^^^^^^^
...
1867 |     pub fn js_fetch(&mut self, url: &str, method: &str, body: Option<String>,
     |            ^^^^^^^^
...
1879 |     pub fn submit_form_data(&mut self, url: &str, data: &std::collections::HashMap<String, String>) {
     |            ^^^^^^^^^^^^^^^^
...
1885 |     pub fn submit_multipart_form(&mut self, url: &str, fields: &[(String, String)], files: &[(String, String, String, Vec<u8>)]) {
     |            ^^^^^^^^^^^^^^^^^^^^^
...
1900 |     pub fn url_encode_string(&self, input: &str) -> String {
     |            ^^^^^^^^^^^^^^^^^
...
1905 |     pub fn set_page_cookie(&mut self, name: &str, value: &str, domain: &str) {
     |            ^^^^^^^^^^^^^^^
...
1913 |     pub fn remove_page_cookie(&mut self, domain: &str, name: &str, path: &str) {
     |            ^^^^^^^^^^^^^^^^^^
...
1920 |     pub fn clear_domain_cookies(&mut self, domain: &str) {
     |            ^^^^^^^^^^^^^^^^^^^^
...
1928 |     pub fn clear_all_cookies(&mut self) {
     |            ^^^^^^^^^^^^^^^^^
...
1936 |     pub fn get_page_cookie(&self, name: &str) -> Option<String> {
     |            ^^^^^^^^^^^^^^^
...
1954 |     pub fn cookie_count(&self) -> usize {
     |            ^^^^^^^^^^^^
...
1963 |     pub fn has_cookies(&self) -> bool {
     |            ^^^^^^^^^^^
...
1972 |     pub fn handle_download(&mut self, url: &str, filename: &str, data: Vec<u8>, content_type: &str) {
     |            ^^^^^^^^^^^^^^^
...
2031 |     pub fn quarantine_interact(&mut self, file_id: &str) {
     |            ^^^^^^^^^^^^^^^^^^^
...
2036 |     pub fn quarantine_interact_action(&mut self, file_id: &str, action: &str) {
     |            ^^^^^^^^^^^^^^^^^^^^^^^^^^
...
2058 |     pub fn quarantine_release(&mut self, file_id: &str) -> Result<std::path::PathBuf, String> {
     |            ^^^^^^^^^^^^^^^^^^
...
2137 |     pub fn start_secure_sync(&mut self) {
     |            ^^^^^^^^^^^^^^^^^
...
2162 |     pub fn register_family_device(&mut self, device_id: &str, name: &str, owner: &str) {
     |            ^^^^^^^^^^^^^^^^^^^^^^
...
2182 |     pub fn approve_device(&mut self, device_id: &str, approver_id: &str) {
     |            ^^^^^^^^^^^^^^
...
2190 |     pub fn login_user(&mut self, username: &str, device_id: &str) {
     |            ^^^^^^^^^^
...
2202 |     pub fn handle_popup_request(&mut self, target_url: &str, width: Option<u32>, height: Option<u32>, user_gesture: bool) -> bool {
     |            ^^^^^^^^^^^^^^^^^^^^

warning: fields `pending_timers` and `next_timer_id` are never read
  --> src\script_engine.rs:16:5
   |
12 | pub struct ScriptEngine {
   |            ------------ fields in this struct
...
16 |     pending_timers: Vec<Timer>,
   |     ^^^^^^^^^^^^^^
17 |     next_timer_id: u32,
   |     ^^^^^^^^^^^^^

warning: field `document` is never read
  --> src\script_engine.rs:48:5
   |
47 | struct DocumentBridge {
   |        -------------- field in this struct
48 |     document: *const Document,
   |     ^^^^^^^^

warning: multiple associated items are never used
   --> src\script_engine.rs:64:12
    |
 51 | impl ScriptEngine {
    | ----------------- associated items in this implementation
...
 64 |     pub fn validate_syntax(source: &str) -> Result<usize, String> {
    |            ^^^^^^^^^^^^^^^
...
 79 |     pub fn parse_to_ast(source: &str) -> Result<Vec<Stmt>, String> {
    |            ^^^^^^^^^^^^
...
 85 |     pub fn describe_expression(expr: &Expr) -> String {
    |            ^^^^^^^^^^^^^^^^^^^
...
210 |     pub fn get_console_output(&self) -> Vec<String> {
    |            ^^^^^^^^^^^^^^^^^^
...
219 |     pub fn has_dom_changes(&self) -> bool {
    |            ^^^^^^^^^^^^^^^
...
223 |     pub fn take_timers(&mut self) -> Vec<Timer> {
    |            ^^^^^^^^^^^
...
227 |     pub fn add_timer(&mut self, callback: String, delay_ms: u64, repeat: bool) -> u32 {
    |            ^^^^^^^^^
...
241 |     pub fn get_timer_callback(&self, id: u32) -> Option<Value> {
    |            ^^^^^^^^^^^^^^^^^^
...
284 |     pub fn fire_window_event(&mut self, event_type: &str, event: Value) -> Vec<Result<Value, String>> {
    |            ^^^^^^^^^^^^^^^^^

warning: function `get_node_from_value` is never used
   --> src\script_engine.rs:504:4
    |
504 | fn get_node_from_value(val: &Value) -> Option<NodeRef> {
    |    ^^^^^^^^^^^^^^^^^^^

warning: method `description` is never used
  --> src\sandbox\mod.rs:74:12
   |
61 | impl TrustLevel {
   | --------------- method in this implementation
...
74 |     pub fn description(&self) -> &'static str {
   |            ^^^^^^^^^^^

warning: fields `id`, `origin`, `content_type`, `violations`, `created_at`, and `last_interaction` are never read
  --> src\sandbox\mod.rs:88:9
   |
87 | pub struct SecurityContext {
   |            --------------- fields in this struct
88 |     pub id: String,
   |         ^^
89 |     pub origin: String,
   |         ^^^^^^
90 |     pub content_type: ContentType,
   |         ^^^^^^^^^^^^
...
93 |     pub violations: Vec<Violation>,
   |         ^^^^^^^^^^
94 |     pub created_at: Instant,
   |         ^^^^^^^^^^
95 |     pub last_interaction: Option<Instant>,
   |         ^^^^^^^^^^^^^^^^
   |
   = note: `SecurityContext` has derived impls for the traits `Clone` and `Debug`, but these are intentionally ignored during dead code analysis

warning: fields `action` and `timestamp` are never read
   --> src\sandbox\mod.rs:110:9
    |
109 | pub struct InteractionRecord {
    |            ----------------- fields in this struct
110 |     pub action: InteractionType,
    |         ^^^^^^
111 |     pub timestamp: Instant,
    |         ^^^^^^^^^
    |
    = note: `InteractionRecord` has derived impls for the traits `Clone` and `Debug`, but these are intentionally ignored during dead code analysis

warning: variants `Acknowledge`, `Review`, `Approve`, `Execute`, and `Deny` are never constructed
   --> src\sandbox\mod.rs:116:5
    |
115 | pub enum InteractionType {
    |          --------------- variants in this enum
116 |     Acknowledge,
    |     ^^^^^^^^^^^
117 |     Review,
    |     ^^^^^^
118 |     Approve,
    |     ^^^^^^^
119 |     Execute,
    |     ^^^^^^^
120 |     Deny,
    |     ^^^^
    |
    = note: `InteractionType` has derived impls for the traits `Clone` and `Debug`, but these are intentionally ignored during dead code analysis

warning: fields `description`, `severity`, and `timestamp` are never read
   --> src\sandbox\mod.rs:125:9
    |
124 | pub struct Violation {
    |            --------- fields in this struct
125 |     pub description: String,
    |         ^^^^^^^^^^^
126 |     pub severity: ViolationSeverity,
    |         ^^^^^^^^
127 |     pub timestamp: Instant,
    |         ^^^^^^^^^
    |
    = note: `Violation` has derived impls for the traits `Clone` and `Debug`, but these are intentionally ignored during dead code analysis

warning: associated function `from_extension` is never used
   --> src\sandbox\mod.rs:140:12
    |
138 | impl ContentType {
    | ---------------- associated function in this implementation
139 |     /// Classify content by file extension or MIME prefix
140 |     pub fn from_extension(ext: &str) -> Self {
    |            ^^^^^^^^^^^^^^

warning: associated items `record_interaction`, `record_violation`, `meets_time_requirement`, `interaction_for`, and `describe` are never used
   --> src\sandbox\mod.rs:172:12
    |
151 | impl SecurityContext {
    | -------------------- associated items in this implementation
...
172 |     pub fn record_interaction(&mut self, action: InteractionType) {
    |            ^^^^^^^^^^^^^^^^^^
...
208 |     pub fn record_violation(&mut self, description: &str, severity: ViolationSeverity) {
    |            ^^^^^^^^^^^^^^^^
...
228 |     pub fn meets_time_requirement(&self) -> bool {
    |            ^^^^^^^^^^^^^^^^^^^^^^
...
233 |     pub fn interaction_for(action: &str) -> InteractionType {
    |            ^^^^^^^^^^^^^^^
...
245 |     pub fn describe(&self) -> String {
    |            ^^^^^^^^

warning: fields `security`, `warnings`, and `data` are never read
  --> src\sandbox\quarantine.rs:49:9
   |
42 | pub struct QuarantinedFile {
   |            --------------- fields in this struct
...
49 |     pub security: SecurityContext,
   |         ^^^^^^^^
50 |     pub warnings: Vec<Warning>,
   |         ^^^^^^^^
51 |     pub data: Vec<u8>,  // File contents in memory (plaintext)
   |         ^^^^
   |
   = note: `QuarantinedFile` has derived impls for the traits `Clone` and `Debug`, but these are intentionally ignored during dead code analysis

warning: associated items `new`, `analyze`, `max_warning_level`, `interact`, `can_release`, and `release` are never used
   --> src\sandbox\quarantine.rs:73:12
    |
 72 | impl QuarantinedFile {
    | -------------------- associated items in this implementation
 73 |     pub fn new(
    |            ^^^
...
104 |     fn analyze(&mut self) {
    |        ^^^^^^^
...
223 |     pub fn max_warning_level(&self) -> WarningLevel {
    |            ^^^^^^^^^^^^^^^^^
...
236 |     pub fn interact(&mut self, action: InteractionType) {
    |            ^^^^^^^^
...
241 |     pub fn can_release(&self) -> ReleaseStatus {
    |            ^^^^^^^^^^^
...
273 |     pub fn release(&mut self, destination: PathBuf, key: Option<&crate::crypto::EncryptionKey>) -> Result<PathBuf, String> {
    |            ^^^^^^^

warning: methods `encrypt_with` and `decrypt_with` are never used
   --> src\sandbox\quarantine.rs:348:12
    |
342 | impl QuarantinedFile {
    | -------------------- methods in this implementation
...
348 |     pub fn encrypt_with(&mut self, key: &crate::crypto::EncryptionKey) -> Result<(), String> {
    |            ^^^^^^^^^^^^
...
357 |     pub fn decrypt_with(&self, key: &crate::crypto::EncryptionKey) -> Result<Vec<u8>, String> {
    |            ^^^^^^^^^^^^

warning: function `mark_as_downloaded` is never used
   --> src\sandbox\quarantine.rs:367:4
    |
367 | fn mark_as_downloaded(path: &std::path::Path, source_url: &str) -> Result<(), String> {
    |    ^^^^^^^^^^^^^^^^^^

warning: enum `ReleaseStatus` is never used
   --> src\sandbox\quarantine.rs:404:10
    |
404 | pub enum ReleaseStatus {
    |          ^^^^^^^^^^^^^

warning: methods `get`, `get_mut`, `remove`, and `total_size` are never used
   --> src\sandbox\quarantine.rs:432:12
    |
417 | impl Quarantine {
    | --------------- methods in this implementation
...
432 |     pub fn get(&self, id: &str) -> Option<&QuarantinedFile> {
    |            ^^^
...
437 |     pub fn get_mut(&mut self, id: &str) -> Option<&mut QuarantinedFile> {
    |            ^^^^^^^
...
447 |     pub fn remove(&mut self, id: &str) -> Option<QuarantinedFile> {
    |            ^^^^^^
...
452 |     pub fn total_size(&self) -> usize {
    |            ^^^^^^^^^^

warning: function `compute_sha256` is never used
   --> src\sandbox\quarantine.rs:458:4
    |
458 | fn compute_sha256(data: &[u8]) -> String {
    |    ^^^^^^^^^^^^^^

warning: function `generate_quarantine_id` is never used
   --> src\sandbox\quarantine.rs:469:4
    |
469 | fn generate_quarantine_id(_filename: &str, hash: &str) -> String {
    |    ^^^^^^^^^^^^^^^^^^^^^^

warning: methods `can_request_notifications`, `can_request_geolocation`, `can_autoplay_audio`, and `can_go_fullscreen` are never used
  --> src\sandbox\page.rs:56:12
   |
47 | impl PageTrust {
   | -------------- methods in this implementation
...
56 |     pub fn can_request_notifications(&self) -> bool {
   |            ^^^^^^^^^^^^^^^^^^^^^^^^^
...
65 |     pub fn can_request_geolocation(&self) -> bool {
   |            ^^^^^^^^^^^^^^^^^^^^^^^
...
69 |     pub fn can_autoplay_audio(&self) -> bool {
   |            ^^^^^^^^^^^^^^^^^^
...
73 |     pub fn can_go_fullscreen(&self) -> bool {
   |            ^^^^^^^^^^^^^^^^^

warning: fields `x`, `y`, and `timestamp` are never read
  --> src\sandbox\page.rs:82:9
   |
81 |     Click {
   |     ----- fields in this variant
82 |         x: i32,
   |         ^
83 |         y: i32,
   |         ^
...
87 |         timestamp: Instant,
   |         ^^^^^^^^^
   |
   = note: `Interaction` has derived impls for the traits `Clone` and `Debug`, but these are intentionally ignored during dead code analysis

warning: field `timestamp` is never read
  --> src\sandbox\page.rs:97:9
   |
94 |     Scroll {
   |     ------ field in this variant
...
97 |         timestamp: Instant,
   |         ^^^^^^^^^
   |
   = note: `Interaction` has derived impls for the traits `Clone` and `Debug`, but these are intentionally ignored during dead code analysis

warning: variants `KeyboardInput` and `FormSubmit` are never constructed
  --> src\sandbox\page.rs:89:5
   |
80 | pub enum Interaction {
   |          ----------- variants in this enum
...
89 |     KeyboardInput {
   |     ^^^^^^^^^^^^^
...
99 |     FormSubmit {
   |     ^^^^^^^^^^
   |
   = note: `Interaction` has derived impls for the traits `Clone` and `Debug`, but these are intentionally ignored during dead code analysis

warning: fields `url` and `blocked_actions` are never read
   --> src\sandbox\page.rs:151:9
    |
150 | pub struct PageSandbox {
    |            ----------- fields in this struct
151 |     pub url: String,
    |         ^^^
...
157 |     pub blocked_actions: Vec<BlockedAction>,
    |         ^^^^^^^^^^^^^^^
    |
    = note: `PageSandbox` has a derived impl for the trait `Debug`, but this is intentionally ignored during dead code analysis

warning: fields `action`, `reason`, and `timestamp` are never read
   --> src\sandbox\page.rs:162:9
    |
161 | pub struct BlockedAction {
    |            ------------- fields in this struct
162 |     pub action: String,
    |         ^^^^^^
163 |     pub reason: String,
    |         ^^^^^^
164 |     pub timestamp: Instant,
    |         ^^^^^^^^^
    |
    = note: `BlockedAction` has derived impls for the traits `Clone` and `Debug`, but these are intentionally ignored during dead code analysis

warning: method `check_permission` is never used
   --> src\sandbox\page.rs:200:12
    |
167 | impl PageSandbox {
    | ---------------- method in this implementation
...
200 |     pub fn check_permission(&mut self, action: &str) -> bool {
    |            ^^^^^^^^^^^^^^^^

warning: methods `get_mut` and `check` are never used
   --> src\sandbox\page.rs:272:12
    |
254 | impl SandboxManager {
    | ------------------- methods in this implementation
...
272 |     pub fn get_mut(&mut self, tab_id: u64) -> Option<&mut PageSandbox> {
    |            ^^^^^^^
...
289 |     pub fn check(&mut self, tab_id: u64, action: &str) -> bool {
    |            ^^^^^

warning: constant `OAUTH_DOMAINS` is never used
  --> src\sandbox\popup.rs:27:7
   |
27 | const OAUTH_DOMAINS: &[&str] = &[
   |       ^^^^^^^^^^^^^

warning: constant `CAPTCHA_DOMAINS` is never used
  --> src\sandbox\popup.rs:42:7
   |
42 | const CAPTCHA_DOMAINS: &[&str] = &[
   |       ^^^^^^^^^^^^^^^

warning: constant `PAYMENT_DOMAINS` is never used
  --> src\sandbox\popup.rs:51:7
   |
51 | const PAYMENT_DOMAINS: &[&str] = &[
   |       ^^^^^^^^^^^^^^^

warning: fields `source_url`, `target_url`, `width`, `height`, `user_gesture`, and `timestamp` are never read
  --> src\sandbox\popup.rs:63:9
   |
62 | pub struct PopupRequest {
   |            ------------ fields in this struct
63 |     pub source_url: String,
   |         ^^^^^^^^^^
64 |     pub target_url: String,
   |         ^^^^^^^^^^
65 |     pub width: Option<u32>,
   |         ^^^^^
66 |     pub height: Option<u32>,
   |         ^^^^^^
67 |     pub user_gesture: bool,
   |         ^^^^^^^^^^^^
68 |     pub timestamp: Instant,
   |         ^^^^^^^^^
   |
   = note: `PopupRequest` has derived impls for the traits `Clone` and `Debug`, but these are intentionally ignored during dead code analysis

warning: enum `PopupDecision` is never used
  --> src\sandbox\popup.rs:73:10
   |
73 | pub enum PopupDecision {
   |          ^^^^^^^^^^^^^

warning: fields `request`, `reason`, and `timestamp` are never read
  --> src\sandbox\popup.rs:82:9
   |
81 | pub struct BlockedPopup {
   |            ------------ fields in this struct
82 |     pub request: PopupRequest,
   |         ^^^^^^^
83 |     pub reason: String,
   |         ^^^^^^
84 |     pub timestamp: Instant,
   |         ^^^^^^^^^
   |
   = note: `BlockedPopup` has derived impls for the traits `Clone` and `Debug`, but these are intentionally ignored during dead code analysis

warning: fields `recent_attempts`, `blocked`, and `session_allowed` are never read
  --> src\sandbox\popup.rs:91:5
   |
89 | pub struct PopupHandler {
   |            ------------ fields in this struct
90 |     /// Recent popup attempts (for rate limiting)
91 |     recent_attempts: VecDeque<Instant>,
   |     ^^^^^^^^^^^^^^^
92 |     /// Blocked popups (user can review)
93 |     blocked: Vec<BlockedPopup>,
   |     ^^^^^^^
94 |     /// User-allowed domains for this session
95 |     session_allowed: Vec<String>,
   |     ^^^^^^^^^^^^^^^
   |
   = note: `PopupHandler` has a derived impl for the trait `Debug`, but this is intentionally ignored during dead code analysis

warning: multiple methods are never used
   --> src\sandbox\popup.rs:121:12
    |
100 | impl PopupHandler {
    | ----------------- methods in this implementation
...
121 |     pub fn evaluate(&mut self, request: &PopupRequest) -> PopupDecision {
    |            ^^^^^^^^
...
223 |     pub fn handle(&mut self, request: PopupRequest, decision: &PopupDecision) -> bool {
    |            ^^^^^^
...
248 |     pub fn allow_domain(&mut self, domain: &str) {
    |            ^^^^^^^^^^^^
...
255 |     pub fn blocked_count(&self) -> usize {
    |            ^^^^^^^^^^^^^
...
260 |     pub fn recent_blocked(&self) -> &[BlockedPopup] {
    |            ^^^^^^^^^^^^^^
...
265 |     pub fn clear_blocked(&mut self) {
    |            ^^^^^^^^^^^^^
...
270 |     pub fn allow_blocked(&mut self, index: usize) -> Option<PopupRequest> {
    |            ^^^^^^^^^^^^^

warning: function `extract_domain` is never used
   --> src\sandbox\popup.rs:289:4
    |
289 | fn extract_domain(url: &str) -> String {
    |    ^^^^^^^^^^^^^^

warning: method `block_host` is never used
   --> src\sandbox\network.rs:125:12
    |
 62 | impl NetworkSandbox {
    | ------------------- method in this implementation
...
125 |     pub fn block_host(&mut self, host: &str) {
    |            ^^^^^^^^^^

warning: field `created` is never read
  --> src\cookies.rs:23:9
   |
13 | pub struct Cookie {
   |            ------ field in this struct
...
23 |     pub created: DateTime<Utc>,
   |         ^^^^^^^
   |
   = note: `Cookie` has derived impls for the traits `Clone` and `Debug`, but these are intentionally ignored during dead code analysis

warning: method `to_set_cookie` is never used
   --> src\cookies.rs:170:12
    |
 37 | impl Cookie {
    | ----------- method in this implementation
...
170 |     pub fn to_set_cookie(&self) -> String {
    |            ^^^^^^^^^^^^^

warning: methods `get`, `remove`, `clear_domain`, `clear`, `len`, and `is_empty` are never used
   --> src\cookies.rs:228:12
    |
204 | impl CookieJar {
    | -------------- methods in this implementation
...
228 |     pub fn get(&self, domain: &str, name: &str) -> Option<&Cookie> {
    |            ^^^
...
297 |     pub fn remove(&mut self, domain: &str, name: &str, path: &str) {
    |            ^^^^^^
...
304 |     pub fn clear_domain(&mut self, domain: &str) {
    |            ^^^^^^^^^^^^
...
309 |     pub fn clear(&mut self) {
    |            ^^^^^
...
324 |     pub fn len(&self) -> usize {
    |            ^^^
...
328 |     pub fn is_empty(&self) -> bool {
    |            ^^^^^^^^

warning: function `set_cookie` is never used
   --> src\cookies.rs:345:8
    |
345 | pub fn set_cookie(cookie: Cookie) {
    |        ^^^^^^^^^^

warning: field `key_pair` is never read
   --> src\crypto.rs:108:5
    |
107 | pub struct UserIdentity {
    |            ------------ field in this struct
108 |     key_pair: Ed25519KeyPair,
    |     ^^^^^^^^

warning: associated items `public_key`, `sign`, and `verify` are never used
   --> src\crypto.rs:127:12
    |
112 | impl UserIdentity {
    | ----------------- associated items in this implementation
...
127 |     pub fn public_key(&self) -> &[u8] {
    |            ^^^^^^^^^^
...
137 |     pub fn sign(&self, message: &[u8]) -> Vec<u8> {
    |            ^^^^
...
142 |     pub fn verify(public_key: &[u8], message: &[u8], signature: &[u8]) -> bool {
    |            ^^^^^^

warning: methods `encrypt` and `decrypt` are never used
   --> src\crypto.rs:160:12
    |
153 | impl EncryptionKey {
    | ------------------ methods in this implementation
...
160 |     pub fn encrypt(&self, plaintext: &[u8]) -> Result<Vec<u8>, String> {
    |            ^^^^^^^
...
178 |     pub fn decrypt(&self, data: &[u8]) -> Result<Vec<u8>, String> {
    |            ^^^^^^^

warning: method `as_str` is never used
   --> src\crypto.rs:242:12
    |
236 | impl DeviceId {
    | ------------- method in this implementation
...
242 |     pub fn as_str(&self) -> &str {
    |            ^^^^^^

warning: method `verify` is never used
   --> src\crypto.rs:278:12
    |
263 | impl RecoveryKey {
    | ---------------- method in this implementation
...
278 |     pub fn verify(&self, provided: &str) -> bool {
    |            ^^^^^^

warning: method `requires_pin` is never used
   --> src\crypto.rs:414:12
    |
313 | impl UserCrypto {
    | --------------- method in this implementation
...
414 |     pub fn requires_pin(&self) -> bool {
    |            ^^^^^^^^^^^^

warning: associated function `from_str` is never used
  --> src\rest_client.rs:43:12
   |
30 | impl Method {
   | ----------- associated function in this implementation
...
43 |     pub fn from_str(s: &str) -> Option<Self> {
   |            ^^^^^^^^

warning: associated function `from_mime` is never used
  --> src\rest_client.rs:73:12
   |
71 | impl ContentType {
   | ---------------- associated function in this implementation
72 |     /// Build a ContentType from a MIME string
73 |     pub fn from_mime(mime: &str) -> Self {
   |            ^^^^^^^^^

warning: associated function `new` is never used
   --> src\rest_client.rs:124:12
    |
113 | impl SavedRequest {
    | ----------------- associated function in this implementation
...
124 |     pub fn new(name: &str, method: Method, url: &str) -> Self {
    |            ^^^

warning: associated items `new` and `add_request` are never used
   --> src\rest_client.rs:156:12
    |
149 | impl RequestCollection {
    | ---------------------- associated items in this implementation
...
156 |     pub fn new(name: &str) -> Self {
    |            ^^^
...
165 |     pub fn add_request(&mut self, request: SavedRequest) {
    |            ^^^^^^^^^^^

warning: field `body` is never read
   --> src\rest_client.rs:176:9
    |
172 | pub struct RestResponse {
    |            ------------ field in this struct
...
176 |     pub body: Vec<u8>,
    |         ^^^^
    |
    = note: `RestResponse` has derived impls for the traits `Clone` and `Debug`, but these are intentionally ignored during dead code analysis

warning: methods `execute`, `load_request`, `clear`, `add_header`, `remove_header`, and `toggle_header` are never used
   --> src\rest_client.rs:287:12
    |
253 | impl RestClient {
    | --------------- methods in this implementation
...
287 |     pub fn execute(&mut self) {
    |            ^^^^^^^
...
432 |     pub fn load_request(&mut self, request: &SavedRequest) {
    |            ^^^^^^^^^^^^
...
445 |     pub fn clear(&mut self) {
    |            ^^^^^
...
458 |     pub fn add_header(&mut self, name: &str, value: &str) {
    |            ^^^^^^^^^^
...
463 |     pub fn remove_header(&mut self, index: usize) {
    |            ^^^^^^^^^^^^^
...
470 |     pub fn toggle_header(&mut self, index: usize) {
    |            ^^^^^^^^^^^^^

warning: method `save_to_collection` is never used
   --> src\rest_client.rs:556:12
    |
534 | impl RestClient {
    | --------------- method in this implementation
...
556 |     pub fn save_to_collection(&mut self, collection_name: &str) {
    |            ^^^^^^^^^^^^^^^^^^

warning: function `uuid_v4` is never used
   --> src\rest_client.rs:583:4
    |
583 | fn uuid_v4() -> String {
    |    ^^^^^^^

warning: variants `Null`, `Bool`, `Number`, `String`, `Array`, and `Object` are never constructed
  --> src\json_viewer.rs:14:5
   |
13 | pub enum JsonValue {
   |          --------- variants in this enum
14 |     Null,
   |     ^^^^
15 |     Bool(bool),
   |     ^^^^
16 |     Number(f64),
   |     ^^^^^^
17 |     String(String),
   |     ^^^^^^
18 |     Array(Vec<JsonValue>),
   |     ^^^^^
19 |     Object(Vec<(String, JsonValue)>),  // Preserves order
   |     ^^^^^^
   |
   = note: `JsonValue` has derived impls for the traits `Clone` and `Debug`, but these are intentionally ignored during dead code analysis

warning: multiple associated items are never used
   --> src\json_viewer.rs:24:12
    |
 22 | impl JsonValue {
    | -------------- associated items in this implementation
 23 |     /// Parse JSON from string
 24 |     pub fn parse(s: &str) -> Result<JsonValue, String> {
    |            ^^^^^
...
 34 |     fn parse_value(s: &str) -> Result<(JsonValue, &str), String> {
    |        ^^^^^^^^^^^
...
 54 |     fn parse_null(s: &str) -> Result<(JsonValue, &str), String> {
    |        ^^^^^^^^^^
...
 62 |     fn parse_bool(s: &str) -> Result<(JsonValue, &str), String> {
    |        ^^^^^^^^^^
...
 72 |     fn parse_number(s: &str) -> Result<(JsonValue, &str), String> {
    |        ^^^^^^^^^^^^
...
 93 |     fn parse_string(s: &str) -> Result<(JsonValue, &str), String> {
    |        ^^^^^^^^^^^^
...
144 |     fn parse_array(s: &str) -> Result<(JsonValue, &str), String> {
    |        ^^^^^^^^^^^
...
171 |     fn parse_object(s: &str) -> Result<(JsonValue, &str), String> {
    |        ^^^^^^^^^^^^
...
214 |     pub fn pretty_print(&self, indent: usize) -> String {
    |            ^^^^^^^^^^^^
...
276 |     fn is_simple_array(&self) -> bool {
    |        ^^^^^^^^^^^^^^^
...
285 |     fn escape_string(s: &str) -> String {
    |        ^^^^^^^^^^^^^
...
302 |     pub fn type_name(&self) -> &'static str {
    |            ^^^^^^^^^
...
314 |     pub fn child_count(&self) -> usize {
    |            ^^^^^^^^^^^

warning: struct `JsonTreeNode` is never constructed
   --> src\json_viewer.rs:325:12
    |
325 | pub struct JsonTreeNode {
    |            ^^^^^^^^^^^^

warning: associated items `new`, `with_key`, and `describe` are never used
   --> src\json_viewer.rs:334:12
    |
333 | impl JsonTreeNode {
    | ----------------- associated items in this implementation
334 |     pub fn new(value: JsonValue) -> Self {
    |            ^^^
...
344 |     pub fn with_key(mut self, key: String) -> Self {
    |            ^^^^^^^^
...
350 |     pub fn describe(&self) -> String {
    |            ^^^^^^^^

warning: fields `root`, `expanded_paths`, `selected_path`, `search_query`, `search_results`, and `current_search_index` are never read
   --> src\json_viewer.rs:364:9
    |
363 | pub struct JsonViewer {
    |            ---------- fields in this struct
364 |     pub root: Option<JsonValue>,
    |         ^^^^
365 |     pub expanded_paths: std::collections::HashSet<String>,
    |         ^^^^^^^^^^^^^^
366 |     pub selected_path: Option<String>,
    |         ^^^^^^^^^^^^^
367 |     pub search_query: String,
    |         ^^^^^^^^^^^^
368 |     pub search_results: Vec<String>,
    |         ^^^^^^^^^^^^^^
369 |     pub current_search_index: usize,
    |         ^^^^^^^^^^^^^^^^^^^^

warning: multiple methods are never used
   --> src\json_viewer.rs:385:12
    |
372 | impl JsonViewer {
    | --------------- methods in this implementation
...
385 |     pub fn load(&mut self, json: &str) -> Result<(), String> {
    |            ^^^^
...
395 |     pub fn toggle_expand(&mut self, path: &str) {
    |            ^^^^^^^^^^^^^
...
404 |     pub fn expand_all(&mut self) {
    |            ^^^^^^^^^^
...
410 |     fn expand_recursive(&mut self, value: &JsonValue, path: String) {
    |        ^^^^^^^^^^^^^^^^
...
428 |     pub fn collapse_all(&mut self) {
    |            ^^^^^^^^^^^^
...
434 |     pub fn search(&mut self, query: &str) {
    |            ^^^^^^
...
449 |     fn search_recursive(&mut self, value: &JsonValue, path: String, query: &str) {
    |        ^^^^^^^^^^^^^^^^
...
475 |     pub fn next_result(&mut self) {
    |            ^^^^^^^^^^^
...
487 |     pub fn prev_result(&mut self) {
    |            ^^^^^^^^^^^
...
501 |     fn expand_path_to(&mut self, path: &str) {
    |        ^^^^^^^^^^^^^^
...
516 |     pub fn copy_value(&self, path: &str) -> Option<String> {
    |            ^^^^^^^^^^
...
525 |     fn get_value_at_path(&self, path: &str) -> Option<&JsonValue> {
    |        ^^^^^^^^^^^^^^^^^

warning: method `describe` is never used
   --> src\json_viewer.rs:560:12
    |
558 | impl JsonViewer {
    | --------------- method in this implementation
559 |     /// Summary for diagnostics - wires next_result, prev_result, copy_value, expand_all, collapse_all
560 |     pub fn describe(&mut self) -> String {
    |            ^^^^^^^^

warning: struct `JsonColors` is never constructed
   --> src\json_viewer.rs:596:12
    |
596 | pub struct JsonColors {
    |            ^^^^^^^^^^

warning: method `describe` is never used
   --> src\json_viewer.rs:609:12
    |
607 | impl JsonColors {
    | --------------- method in this implementation
608 |     /// Summary for diagnostics - reads all fields
609 |     pub fn describe(&self) -> String {
    |            ^^^^^^^^

warning: fields `background`, `variable`, `constant`, `attribute`, `tag`, and `property` are never read
  --> src\syntax.rs:13:9
   |
12 | pub struct SyntaxTheme {
   |            ----------- fields in this struct
13 |     pub background: Color,
   |         ^^^^^^^^^^
...
23 |     pub variable: Color,
   |         ^^^^^^^^
24 |     pub constant: Color,
   |         ^^^^^^^^
25 |     pub attribute: Color,
   |         ^^^^^^^^^
26 |     pub tag: Color,
   |         ^^^
27 |     pub property: Color,
   |         ^^^^^^^^
   |
   = note: `SyntaxTheme` has derived impls for the traits `Clone` and `Debug`, but these are intentionally ignored during dead code analysis

warning: associated functions `github_light` and `dracula` are never used
  --> src\syntax.rs:53:12
   |
30 | impl SyntaxTheme {
   | ---------------- associated functions in this implementation
...
53 |     pub fn github_light() -> Self {
   |            ^^^^^^^^^^^^
...
74 |     pub fn dracula() -> Self {
   |            ^^^^^^^

warning: associated function `from_name` is never used
  --> src\syntax.rs:97:12
   |
95 | impl SyntaxTheme {
   | ---------------- associated function in this implementation
96 |     /// Select theme by name
97 |     pub fn from_name(name: &str) -> Self {
   |            ^^^^^^^^^

warning: variants `Constant`, `Attribute`, `Tag`, and `Property` are never constructed
   --> src\syntax.rs:124:5
    |
114 | pub enum TokenType {
    |          --------- variants in this enum
...
124 |     Constant,
    |     ^^^^^^^^
125 |     Attribute,
    |     ^^^^^^^^^
126 |     Tag,
    |     ^^^
127 |     Property,
    |     ^^^^^^^^
    |
    = note: `TokenType` has derived impls for the traits `Clone` and `Debug`, but these are intentionally ignored during dead code analysis

warning: field `token_type` is never read
   --> src\syntax.rs:135:9
    |
133 | pub struct HighlightToken {
    |            -------------- field in this struct
134 |     pub text: String,
135 |     pub token_type: TokenType,
    |         ^^^^^^^^^^
    |
    = note: `HighlightToken` has derived impls for the traits `Clone` and `Debug`, but these are intentionally ignored during dead code analysis

warning: variants `Json`, `Markdown`, and `Plain` are never constructed
   --> src\syntax.rs:148:5
    |
141 | pub enum Language {
    |          -------- variants in this enum
...
148 |     Json,
    |     ^^^^
149 |     Markdown,
    |     ^^^^^^^^
150 |     Plain,
    |     ^^^^^
    |
    = note: `Language` has derived impls for the traits `Clone` and `Debug`, but these are intentionally ignored during dead code analysis

warning: associated function `from_annotation` is never used
   --> src\syntax.rs:155:12
    |
153 | impl Language {
    | ------------- associated function in this implementation
154 |     /// Detect language from file extension or code block annotation
155 |     pub fn from_annotation(s: &str) -> Self {
    |            ^^^^^^^^^^^^^^^

warning: methods `set_theme`, `color_for`, `background`, `apply_theme`, and `describe` are never used
   --> src\syntax.rs:223:12
    |
176 | impl SyntaxHighlighter {
    | ---------------------- methods in this implementation
...
223 |     pub fn set_theme(&mut self, theme: SyntaxTheme) {
    |            ^^^^^^^^^
...
384 |     pub fn color_for(&self, token_type: TokenType) -> Color {
    |            ^^^^^^^^^
...
403 |     pub fn background(&self) -> Color {
    |            ^^^^^^^^^^
...
408 |     pub fn apply_theme(&mut self, name: &str) {
    |            ^^^^^^^^^^^
...
413 |     pub fn describe(&self) -> String {
    |            ^^^^^^^^

warning: enum `MdBlock` is never used
  --> src\markdown.rs:11:10
   |
11 | pub enum MdBlock {
   |          ^^^^^^^

warning: enum `MdInline` is never used
  --> src\markdown.rs:24:10
   |
24 | pub enum MdInline {
   |          ^^^^^^^^

warning: struct `MarkdownParser` is never constructed
  --> src\markdown.rs:35:12
   |
35 | pub struct MarkdownParser;
   |            ^^^^^^^^^^^^^^

warning: associated functions `parse_to_text`, `parse`, and `parse_inline` are never used
   --> src\markdown.rs:39:12
    |
 37 | impl MarkdownParser {
    | ------------------- associated functions in this implementation
 38 |     /// Parse and render markdown to plaintext, wiring render_to_text
 39 |     pub fn parse_to_text(input: &str) -> String {
    |            ^^^^^^^^^^^^^
...
 44 |     pub fn parse(input: &str) -> Vec<MdBlock> {
    |            ^^^^^
...
205 |     fn parse_inline(input: &str) -> Vec<MdInline> {
    |        ^^^^^^^^^^^^

warning: struct `MdStyle` is never constructed
   --> src\markdown.rs:377:12
    |
377 | pub struct MdStyle {
    |            ^^^^^^^

warning: method `describe` is never used
   --> src\markdown.rs:389:12
    |
387 | impl MdStyle {
    | ------------ method in this implementation
388 |     /// Summary for diagnostics - reads all fields
389 |     pub fn describe(&self) -> String {
    |            ^^^^^^^^

warning: function `render_to_text` is never used
   --> src\markdown.rs:425:8
    |
425 | pub fn render_to_text(blocks: &[MdBlock]) -> String {
    |        ^^^^^^^^^^^^^^

warning: function `inline_to_text` is never used
   --> src\markdown.rs:497:4
    |
497 | fn inline_to_text(inlines: &[MdInline]) -> String {
    |    ^^^^^^^^^^^^^^

warning: constant `ALL_FINGERPRINT_SURFACES` is never used
  --> src\poisoning.rs:74:11
   |
74 | pub const ALL_FINGERPRINT_SURFACES: &[&str] = &[
   |           ^^^^^^^^^^^^^^^^^^^^^^^^

warning: fields `last_failure` and `failure_count` are never read
   --> src\poisoning.rs:128:9
    |
127 | pub struct BreakageRecord {
    |            -------------- fields in this struct
128 |     pub last_failure: Instant,
    |         ^^^^^^^^^^^^
129 |     pub failure_count: u32,
    |         ^^^^^^^^^^^^^
    |
    = note: `BreakageRecord` has derived impls for the traits `Clone` and `Debug`, but these are intentionally ignored during dead code analysis

warning: multiple associated items are never used
   --> src\poisoning.rs:165:12
    |
152 | impl PoisoningEngine {
    | -------------------- associated items in this implementation
...
165 |     pub fn set_mode(&mut self, mode: PoisonMode) {
    |            ^^^^^^^^
...
169 |     pub fn disable_for_domain(&mut self, domain: &str) {
    |            ^^^^^^^^^^^^^^^^^^
...
173 |     pub fn enable_for_domain(&mut self, domain: &str) {
    |            ^^^^^^^^^^^^^^^^^
...
210 |     pub fn record_breakage(&mut self, url: &str, reason: &str) {
    |            ^^^^^^^^^^^^^^^
...
238 |     pub fn clear_breakage(&mut self, domain: &str) {
    |            ^^^^^^^^^^^^^^
...
243 |     pub fn auto_disabled_domains(&self) -> Vec<String> {
    |            ^^^^^^^^^^^^^^^^^^^^^
...
283 |     pub fn poison_all_surfaces(&self, js: &mut JsInterpreter, mode: PoisonMode) -> Result<Value, String> {
    |            ^^^^^^^^^^^^^^^^^^^
...
684 |     pub fn surface_count() -> usize {
    |            ^^^^^^^^^^^^^

warning: fields `rng`, `mouse`, `scroll`, and `typing` are never read
  --> src\behavioral_mimicry.rs:33:5
   |
32 | pub struct BehavioralMimic {
   |            --------------- fields in this struct
33 |     rng: StdRng,
   |     ^^^
34 |     mouse: MouseSimulator,
   |     ^^^^^
35 |     scroll: ScrollSimulator,
   |     ^^^^^^
36 |     typing: TypingSimulator,
   |     ^^^^^^
   |
   = note: `BehavioralMimic` has derived impls for the traits `Clone` and `Debug`, but these are intentionally ignored during dead code analysis

warning: fields `last_pos`, `path_buffer`, and `max_path_len` are never read
  --> src\behavioral_mimicry.rs:41:5
   |
40 | struct MouseSimulator {
   |        -------------- fields in this struct
41 |     last_pos: (f32, f32),
   |     ^^^^^^^^
42 |     path_buffer: VecDeque<(f32, f32, Instant)>,
   |     ^^^^^^^^^^^
43 |     max_path_len: usize,
   |     ^^^^^^^^^^^^
   |
   = note: `MouseSimulator` has derived impls for the traits `Clone` and `Debug`, but these are intentionally ignored during dead code analysis

warning: fields `current_velocity` and `inertia_factor` are never read
  --> src\behavioral_mimicry.rs:48:5
   |
47 | struct ScrollSimulator {
   |        --------------- fields in this struct
48 |     current_velocity: f32,
   |     ^^^^^^^^^^^^^^^^
49 |     inertia_factor: f32,
   |     ^^^^^^^^^^^^^^
   |
   = note: `ScrollSimulator` has derived impls for the traits `Clone` and `Debug`, but these are intentionally ignored during dead code analysis

warning: fields `next_char_time`, `base_delay_ms`, `jitter_ms`, `backspace_prob`, `current_index`, and `backspace_pending` are never read
  --> src\behavioral_mimicry.rs:54:5
   |
53 | struct TypingSimulator {
   |        --------------- fields in this struct
54 |     next_char_time: Instant,
   |     ^^^^^^^^^^^^^^
55 |     base_delay_ms: u64,
   |     ^^^^^^^^^^^^^
56 |     jitter_ms: u64,
   |     ^^^^^^^^^
57 |     backspace_prob: f32,
   |     ^^^^^^^^^^^^^^
58 |     /// Index into the current target string
59 |     current_index: usize,
   |     ^^^^^^^^^^^^^
60 |     /// Whether a backspace is pending (to simulate typo correction)
61 |     backspace_pending: bool,
   |     ^^^^^^^^^^^^^^^^^
   |
   = note: `TypingSimulator` has derived impls for the traits `Clone` and `Debug`, but these are intentionally ignored during dead code analysis

warning: multiple methods are never used
   --> src\behavioral_mimicry.rs:97:12
    |
 64 | impl BehavioralMimic {
    | -------------------- methods in this implementation
...
 97 |     pub fn mimic_mouse_move(&mut self, raw_dx: f32, raw_dy: f32) -> (f32, f32) {
    |            ^^^^^^^^^^^^^^^^
...
128 |     pub fn mouse_position(&self) -> (f32, f32) {
    |            ^^^^^^^^^^^^^^
...
138 |     pub fn mimic_scroll(&mut self, raw_delta_y: f32) -> f32 {
    |            ^^^^^^^^^^^^
...
151 |     pub fn scroll_velocity(&self) -> f32 {
    |            ^^^^^^^^^^^^^^^
...
164 |     pub fn mimic_typing(&mut self, target_text: &str) -> Option<char> {
    |            ^^^^^^^^^^^^
...
200 |     pub fn reset_typing(&mut self) {
    |            ^^^^^^^^^^^^
...
210 |     pub fn reset(&mut self, new_seed: u64) {
    |            ^^^^^

warning: field `mimic` is never read
   --> src\behavioral_mimicry.rs:257:5
    |
256 | pub struct TabInputHandler {
    |            --------------- field in this struct
257 |     mimic: BehavioralMimic,
    |     ^^^^^
    |
    = note: `TabInputHandler` has derived impls for the traits `Clone` and `Debug`, but these are intentionally ignored during dead code analysis

warning: multiple methods are never used
   --> src\behavioral_mimicry.rs:267:12
    |
260 | impl TabInputHandler {
    | -------------------- methods in this implementation
...
267 |     pub fn handle_mouse_move(&mut self, raw_dx: f32, raw_dy: f32) -> (f32, f32) {
    |            ^^^^^^^^^^^^^^^^^
...
271 |     pub fn handle_scroll(&mut self, raw_delta_y: f32) -> f32 {
    |            ^^^^^^^^^^^^^
...
275 |     pub fn handle_typing(&mut self, target: &str) -> Option<char> {
    |            ^^^^^^^^^^^^^
...
279 |     pub fn reset_typing(&mut self) {
    |            ^^^^^^^^^^^^
...
283 |     pub fn reset_mimic(&mut self, new_seed: u64) {
    |            ^^^^^^^^^^^
...
288 |     pub fn mimic(&self) -> &BehavioralMimic {
    |            ^^^^^
...
292 |     pub fn mimic_mut(&mut self) -> &mut BehavioralMimic {
    |            ^^^^^^^^^

warning: field `rng` is never read
  --> src\stealth_victories.rs:56:5
   |
53 | pub struct StealthVictories {
   |            ---------------- field in this struct
...
56 |     rng: Mutex<rand::rngs::ThreadRng>,
   |     ^^^

warning: multiple associated items are never used
   --> src\stealth_victories.rs:131:12
    |
 59 | impl StealthVictories {
    | --------------------- associated items in this implementation
...
131 |     pub fn honey_pot_redirect(&self, url: &str) -> bool {
    |            ^^^^^^^^^^^^^^^^^^
...
154 |     pub fn fake_tracking_id(&self, original_id: &str) -> String {
    |            ^^^^^^^^^^^^^^^^
...
175 |     pub fn entropy_bomb_script() -> &'static str {
    |            ^^^^^^^^^^^^^^^^^^^
...
202 |     pub fn execute_entropy_bomb(&self, js: &mut crate::js::interpreter::JsInterpreter, url: &str) {
    |            ^^^^^^^^^^^^^^^^^^^^
...
218 |     pub fn poisoned_for_domain(&self, domain: &str) -> u32 {
    |            ^^^^^^^^^^^^^^^^^^^
...
227 |     pub fn stats(&self) -> Arc<Mutex<StealthStats>> {
    |            ^^^^^
...
232 |     pub fn top_poisoned_domains(&self, n: usize) -> Vec<(String, u32)> {
    |            ^^^^^^^^^^^^^^^^^^^^

warning: methods `name`, `is_local`, and `is_openai_compatible` are never used
   --> src\mcp.rs:96:12
    |
 95 | impl Provider {
    | ------------- methods in this implementation
 96 |     pub fn name(&self) -> &'static str {
    |            ^^^^
...
109 |     pub fn is_local(&self) -> bool {
    |            ^^^^^^^^
...
113 |     pub fn is_openai_compatible(&self) -> bool {
    |            ^^^^^^^^^^^^^^^^^^^^

warning: methods `name`, `icon`, and `description` are never used
   --> src\mcp.rs:132:12
    |
131 | impl AgentRole {
    | -------------- methods in this implementation
132 |     pub fn name(&self) -> &'static str {
    |            ^^^^
...
141 |     pub fn icon(&self) -> &'static str {
    |            ^^^^
...
150 |     pub fn description(&self) -> &'static str {
    |            ^^^^^^^^^^^

warning: multiple associated items are never used
   --> src\mcp.rs:231:12
    |
173 | impl AgentConfig {
    | ---------------- associated items in this implementation
...
231 |     pub fn voice_together() -> Self {
    |            ^^^^^^^^^^^^^^
...
245 |     pub fn coder_together() -> Self {
    |            ^^^^^^^^^^^^^^
...
259 |     pub fn auditor_together() -> Self {
    |            ^^^^^^^^^^^^^^^^
...
277 |     pub fn voice_ollama() -> Self {
    |            ^^^^^^^^^^^^
...
291 |     pub fn orchestrator_ollama() -> Self {
    |            ^^^^^^^^^^^^^^^^^^^
...
305 |     pub fn coder_ollama() -> Self {
    |            ^^^^^^^^^^^^
...
319 |     pub fn auditor_ollama() -> Self {
    |            ^^^^^^^^^^^^^^
...
337 |     pub fn huggingface(role: AgentRole, endpoint_url: &str, model: &str) -> Self {
    |            ^^^^^^^^^^^
...
358 |     pub fn with_url(mut self, url: &str) -> Self {
    |            ^^^^^^^^
...
364 |     pub fn with_key(mut self, key: &str) -> Self {
    |            ^^^^^^^^
...
370 |     pub fn with_model(mut self, model: &str) -> Self {
    |            ^^^^^^^^^^

warning: method `icon` is never used
   --> src\mcp.rs:420:12
    |
419 | impl TaskStatus {
    | --------------- method in this implementation
420 |     pub fn icon(&self) -> &'static str {
    |            ^^^^

warning: methods `icon` and `can_proceed` are never used
   --> src\mcp.rs:459:12
    |
458 | impl AuditVerdict {
    | ----------------- methods in this implementation
459 |     pub fn icon(&self) -> &'static str {
    |            ^^^^
...
468 |     pub fn can_proceed(&self) -> bool {
    |            ^^^^^^^^^^^

warning: method `icon` is never used
   --> src\mcp.rs:492:12
    |
491 | impl IssueSeverity {
    | ------------------ method in this implementation
492 |     pub fn icon(&self) -> &'static str {
    |            ^^^^

warning: multiple fields are never read
   --> src\mcp.rs:607:9
    |
601 | pub struct McpOrchestrator {
    |            --------------- fields in this struct
...
607 |     pub max_history: usize,
    |         ^^^^^^^^^^^
...
611 |     pub task_queue: VecDeque<u64>,
    |         ^^^^^^^^^^
612 |     pub next_task_id: u64,
    |         ^^^^^^^^^^^^
...
615 |     pub context: Option<ProjectContext>,
    |         ^^^^^^^
...
622 |     pub last_audit: Option<AuditResult>,
    |         ^^^^^^^^^^
623 |     next_audit_id: u64,
    |     ^^^^^^^^^^^^^
...
631 |     next_message_id: u64,
    |     ^^^^^^^^^^^^^^^
...
635 |     api_client: crate::mcp_api::McpApiClient,
    |     ^^^^^^^^^^
...
641 |     pub file_system: crate::mcp_fs::McpFileSystem,
    |         ^^^^^^^^^^^

warning: multiple associated items are never used
    --> src\mcp.rs:676:12
     |
 644 | impl McpOrchestrator {
     | -------------------- associated items in this implementation
...
 676 |     pub fn configure_agent(&mut self, config: AgentConfig) {
     |            ^^^^^^^^^^^^^^^
...
 681 |     pub fn set_api_key(&mut self, role: AgentRole, key: String) {
     |            ^^^^^^^^^^^
...
 688 |     pub fn start_session(&mut self) {
     |            ^^^^^^^^^^^^^
...
 715 |     pub fn process_input(&mut self, input: &str) -> Vec<McpMessage> {
     |            ^^^^^^^^^^^^^
...
 802 |     fn voice_understand(&self, input: &str) -> UserIntent {
     |        ^^^^^^^^^^^^^^^^
...
 864 |     fn orchestrator_plan(&mut self, intent: &UserIntent) -> Vec<Task> {
     |        ^^^^^^^^^^^^^^^^^
...
1001 |     fn coder_execute(&mut self, task: &Task) -> Vec<CodeEdit> {
     |        ^^^^^^^^^^^^^
...
1070 |     fn auditor_review(&mut self, edits: &[CodeEdit], tasks: &[Task]) -> AuditResult {
     |        ^^^^^^^^^^^^^^
...
1113 |     fn local_audit(&mut self, edits: &[CodeEdit], tasks: &[Task]) -> AuditResult {
     |        ^^^^^^^^^^^
...
1336 |     pub fn last_audit_result(&self) -> Option<&AuditResult> {
     |            ^^^^^^^^^^^^^^^^^
...
1341 |     pub fn edits_approved(&self) -> bool {
     |            ^^^^^^^^^^^^^^
...
1365 |     fn create_task(&mut self, title: &str, description: &str, assigned_to: AgentRole) -> Task {
     |        ^^^^^^^^^^^
...
1384 |     fn add_user_message(&mut self, content: &str) -> McpMessage {
     |        ^^^^^^^^^^^^^^^^
...
1400 |     fn add_agent_message(&mut self, agent: AgentRole, content: &str) -> McpMessage {
     |        ^^^^^^^^^^^^^^^^^
...
1416 |     fn add_system_message(&mut self, content: &str) -> McpMessage {
     |        ^^^^^^^^^^^^^^^^^^
...
1430 |     fn trim_history(&mut self) {
     |        ^^^^^^^^^^^^
...
1437 |     pub fn approve_edits(&mut self) -> Vec<CodeEdit> {
     |            ^^^^^^^^^^^^^
...
1453 |     pub fn reject_edits(&mut self) {
     |            ^^^^^^^^^^^^
...
1463 |     pub fn get_task(&self, id: u64) -> Option<&Task> {
     |            ^^^^^^^^
...
1468 |     pub fn update_task_status(&mut self, id: u64, status: TaskStatus) {
     |            ^^^^^^^^^^^^^^^^^^
...
1490 |     pub fn load_context(&mut self, root_path: &str) {
     |            ^^^^^^^^^^^^
...
1527 |     pub fn build_request(&self, agent: AgentRole, messages: &[McpMessage]) -> Option<AgentRequest> {
     |            ^^^^^^^^^^^^^
...
1550 |     pub fn mock_response(content: &str) -> AgentResponse {
     |            ^^^^^^^^^^^^^
...
1563 |     pub fn configure_hosting(&mut self, mode: HostingMode) {
     |            ^^^^^^^^^^^^^^^^^
...
1593 |     pub fn set_all_api_keys(&mut self, key: &str) {
     |            ^^^^^^^^^^^^^^^^
...
1635 |     pub fn git_branches(&self) -> Vec<crate::mcp_git::Branch> {
     |            ^^^^^^^^^^^^
...
1640 |     pub fn git_log(&self, count: usize) -> Vec<crate::mcp_git::Commit> {
     |            ^^^^^^^
...
1645 |     pub fn git_diff(&self, staged: bool) -> String {
     |            ^^^^^^^^
...
1650 |     pub fn git_diff_file(&self, path: &str, staged: bool) -> String {
     |            ^^^^^^^^^^^^^
...
1655 |     pub fn git_blame(&self, path: &str) -> Vec<crate::mcp_git::BlameLine> {
     |            ^^^^^^^^^
...
1660 |     pub fn git_show_commit(&self, hash: &str) -> Option<crate::mcp_git::CommitDetails> {
     |            ^^^^^^^^^^^^^^^
...
1665 |     pub fn git_stage(&self, paths: &[&str]) -> Result<(), String> {
     |            ^^^^^^^^^
...
1670 |     pub fn git_unstage(&self, paths: &[&str]) -> Result<(), String> {
     |            ^^^^^^^^^^^
...
1675 |     pub fn git_queue_commit(&mut self, message: &str, files: Option<Vec<String>>) -> u64 {
     |            ^^^^^^^^^^^^^^^^
...
1680 |     pub fn git_queue_branch(&mut self, name: &str, from: Option<&str>) -> u64 {
     |            ^^^^^^^^^^^^^^^^
...
1685 |     pub fn git_pending_ops(&self) -> &[crate::mcp_git::PendingGitOp] {
     |            ^^^^^^^^^^^^^^^
...
1690 |     pub fn git_approve(&mut self, id: u64) -> Result<(), String> {
     |            ^^^^^^^^^^^
...
1695 |     pub fn git_queue_operation(&mut self, op_type: &str, target: &str) -> u64 {
     |            ^^^^^^^^^^^^^^^^^^^
...
1744 |     pub fn fs_read_file(&mut self, path: &str) -> Result<String, String> {
     |            ^^^^^^^^^^^^
...
1749 |     pub fn fs_read_lines(&mut self, path: &str, start: usize, end: usize) -> Result<Vec<String>, String> {
     |            ^^^^^^^^^^^^^
...
1754 |     pub fn fs_list_dir(&mut self, path: &str) -> Result<Vec<crate::mcp_fs::FileInfo>, String> {
     |            ^^^^^^^^^^^
...
1759 |     pub fn fs_list_recursive(&mut self, path: &str, max_depth: usize) -> Result<Vec<crate::mcp_fs::FileInfo>, String> {
     |            ^^^^^^^^^^^^^^^^^
...
1764 |     pub fn fs_search(&mut self, pattern: &str) -> Result<Vec<crate::mcp_fs::FileInfo>, String> {
     |            ^^^^^^^^^
...
1769 |     pub fn fs_grep(&mut self, pattern: &str, file_pattern: Option<&str>) -> Result<Vec<crate::mcp_fs::GrepMatch>, String> {
     |            ^^^^^^^
...
1774 |     pub fn fs_queue_create(&mut self, path: &str, content: &str, description: &str) -> Result<u64, String> {
     |            ^^^^^^^^^^^^^^^
...
1779 |     pub fn fs_queue_update(&mut self, path: &str, content: &str, description: &str) -> Result<u64, String> {
     |            ^^^^^^^^^^^^^^^
...
1784 |     pub fn fs_queue_delete(&mut self, path: &str, description: &str) -> Result<u64, String> {
     |            ^^^^^^^^^^^^^^^
...
1789 |     pub fn fs_pending_changes(&self) -> &[crate::mcp_fs::PendingChange] {
     |            ^^^^^^^^^^^^^^^^^^
...
1794 |     pub fn fs_approve(&mut self, id: u64) -> Result<(), String> {
     |            ^^^^^^^^^^
...
1799 |     pub fn fs_approve_all(&mut self) -> Result<Vec<u64>, String> {
     |            ^^^^^^^^^^^^^^
...
1804 |     pub fn fs_reject(&mut self, id: u64) -> bool {
     |            ^^^^^^^^^
...
1809 |     pub fn fs_reject_all(&mut self) {
     |            ^^^^^^^^^^^^^
...
1814 |     pub fn fs_history(&self) -> &[crate::mcp_fs::FileOperation] {
     |            ^^^^^^^^^^
...
1819 |     pub fn fs_generate_diff(&self, old: &str, new: &str, path: &str) -> String {
     |            ^^^^^^^^^^^^^^^^
...
1824 |     pub fn fs_queue_rename(&mut self, path: &str, new_path: &str, description: &str) -> Result<u64, String> {
     |            ^^^^^^^^^^^^^^^
...
1829 |     pub fn fs_queue_mkdir(&mut self, path: &str, description: &str) -> Result<u64, String> {
     |            ^^^^^^^^^^^^^^
...
1834 |     pub fn fs_copy_file(&mut self, src: &str, dst: &str) -> Result<(), String> {
     |            ^^^^^^^^^^^^
...
1839 |     pub fn fs_get_cached(&self, path: &str) -> Option<&str> {
     |            ^^^^^^^^^^^^^

warning: struct `UserIntent` is never constructed
    --> src\mcp.rs:1852:12
     |
1852 | pub struct UserIntent {
     |            ^^^^^^^^^^

warning: enum `IntentType` is never used
    --> src\mcp.rs:1860:10
     |
1860 | pub enum IntentType {
     |          ^^^^^^^^^^

warning: struct `Entity` is never constructed
    --> src\mcp.rs:1871:12
     |
1871 | pub struct Entity {
     |            ^^^^^^

warning: struct `AgentRequest` is never constructed
    --> src\mcp.rs:1880:12
     |
1880 | pub struct AgentRequest {
     |            ^^^^^^^^^^^^

warning: struct `RequestMessage` is never constructed
    --> src\mcp.rs:1888:12
     |
1888 | pub struct RequestMessage {
     |            ^^^^^^^^^^^^^^

warning: struct `AgentResponse` is never constructed
    --> src\mcp.rs:1895:12
     |
1895 | pub struct AgentResponse {
     |            ^^^^^^^^^^^^^

warning: struct `TokenUsage` is never constructed
    --> src\mcp.rs:1902:12
     |
1902 | pub struct TokenUsage {
     |            ^^^^^^^^^^

warning: function `extract_entities` is never used
    --> src\mcp.rs:1917:4
     |
1917 | fn extract_entities(input: &str) -> Vec<Entity> {
     |    ^^^^^^^^^^^^^^^^

warning: function `format_operation` is never used
    --> src\mcp.rs:1945:4
     |
1945 | fn format_operation(op: &EditOperation) -> &'static str {
     |    ^^^^^^^^^^^^^^^^

warning: struct `McpServer` is never constructed
    --> src\mcp.rs:1956:12
     |
1956 | pub struct McpServer {
     |            ^^^^^^^^^

warning: multiple associated items are never used
    --> src\mcp.rs:1963:12
     |
1962 | impl McpServer {
     | -------------- associated items in this implementation
1963 |     pub fn new(port: u16) -> Self {
     |            ^^^
...
1972 |     pub fn with_agent_url(mut self, role: AgentRole, url: &str) -> Self {
     |            ^^^^^^^^^^^^^^
...
1981 |     pub fn with_agent_key(mut self, role: AgentRole, key: &str) -> Self {
     |            ^^^^^^^^^^^^^^
...
1990 |     pub fn with_agent_model(mut self, role: AgentRole, model: &str) -> Self {
     |            ^^^^^^^^^^^^^^^^
...
1999 |     pub fn start(&mut self) {
     |            ^^^^^
...
2005 |     pub fn stop(&mut self) {
     |            ^^^^
...
2011 |     pub fn handle_request(&mut self, request: &str) -> String {
     |            ^^^^^^^^^^^^^^
...
2026 |     pub fn status(&self) -> String {
     |            ^^^^^^

warning: variants `Tasks`, `Edits`, and `Settings` are never constructed
  --> src\mcp_panel.rs:19:5
   |
17 | pub enum PanelMode {
   |          --------- variants in this enum
18 |     Chat,
19 |     Tasks,
   |     ^^^^^
20 |     Edits,
   |     ^^^^^
21 |     Settings,
   |     ^^^^^^^^
   |
   = note: `PanelMode` has derived impls for the traits `Clone` and `Debug`, but these are intentionally ignored during dead code analysis

warning: fields `is_visible` and `dark_mode` are never read
  --> src\mcp_panel.rs:32:9
   |
25 | pub struct McpPanel {
   |            -------- fields in this struct
...
32 |     pub is_visible: bool,
   |         ^^^^^^^^^^
...
36 |     pub dark_mode: bool,
   |         ^^^^^^^^^

warning: multiple methods are never used
   --> src\mcp_panel.rs:57:12
    |
 39 | impl McpPanel {
    | ------------- methods in this implementation
...
 57 |     pub fn toggle(&mut self) {
    |            ^^^^^^
...
 65 |     pub fn handle_key(&mut self, key: char) {
    |            ^^^^^^^^^^
...
 71 |     pub fn handle_backspace(&mut self) {
    |            ^^^^^^^^^^^^^^^^
...
 79 |     pub fn handle_enter(&mut self) {
    |            ^^^^^^^^^^^^
...
 88 |     pub fn set_mode(&mut self, mode: PanelMode) {
    |            ^^^^^^^^
...
 94 |     pub fn approve_edits(&mut self) -> Vec<CodeEdit> {
    |            ^^^^^^^^^^^^^
...
 99 |     pub fn reject_edits(&mut self) {
    |            ^^^^^^^^^^^^
...
104 |     pub fn toggle_theme(&mut self) {
    |            ^^^^^^^^^^^^
...
114 |     pub fn approve_edit(&mut self, index: usize) -> Option<CodeEdit> {
    |            ^^^^^^^^^^^^

warning: fields `title` and `subtitle` are never read
   --> src\mcp_panel.rs:424:9
    |
423 |     Header {
    |     ------ fields in this variant
424 |         title: String,
    |         ^^^^^
425 |         subtitle: Option<String>,
    |         ^^^^^^^^
    |
    = note: `RenderElement` has derived impls for the traits `Clone` and `Debug`, but these are intentionally ignored during dead code analysis

warning: field `title` is never read
   --> src\mcp_panel.rs:428:9
    |
427 |     SectionHeader {
    |     ------------- field in this variant
428 |         title: String,
    |         ^^^^^
    |
    = note: `RenderElement` has derived impls for the traits `Clone` and `Debug`, but these are intentionally ignored during dead code analysis

warning: field `agents` is never read
   --> src\mcp_panel.rs:431:9
    |
430 |     AgentBar {
    |     -------- field in this variant
431 |         agents: Vec<AgentStatus>,
    |         ^^^^^^
    |
    = note: `RenderElement` has derived impls for the traits `Clone` and `Debug`, but these are intentionally ignored during dead code analysis

warning: fields `role`, `agent`, `content`, and `timestamp` are never read
   --> src\mcp_panel.rs:434:9
    |
433 |     Message {
    |     ------- fields in this variant
434 |         role: MessageRole,
    |         ^^^^
435 |         agent: Option<AgentRole>,
    |         ^^^^^
436 |         content: String,
    |         ^^^^^^^
437 |         timestamp: String,
    |         ^^^^^^^^^
    |
    = note: `RenderElement` has derived impls for the traits `Clone` and `Debug`, but these are intentionally ignored during dead code analysis

warning: fields `id`, `title`, `description`, `status`, `assigned_to`, and `has_artifacts` are never read
   --> src\mcp_panel.rs:440:9
    |
439 |     Task {
    |     ---- fields in this variant
440 |         id: u64,
    |         ^^
441 |         title: String,
    |         ^^^^^
442 |         description: String,
    |         ^^^^^^^^^^^
443 |         status: TaskStatus,
    |         ^^^^^^
444 |         assigned_to: AgentRole,
    |         ^^^^^^^^^^^
445 |         has_artifacts: bool,
    |         ^^^^^^^^^^^^^
    |
    = note: `RenderElement` has derived impls for the traits `Clone` and `Debug`, but these are intentionally ignored during dead code analysis

warning: fields `index`, `file_path`, `operation`, `description`, `preview`, and `selected` are never read
   --> src\mcp_panel.rs:448:9
    |
447 |     CodeEdit {
    |     -------- fields in this variant
448 |         index: usize,
    |         ^^^^^
449 |         file_path: String,
    |         ^^^^^^^^^
450 |         operation: EditOperation,
    |         ^^^^^^^^^
451 |         description: String,
    |         ^^^^^^^^^^^
452 |         preview: Vec<(String, Color)>,
    |         ^^^^^^^
453 |         selected: bool,
    |         ^^^^^^^^
    |
    = note: `RenderElement` has derived impls for the traits `Clone` and `Debug`, but these are intentionally ignored during dead code analysis

warning: fields `role`, `model`, `api_url`, `has_key`, and `enabled` are never read
   --> src\mcp_panel.rs:456:9
    |
455 |     AgentConfig {
    |     ----------- fields in this variant
456 |         role: AgentRole,
    |         ^^^^
457 |         model: String,
    |         ^^^^^
458 |         api_url: String,
    |         ^^^^^^^
459 |         has_key: bool,
    |         ^^^^^^^
460 |         enabled: bool,
    |         ^^^^^^^
    |
    = note: `RenderElement` has derived impls for the traits `Clone` and `Debug`, but these are intentionally ignored during dead code analysis

warning: field `actions` is never read
   --> src\mcp_panel.rs:463:9
    |
462 |     ActionBar {
    |     --------- field in this variant
463 |         actions: Vec<Action>,
    |         ^^^^^^^
    |
    = note: `RenderElement` has derived impls for the traits `Clone` and `Debug`, but these are intentionally ignored during dead code analysis

warning: fields `placeholder`, `value`, and `cursor` are never read
   --> src\mcp_panel.rs:466:9
    |
465 |     Input {
    |     ----- fields in this variant
466 |         placeholder: String,
    |         ^^^^^^^^^^^
467 |         value: String,
    |         ^^^^^
468 |         cursor: usize,
    |         ^^^^^^
    |
    = note: `RenderElement` has derived impls for the traits `Clone` and `Debug`, but these are intentionally ignored during dead code analysis

warning: fields `message` and `style` are never read
   --> src\mcp_panel.rs:471:9
    |
470 |     Notification {
    |     ------------ fields in this variant
471 |         message: String,
    |         ^^^^^^^
472 |         style: NotificationStyle,
    |         ^^^^^
    |
    = note: `RenderElement` has derived impls for the traits `Clone` and `Debug`, but these are intentionally ignored during dead code analysis

warning: fields `icon`, `message`, and `hint` are never read
   --> src\mcp_panel.rs:475:9
    |
474 |     EmptyState {
    |     ---------- fields in this variant
475 |         icon: String,
    |         ^^^^
476 |         message: String,
    |         ^^^^^^^
477 |         hint: String,
    |         ^^^^
    |
    = note: `RenderElement` has derived impls for the traits `Clone` and `Debug`, but these are intentionally ignored during dead code analysis

warning: fields `label` and `value` are never read
   --> src\mcp_panel.rs:480:9
    |
479 |     InfoRow {
    |     ------- fields in this variant
480 |         label: String,
    |         ^^^^^
481 |         value: String,
    |         ^^^^^
    |
    = note: `RenderElement` has derived impls for the traits `Clone` and `Debug`, but these are intentionally ignored during dead code analysis

warning: fields `role`, `name`, and `online` are never read
   --> src\mcp_panel.rs:487:9
    |
486 | pub struct AgentStatus {
    |            ----------- fields in this struct
487 |     pub role: AgentRole,
    |         ^^^^
488 |     pub name: String,
    |         ^^^^
489 |     pub online: bool,
    |         ^^^^^^
    |
    = note: `AgentStatus` has derived impls for the traits `Clone` and `Debug`, but these are intentionally ignored during dead code analysis

warning: fields `label`, `id`, and `style` are never read
   --> src\mcp_panel.rs:494:9
    |
493 | pub struct Action {
    |            ------ fields in this struct
494 |     pub label: String,
    |         ^^^^^
495 |     pub id: String,
    |         ^^
496 |     pub style: ActionStyle,
    |         ^^^^^
    |
    = note: `Action` has derived impls for the traits `Clone` and `Debug`, but these are intentionally ignored during dead code analysis

warning: multiple fields are never read
   --> src\mcp_panel.rs:516:9
    |
515 | pub struct McpTheme {
    |            -------- fields in this struct
516 |     pub background: Color,
    |         ^^^^^^^^^^
517 |     pub surface: Color,
    |         ^^^^^^^
518 |     pub primary: Color,
    |         ^^^^^^^
519 |     pub secondary: Color,
    |         ^^^^^^^^^
520 |     pub text: Color,
    |         ^^^^
521 |     pub text_dim: Color,
    |         ^^^^^^^^
522 |     pub accent: Color,
    |         ^^^^^^
523 |     pub success: Color,
    |         ^^^^^^^
524 |     pub warning: Color,
    |         ^^^^^^^
525 |     pub error: Color,
    |         ^^^^^
526 |     pub border: Color,
    |         ^^^^^^
...
535 |     pub user_bubble: Color,
    |         ^^^^^^^^^^^
536 |     pub agent_bubble: Color,
    |         ^^^^^^^^^^^^
537 |     pub system_bubble: Color,
    |         ^^^^^^^^^^^^^

warning: associated function `light` is never used
   --> src\mcp_panel.rs:566:12
    |
540 | impl McpTheme {
    | ------------- associated function in this implementation
...
566 |     pub fn light() -> Self {
    |            ^^^^^

warning: type alias `ApiResult` is never used
  --> src\mcp_api.rs:23:10
   |
23 | pub type ApiResult<T> = Result<T, ApiError>;
   |          ^^^^^^^^^

warning: enum `ApiError` is never used
  --> src\mcp_api.rs:27:10
   |
27 | pub enum ApiError {
   |          ^^^^^^^^

warning: fields `configs`, `timeout`, and `retry_count` are never read
  --> src\mcp_api.rs:69:5
   |
68 | pub struct McpApiClient {
   |            ------------ fields in this struct
69 |     configs: HashMap<AgentRole, AgentConfig>,
   |     ^^^^^^^
70 |     timeout: Duration,
   |     ^^^^^^^
71 |     retry_count: u32,
   |     ^^^^^^^^^^^

warning: multiple methods are never used
   --> src\mcp_api.rs:90:12
    |
 74 | impl McpApiClient {
    | ----------------- methods in this implementation
...
 90 |     pub fn configure(&mut self, config: AgentConfig) {
    |            ^^^^^^^^^
...
 95 |     pub fn configure_local(&mut self) {
    |            ^^^^^^^^^^^^^^^
...
103 |     pub fn configure_together(&mut self, api_key: &str) {
    |            ^^^^^^^^^^^^^^^^^^
...
123 |     pub fn set_api_key(&mut self, role: AgentRole, key: String) {
    |            ^^^^^^^^^^^
...
130 |     pub fn set_timeout(&mut self, timeout: Duration) {
    |            ^^^^^^^^^^^
...
136 |     pub fn is_ready(&self, role: AgentRole) -> bool {
    |            ^^^^^^^^
...
147 |     pub fn call(&self, role: AgentRole, messages: &[ChatMessage], system: &str) -> ApiResult<ChatResponse> {
    |            ^^^^
...
172 |     fn call_openai_compatible(&self, config: &AgentConfig, messages: &[ChatMessage], system: Option<&str>) -> ApiResult<ChatResponse> {
    |        ^^^^^^^^^^^^^^^^^^^^^^
...
188 |     fn call_huggingface(&self, config: &AgentConfig, messages: &[ChatMessage], system: &str) -> ApiResult<ChatResponse> {
    |        ^^^^^^^^^^^^^^^^
...
231 |     fn call_ollama(&self, config: &AgentConfig, messages: &[ChatMessage], system: &str) -> ApiResult<ChatResponse> {
    |        ^^^^^^^^^^^
...
275 |     pub fn check_ollama(&self) -> bool {
    |            ^^^^^^^^^^^^
...
283 |     pub fn list_ollama_models(&self) -> ApiResult<Vec<String>> {
    |            ^^^^^^^^^^^^^^^^^^
...
300 |     pub fn call_grok(&self, messages: &[ChatMessage], system: Option<&str>) -> ApiResult<ChatResponse> {
    |            ^^^^^^^^^
...
320 |     pub fn call_manus(&self, messages: &[ChatMessage], context: Option<&TaskContext>) -> ApiResult<OrchestrationResponse> {
    |            ^^^^^^^^^^
...
339 |     pub fn call_claude(&self, messages: &[ChatMessage], system: &str) -> ApiResult<ChatResponse> {
    |            ^^^^^^^^^^^
...
361 |     pub fn call_gemini(&self, messages: &[ChatMessage], context: &str) -> ApiResult<AuditResponse> {
    |            ^^^^^^^^^^^
...
387 |     fn send_request<T: Serialize, R: for<'de> Deserialize<'de>>(
    |        ^^^^^^^^^^^^
...
429 |     fn send_orchestration_request(
    |        ^^^^^^^^^^^^^^^^^^^^^^^^^^
...
438 |     fn send_claude_request(
    |        ^^^^^^^^^^^^^^^^^^^
...
495 |     fn send_gemini_request(
    |        ^^^^^^^^^^^^^^^^^^^

warning: associated functions `user`, `assistant`, and `system` are never used
   --> src\mcp_api.rs:589:12
    |
588 | impl ChatMessage {
    | ---------------- associated functions in this implementation
589 |     pub fn user(content: &str) -> Self {
    |            ^^^^
...
596 |     pub fn assistant(content: &str) -> Self {
    |            ^^^^^^^^^
...
603 |     pub fn system(content: &str) -> Self {
    |            ^^^^^^

warning: function `build_messages` is never used
   --> src\mcp_api.rs:924:4
    |
924 | fn build_messages(messages: &[ChatMessage], system: Option<&str>) -> Vec<GrokMessage> {
    |    ^^^^^^^^^^^^^^

warning: function `mcp_to_chat` is never used
   --> src\mcp_api.rs:945:8
    |
945 | pub fn mcp_to_chat(messages: &[McpMessage]) -> Vec<ChatMessage> {
    |        ^^^^^^^^^^^

warning: constant `GROK_SYSTEM_PROMPT` is never used
   --> src\mcp_api.rs:959:11
    |
959 | pub const GROK_SYSTEM_PROMPT: &str = r#"You are Grok, the voice of the MCP coding assistant. Your role is to:
    |           ^^^^^^^^^^^^^^^^^^

warning: constant `MANUS_SYSTEM_PROMPT` is never used
   --> src\mcp_api.rs:976:11
    |
976 | pub const MANUS_SYSTEM_PROMPT: &str = r#"You are Manus, the task orchestrator. Your role is to:
    |           ^^^^^^^^^^^^^^^^^^^

warning: constant `CLAUDE_SYSTEM_PROMPT` is never used
   --> src\mcp_api.rs:996:11
    |
996 | pub const CLAUDE_SYSTEM_PROMPT: &str = r#"You are Claude Opus 5, the code generation engine. Your role is to:
    |           ^^^^^^^^^^^^^^^^^^^^

warning: constant `GEMINI_SYSTEM_PROMPT` is never used
    --> src\mcp_api.rs:1023:11
     |
1023 | pub const GEMINI_SYSTEM_PROMPT: &str = r#"You are Gemini, the code auditor and quality gatekeeper. Your role is to:
     |           ^^^^^^^^^^^^^^^^^^^^

warning: type alias `FileResult` is never used
  --> src\mcp_fs.rs:15:10
   |
15 | pub type FileResult<T> = Result<T, FileError>;
   |          ^^^^^^^^^^

warning: enum `FileError` is never used
  --> src\mcp_fs.rs:19:10
   |
19 | pub enum FileError {
   |          ^^^^^^^^^

warning: struct `FileInfo` is never constructed
   --> src\mcp_fs.rs:107:12
    |
107 | pub struct FileInfo {
    |            ^^^^^^^^

warning: multiple fields are never read
   --> src\mcp_fs.rs:118:5
    |
116 | pub struct McpFileSystem {
    |            ------------- fields in this struct
117 |     /// Allowed root directories
118 |     roots: Vec<PathBuf>,
    |     ^^^^^
...
121 |     max_read_size: u64,
    |     ^^^^^^^^^^^^^
...
124 |     history: Vec<FileOperation>,
    |     ^^^^^^^
125 |     next_op_id: u64,
    |     ^^^^^^^^^^
...
128 |     pending: Vec<PendingChange>,
    |     ^^^^^^^
129 |     next_change_id: u64,
    |     ^^^^^^^^^^^^^^
...
132 |     exclude_patterns: Vec<String>,
    |     ^^^^^^^^^^^^^^^^
...
135 |     cache: HashMap<String, CachedFile>,
    |     ^^^^^
136 |     cache_max_size: usize,
    |     ^^^^^^^^^^^^^^

warning: fields `content` and `modified` are never read
   --> src\mcp_fs.rs:141:5
    |
140 | struct CachedFile {
    |        ---------- fields in this struct
141 |     content: String,
    |     ^^^^^^^
142 |     modified: DateTime<Utc>,
    |     ^^^^^^^^
    |
    = note: `CachedFile` has derived impls for the traits `Clone` and `Debug`, but these are intentionally ignored during dead code analysis

warning: multiple methods are never used
   --> src\mcp_fs.rs:168:12
    |
145 | impl McpFileSystem {
    | ------------------ methods in this implementation
...
168 |     pub fn add_root(&mut self, path: &str) -> FileResult<()> {
    |            ^^^^^^^^
...
187 |     fn is_in_sandbox(&self, path: &Path) -> bool {
    |        ^^^^^^^^^^^^^
...
202 |     fn should_exclude(&self, path: &Path) -> bool {
    |        ^^^^^^^^^^^^^^
...
225 |     pub fn read_file(&mut self, path: &str) -> FileResult<String> {
    |            ^^^^^^^^^
...
266 |     pub fn read_lines(&mut self, path: &str, start: usize, end: usize) -> FileResult<Vec<String>> {
    |            ^^^^^^^^^^
...
277 |     pub fn list_dir(&mut self, path: &str) -> FileResult<Vec<FileInfo>> {
    |            ^^^^^^^^
...
325 |     pub fn list_recursive(&mut self, path: &str, max_depth: usize) -> FileResult<Vec<FileInfo>> {
    |            ^^^^^^^^^^^^^^
...
331 |     fn list_recursive_internal(
    |        ^^^^^^^^^^^^^^^^^^^^^^^
...
375 |     pub fn queue_create(&mut self, path: &str, content: &str, description: &str) -> FileResult<u64> {
    |            ^^^^^^^^^^^^
...
406 |     pub fn queue_update(&mut self, path: &str, content: &str, description: &str) -> FileResult<u64> {
    |            ^^^^^^^^^^^^
...
440 |     pub fn queue_delete(&mut self, path: &str, description: &str) -> FileResult<u64> {
    |            ^^^^^^^^^^^^
...
473 |     pub fn queue_rename(&mut self, path: &str, new_path: &str, description: &str) -> FileResult<u64> {
    |            ^^^^^^^^^^^^
...
507 |     pub fn queue_mkdir(&mut self, path: &str, description: &str) -> FileResult<u64> {
    |            ^^^^^^^^^^^
...
534 |     pub fn copy_file(&mut self, src: &str, dst: &str) -> FileResult<()> {
    |            ^^^^^^^^^
...
556 |     pub fn pending_changes(&self) -> &[PendingChange] {
    |            ^^^^^^^^^^^^^^^
...
561 |     pub fn approve(&mut self, id: u64) -> FileResult<()> {
    |            ^^^^^^^
...
588 |     pub fn approve_all(&mut self) -> FileResult<Vec<u64>> {
    |            ^^^^^^^^^^^
...
615 |     pub fn reject(&mut self, id: u64) -> bool {
    |            ^^^^^^
...
637 |     pub fn reject_all(&mut self) {
    |            ^^^^^^^^^^
...
656 |     fn execute_change(&mut self, change: &PendingChange) -> FileResult<()> {
    |        ^^^^^^^^^^^^^^
...
715 |     fn log_operation(&mut self, op_type: OperationType, path: &str, status: OperationStatus, details: Option<&str>) {
    |        ^^^^^^^^^^^^^
...
733 |     fn cache_file(&mut self, path: &str, content: &str) {
    |        ^^^^^^^^^^
...
748 |     pub fn get_cached(&self, path: &str) -> Option<&str> {
    |            ^^^^^^^^^^
...
761 |     pub fn history(&self) -> &[FileOperation] {
    |            ^^^^^^^
...
766 |     pub fn search_files(&mut self, pattern: &str) -> FileResult<Vec<FileInfo>> {
    |            ^^^^^^^^^^^^
...
776 |     fn search_in_dir(&self, dir: &Path, pattern: &str, matches: &mut Vec<FileInfo>) -> FileResult<()> {
    |        ^^^^^^^^^^^^^
...
813 |     pub fn grep(&mut self, pattern: &str, file_pattern: Option<&str>) -> FileResult<Vec<GrepMatch>> {
    |            ^^^^
...
823 |     fn grep_in_dir(
    |        ^^^^^^^^^^^

warning: struct `GrepMatch` is never constructed
   --> src\mcp_fs.rs:884:12
    |
884 | pub struct GrepMatch {
    |            ^^^^^^^^^

warning: function `generate_diff` is never used
   --> src\mcp_fs.rs:892:8
    |
892 | pub fn generate_diff(old: &str, new: &str, path: &str) -> String {
    |        ^^^^^^^^^^^^^

warning: variants `NotARepository`, `MergeConflict`, and `DirtyWorkingTree` are never constructed
  --> src\mcp_git.rs:24:5
   |
23 | pub enum GitError {
   |          -------- variants in this enum
24 |     NotARepository(String),
   |     ^^^^^^^^^^^^^^
...
28 |     MergeConflict,
   |     ^^^^^^^^^^^^^
29 |     DirtyWorkingTree,
   |     ^^^^^^^^^^^^^^^^
   |
   = note: `GitError` has derived impls for the traits `Clone` and `Debug`, but these are intentionally ignored during dead code analysis

warning: struct `Commit` is never constructed
   --> src\mcp_git.rs:103:12
    |
103 | pub struct Commit {
    |            ^^^^^^

warning: struct `Branch` is never constructed
   --> src\mcp_git.rs:115:12
    |
115 | pub struct Branch {
    |            ^^^^^^

warning: fields `pending_ops` and `next_op_id` are never read
   --> src\mcp_git.rs:155:5
    |
153 | pub struct McpGit {
    |            ------ fields in this struct
154 |     repo_path: Option<PathBuf>,
155 |     pending_ops: Vec<PendingGitOp>,
    |     ^^^^^^^^^^^
156 |     next_op_id: u64,
    |     ^^^^^^^^^^

warning: multiple methods are never used
   --> src\mcp_git.rs:169:12
    |
159 | impl McpGit {
    | ----------- methods in this implementation
...
169 |     pub fn set_repo(&mut self, path: &str) -> GitResult<()> {
    |            ^^^^^^^^
...
183 |     pub fn find_repo(&mut self, path: &str) -> GitResult<String> {
    |            ^^^^^^^^^
...
315 |     pub fn log(&self, count: usize) -> GitResult<Vec<Commit>> {
    |            ^^^
...
347 |     pub fn branches(&self) -> GitResult<Vec<Branch>> {
    |            ^^^^^^^^
...
391 |     pub fn diff_file(&self, path: &str, staged: bool) -> GitResult<String> {
    |            ^^^^^^^^^
...
402 |     pub fn diff(&self, staged: bool) -> GitResult<String> {
    |            ^^^^
...
413 |     pub fn stage(&self, paths: &[&str]) -> GitResult<()> {
    |            ^^^^^
...
421 |     pub fn unstage(&self, paths: &[&str]) -> GitResult<()> {
    |            ^^^^^^^
...
429 |     pub fn queue_commit(&mut self, message: &str, files: Option<Vec<String>>) -> u64 {
    |            ^^^^^^^^^^^^
...
449 |     pub fn queue_create_branch(&mut self, name: &str, from: Option<&str>) -> u64 {
    |            ^^^^^^^^^^^^^^^^^^^
...
467 |     pub fn pending_operations(&self) -> &[PendingGitOp] {
    |            ^^^^^^^^^^^^^^^^^^
...
472 |     pub fn approve(&mut self, id: u64) -> GitResult<()> {
    |            ^^^^^^^
...
484 |     fn execute_operation(&self, op: &GitOperation) -> GitResult<()> {
    |        ^^^^^^^^^^^^^^^^^
...
536 |     pub fn blame(&self, path: &str) -> GitResult<Vec<BlameLine>> {
    |            ^^^^^
...
565 |     pub fn show_commit(&self, hash: &str) -> GitResult<CommitDetails> {
    |            ^^^^^^^^^^^

warning: struct `BlameLine` is never constructed
   --> src\mcp_git.rs:636:12
    |
636 | pub struct BlameLine {
    |            ^^^^^^^^^

warning: struct `CommitDetails` is never constructed
   --> src\mcp_git.rs:645:12
    |
645 | pub struct CommitDetails {
    |            ^^^^^^^^^^^^^

warning: function `parse_track_info` is never used
   --> src\mcp_git.rs:673:4
    |
673 | fn parse_track_info(track: &str) -> (u32, u32) {
    |    ^^^^^^^^^^^^^^^^

warning: function `parse_author` is never used
   --> src\mcp_git.rs:697:4
    |
697 | fn parse_author(s: &str) -> Option<(String, String)> {
    |    ^^^^^^^^^^^^

warning: field `tab_id` is never read
   --> src\mcp_server.rs:163:16
    |
163 |     ReadPage { tab_id: Option<u64>, depth: u32, filter: String },
    |     --------   ^^^^^^
    |     |
    |     field in this variant
    |
    = note: `McpCommand` has derived impls for the traits `Clone` and `Debug`, but these are intentionally ignored during dead code analysis

warning: field `tab_id` is never read
   --> src\mcp_server.rs:164:15
    |
164 |     GetText { tab_id: Option<u64>, selector: Option<String> },
    |     -------   ^^^^^^
    |     |
    |     field in this variant
    |
    = note: `McpCommand` has derived impls for the traits `Clone` and `Debug`, but these are intentionally ignored during dead code analysis

warning: field `tab_id` is never read
   --> src\mcp_server.rs:165:34
    |
165 |     FindElement { query: String, tab_id: Option<u64>, max_results: u32 },
    |     -----------                  ^^^^^^
    |     |
    |     field in this variant
    |
    = note: `McpCommand` has derived impls for the traits `Clone` and `Debug`, but these are intentionally ignored during dead code analysis

warning: fields `tab_id`, `button`, and `click_count` are never read
   --> src\mcp_server.rs:168:13
    |
168 |     Click { tab_id: Option<u64>, element_ref: Option<String>, x: Option<i32>, y: Option<i32>, button: String, click_count: u32 },
    |     -----   ^^^^^^                                                                            ^^^^^^          ^^^^^^^^^^^
    |     |
    |     fields in this variant
    |
    = note: `McpCommand` has derived impls for the traits `Clone` and `Debug`, but these are intentionally ignored during dead code analysis

warning: field `tab_id` is never read
   --> src\mcp_server.rs:169:16
    |
169 |     TypeText { tab_id: Option<u64>, text: String, element_ref: Option<String>, clear_first: bool },
    |     --------   ^^^^^^
    |     |
    |     field in this variant
    |
    = note: `McpCommand` has derived impls for the traits `Clone` and `Debug`, but these are intentionally ignored during dead code analysis

warning: field `tab_id` is never read
   --> src\mcp_server.rs:170:16
    |
170 |     PressKey { tab_id: Option<u64>, key: String },
    |     --------   ^^^^^^
    |     |
    |     field in this variant
    |
    = note: `McpCommand` has derived impls for the traits `Clone` and `Debug`, but these are intentionally ignored during dead code analysis

warning: fields `tab_id` and `element_ref` are never read
   --> src\mcp_server.rs:171:14
    |
171 |     Scroll { tab_id: Option<u64>, direction: String, amount: i32, element_ref: Option<String> },
    |     ------   ^^^^^^                                               ^^^^^^^^^^^
    |     |
    |     fields in this variant
    |
    = note: `McpCommand` has derived impls for the traits `Clone` and `Debug`, but these are intentionally ignored during dead code analysis

warning: field `tab_id` is never read
   --> src\mcp_server.rs:172:17
    |
172 |     FormInput { tab_id: Option<u64>, element_ref: String, value: JsonValue },
    |     ---------   ^^^^^^
    |     |
    |     field in this variant
    |
    = note: `McpCommand` has derived impls for the traits `Clone` and `Debug`, but these are intentionally ignored during dead code analysis

warning: fields `tab_id` and `element_ref` are never read
   --> src\mcp_server.rs:175:18
    |
175 |     Screenshot { tab_id: Option<u64>, element_ref: Option<String>, format: String },
    |     ----------   ^^^^^^               ^^^^^^^^^^^
    |     |
    |     fields in this variant
    |
    = note: `McpCommand` has derived impls for the traits `Clone` and `Debug`, but these are intentionally ignored during dead code analysis

warning: field `tab_id` is never read
   --> src\mcp_server.rs:178:17
    |
178 |     ExecuteJs { tab_id: Option<u64>, code: String },
    |     ---------   ^^^^^^
    |     |
    |     field in this variant
    |
    = note: `McpCommand` has derived impls for the traits `Clone` and `Debug`, but these are intentionally ignored during dead code analysis

warning: field `tab_id` is never read
   --> src\mcp_server.rs:181:21
    |
181 |     GetTrustLevel { tab_id: Option<u64> },
    |     -------------   ^^^^^^
    |     |
    |     field in this variant
    |
    = note: `McpCommand` has derived impls for the traits `Clone` and `Debug`, but these are intentionally ignored during dead code analysis

warning: field `tab_id` is never read
   --> src\mcp_server.rs:182:23
    |
182 |     GetSecurityInfo { tab_id: Option<u64> },
    |     ---------------   ^^^^^^
    |     |
    |     field in this variant
    |
    = note: `McpCommand` has derived impls for the traits `Clone` and `Debug`, but these are intentionally ignored during dead code analysis

warning: field `tab_id` is never read
   --> src\mcp_server.rs:186:19
    |
186 |     GetFileInfo { tab_id: Option<u64> },
    |     -----------   ^^^^^^
    |     |
    |     field in this variant
    |
    = note: `McpCommand` has derived impls for the traits `Clone` and `Debug`, but these are intentionally ignored during dead code analysis

warning: method `try_recv` is never used
   --> src\mcp_server.rs:402:12
    |
400 | impl McpBridgeReceiver {
    | ---------------------- method in this implementation
401 |     /// Try to receive a command (non-blocking)
402 |     pub fn try_recv(&self) -> Option<McpCommand> {
    |            ^^^^^^^^

warning: function `encode_command` is never used
   --> src\mcp_protocol.rs:386:8
    |
386 | pub fn encode_command(cmd: &McpCommand) -> Result<Vec<u8>, bincode::Error> {
    |        ^^^^^^^^^^^^^^

warning: function `encode_response` is never used
   --> src\mcp_protocol.rs:398:8
    |
398 | pub fn encode_response(resp: &McpResponse) -> Result<Vec<u8>, bincode::Error> {
    |        ^^^^^^^^^^^^^^^

warning: function `decode_command` is never used
   --> src\mcp_protocol.rs:409:8
    |
409 | pub fn decode_command(data: &[u8]) -> Result<McpCommand, ProtocolError> {
    |        ^^^^^^^^^^^^^^

warning: function `decode_response` is never used
   --> src\mcp_protocol.rs:421:8
    |
421 | pub fn decode_response(data: &[u8]) -> Result<McpResponse, ProtocolError> {
    |        ^^^^^^^^^^^^^^^

warning: variant `FrameTooLarge` is never constructed
   --> src\mcp_protocol.rs:442:5
    |
434 | pub enum ProtocolError {
    |          ------------- variant in this enum
...
442 |     FrameTooLarge(usize),
    |     ^^^^^^^^^^^^^
    |
    = note: `ProtocolError` has derived impls for the traits `Clone` and `Debug`, but these are intentionally ignored during dead code analysis

warning: constant `MAX_FRAME_SIZE` is never used
  --> src\mcp_codec.rs:28:11
   |
28 | pub const MAX_FRAME_SIZE: usize = 16 * 1024 * 1024;
   |           ^^^^^^^^^^^^^^

warning: struct `McpCodec` is never constructed
  --> src\mcp_codec.rs:36:12
   |
36 | pub struct McpCodec {
   |            ^^^^^^^^

warning: associated functions `new` and `with_max_frame_size` are never used
  --> src\mcp_codec.rs:42:12
   |
41 | impl McpCodec {
   | ------------- associated functions in this implementation
42 |     pub fn new() -> Self {
   |            ^^^
...
48 |     pub fn with_max_frame_size(max_frame_size: usize) -> Self {
   |            ^^^^^^^^^^^^^^^^^^^

warning: enum `ConnectionState` is never used
  --> src\mcp_client.rs:35:10
   |
35 | pub enum ConnectionState {
   |          ^^^^^^^^^^^^^^^

warning: enum `McpClientError` is never used
  --> src\mcp_client.rs:45:10
   |
45 | pub enum McpClientError {
   |          ^^^^^^^^^^^^^^

warning: struct `McpClient` is never constructed
  --> src\mcp_client.rs:85:12
   |
85 | pub struct McpClient {
   |            ^^^^^^^^^

warning: multiple associated items are never used
   --> src\mcp_client.rs:102:18
    |
 98 | impl McpClient {
    | -------------- associated items in this implementation
...
102 |     pub async fn connect(url: &str) -> Result<Self, McpClientError> {
    |                  ^^^^^^^
...
224 |     pub async fn send(&self, cmd: McpCommand) -> Result<(), McpClientError> {
    |                  ^^^^
...
235 |     pub async fn recv(&mut self) -> Result<McpResponse, McpClientError> {
    |                  ^^^^
...
241 |     pub async fn recv_timeout(&mut self, timeout: Duration) -> Result<McpResponse, McpClientError> {
    |                  ^^^^^^^^^^^^
...
249 |     pub async fn request(&mut self, cmd: McpCommand) -> Result<McpResponse, McpClientError> {
    |                  ^^^^^^^
...
255 |     pub async fn request_timeout(
    |                  ^^^^^^^^^^^^^^^
...
265 |     pub fn state(&self) -> ConnectionState {
    |            ^^^^^
...
270 |     pub fn url(&self) -> &str {
    |            ^^^
...
275 |     pub fn is_connected(&self) -> bool {
    |            ^^^^^^^^^^^^
...
280 |     pub async fn shutdown(&mut self) -> Result<(), McpClientError> {
    |                  ^^^^^^^^

warning: function `connect_local` is never used
   --> src\mcp_client.rs:313:14
    |
313 | pub async fn connect_local() -> Result<McpClient, McpClientError> {
    |              ^^^^^^^^^^^^^

warning: function `connect_local_port` is never used
   --> src\mcp_client.rs:318:14
    |
318 | pub async fn connect_local_port(port: u16) -> Result<McpClient, McpClientError> {
    |              ^^^^^^^^^^^^^^^^^^

warning: method `is_running` is never used
   --> src\mcp_server_native.rs:231:12
    |
181 | impl McpNativeServer {
    | -------------------- method in this implementation
...
231 |     pub fn is_running(&self) -> bool {
    |            ^^^^^^^^^^

warning: enum `NetworkState` is never used
  --> src\network.rs:22:10
   |
22 | pub enum NetworkState {
   |          ^^^^^^^^^^^^

warning: methods `icon`, `color`, and `is_active` are never used
  --> src\network.rs:32:12
   |
31 | impl NetworkState {
   | ----------------- methods in this implementation
32 |     pub fn icon(&self) -> &'static str {
   |            ^^^^
...
43 |     pub fn color(&self) -> u32 {
   |            ^^^^^
...
54 |     pub fn is_active(&self) -> bool {
   |            ^^^^^^^^^

warning: struct `NetworkRequest` is never constructed
  --> src\network.rs:61:12
   |
61 | pub struct NetworkRequest {
   |            ^^^^^^^^^^^^^^

warning: associated items `new`, `progress`, `duration`, `is_stalled`, and `describe` are never used
   --> src\network.rs:74:12
    |
 73 | impl NetworkRequest {
    | ------------------- associated items in this implementation
 74 |     pub fn new(id: u64, url: String, method: String) -> Self {
    |            ^^^
...
 90 |     pub fn progress(&self) -> Option<u8> {
    |            ^^^^^^^^
...
 98 |     pub fn duration(&self) -> Duration {
    |            ^^^^^^^^
...
103 |     pub fn is_stalled(&self) -> bool {
    |            ^^^^^^^^^^
...
110 |     pub fn describe(&self) -> String {
    |            ^^^^^^^^

warning: struct `NetworkMonitor` is never constructed
   --> src\network.rs:128:12
    |
128 | pub struct NetworkMonitor {
    |            ^^^^^^^^^^^^^^

warning: multiple associated items are never used
   --> src\network.rs:139:12
    |
138 | impl NetworkMonitor {
    | ------------------- associated items in this implementation
139 |     pub fn new() -> Self {
    |            ^^^
...
152 |     pub fn start_request(&mut self, url: String, method: String) -> u64 {
    |            ^^^^^^^^^^^^^
...
161 |     pub fn update_download(&mut self, id: u64, bytes: u64, total: Option<u64>) {
    |            ^^^^^^^^^^^^^^^
...
171 |     pub fn update_upload(&mut self, id: u64, bytes: u64) {
    |            ^^^^^^^^^^^^^
...
180 |     pub fn complete(&mut self, id: u64) {
    |            ^^^^^^^^
...
195 |     pub fn error(&mut self, id: u64, _error: &str) {
    |            ^^^^^
...
206 |     pub fn state(&self) -> NetworkState {
    |            ^^^^^
...
236 |     pub fn active_count(&self) -> usize {
    |            ^^^^^^^^^^^^
...
241 |     pub fn session_stats(&self) -> (u64, u64) {
    |            ^^^^^^^^^^^^^
...
249 |     pub fn active_requests(&self) -> Vec<&NetworkRequest> {
    |            ^^^^^^^^^^^^^^^
...
254 |     pub fn tick(&mut self) {
    |            ^^^^
...
263 |     pub fn format_bytes(bytes: u64) -> String {
    |            ^^^^^^^^^^^^
...
276 |     pub fn describe(&mut self) -> String {
    |            ^^^^^^^^
...
294 |     pub fn format_speed(bps: u64) -> String {
    |            ^^^^^^^^^^^^

warning: type alias `SharedNetworkMonitor` is never used
   --> src\network.rs:312:10
    |
312 | pub type SharedNetworkMonitor = Arc<Mutex<NetworkMonitor>>;
    |          ^^^^^^^^^^^^^^^^^^^^

warning: function `shared_monitor` is never used
   --> src\network.rs:314:8
    |
314 | pub fn shared_monitor() -> SharedNetworkMonitor {
    |        ^^^^^^^^^^^^^^

warning: function `shared_monitor_describe` is never used
   --> src\network.rs:319:8
    |
319 | pub fn shared_monitor_describe() -> String {
    |        ^^^^^^^^^^^^^^^^^^^^^^^

warning: methods `get_cookie`, `clear_cookies`, and `clear_cookies_for_host` are never used
   --> src\protocol.rs:191:12
    |
 14 | impl HttpClient {
    | --------------- methods in this implementation
...
191 |     pub fn get_cookie(&self, host: &str, name: &str) -> Option<&String> {
    |            ^^^^^^^^^^
...
200 |     pub fn clear_cookies(&mut self) {
    |            ^^^^^^^^^^^^^
...
204 |     pub fn clear_cookies_for_host(&mut self, host: &str) {
    |            ^^^^^^^^^^^^^^^^^^^^^^

warning: multiple associated items are never used
   --> src\protocol.rs:244:12
    |
243 | impl FetchOptions {
    | ----------------- associated items in this implementation
244 |     pub fn get() -> Self { FetchOptions::default() }
    |            ^^^
...
255 |     pub fn with_json_body(mut self, body: &str) -> Self {
    |            ^^^^^^^^^^^^^^
...
262 |     pub fn from_js_options(method: &str, body: Option<String>, credentials: &str, cache: &str, redirect: &str) -> Self {
    |            ^^^^^^^^^^^^^^^
...
273 |     pub fn with_credentials(mut self, mode: CredentialsMode) -> Self {
    |            ^^^^^^^^^^^^^^^^
...
278 |     pub fn with_cache(mut self, mode: CacheMode) -> Self {
    |            ^^^^^^^^^^
...
283 |     pub fn with_redirect(mut self, mode: RedirectMode) -> Self {
    |            ^^^^^^^^^^^^^
...
289 |     pub fn cors_with_credentials() -> Self {
    |            ^^^^^^^^^^^^^^^^^^^^^
...
297 |     pub fn anonymous() -> Self {
    |            ^^^^^^^^^
...
313 |     pub fn reload() -> Self {
    |            ^^^^^^
...
321 |     pub fn manual_redirect() -> Self {
    |            ^^^^^^^^^^^^^^^

warning: variant `Include` is never constructed
   --> src\protocol.rs:333:5
    |
330 | pub enum CredentialsMode {
    |          --------------- variant in this enum
...
333 |     Include,
    |     ^^^^^^^
    |
    = note: `CredentialsMode` has a derived impl for the trait `Clone`, but this is intentionally ignored during dead code analysis

warning: associated function `from_fetch_option` is never used
   --> src\protocol.rs:338:12
    |
336 | impl CredentialsMode {
    | -------------------- associated function in this implementation
337 |     /// Parse credentials mode from a JavaScript fetch() options string
338 |     pub fn from_fetch_option(s: &str) -> Self {
    |            ^^^^^^^^^^^^^^^^^

warning: variants `NoStore`, `Reload`, `ForceCache`, and `OnlyIfCached` are never constructed
   --> src\protocol.rs:350:5
    |
348 | pub enum CacheMode {
    |          --------- variants in this enum
349 |     Default,
350 |     NoStore,
    |     ^^^^^^^
351 |     Reload,
    |     ^^^^^^
352 |     NoCache,
353 |     ForceCache,
    |     ^^^^^^^^^^
354 |     OnlyIfCached,
    |     ^^^^^^^^^^^^
    |
    = note: `CacheMode` has a derived impl for the trait `Clone`, but this is intentionally ignored during dead code analysis

warning: associated function `from_fetch_option` is never used
   --> src\protocol.rs:359:12
    |
357 | impl CacheMode {
    | -------------- associated function in this implementation
358 |     /// Parse cache mode from a JavaScript fetch() options string
359 |     pub fn from_fetch_option(s: &str) -> Self {
    |            ^^^^^^^^^^^^^^^^^

warning: associated function `from_fetch_option` is never used
   --> src\protocol.rs:380:12
    |
378 | impl RedirectMode {
    | ----------------- associated function in this implementation
379 |     /// Parse redirect mode from a JavaScript fetch() options string
380 |     pub fn from_fetch_option(s: &str) -> Self {
    |            ^^^^^^^^^^^^^^^^^

warning: function `url_encode` is never used
   --> src\protocol.rs:460:8
    |
460 | pub fn url_encode(input: &str) -> String {
    |        ^^^^^^^^^^

warning: function `encode_form_data` is never used
   --> src\protocol.rs:476:8
    |
476 | pub fn encode_form_data(data: &HashMap<String, String>) -> String {
    |        ^^^^^^^^^^^^^^^^

warning: struct `MultipartFormData` is never constructed
   --> src\protocol.rs:484:12
    |
484 | pub struct MultipartFormData {
    |            ^^^^^^^^^^^^^^^^^

warning: struct `MultipartPart` is never constructed
   --> src\protocol.rs:489:8
    |
489 | struct MultipartPart {
    |        ^^^^^^^^^^^^^

warning: associated items `new`, `add_field`, `add_file`, `get_content_type`, and `encode` are never used
   --> src\protocol.rs:497:12
    |
496 | impl MultipartFormData {
    | ---------------------- associated items in this implementation
497 |     pub fn new() -> Self {
    |            ^^^
...
505 |     pub fn add_field(&mut self, name: &str, value: &str) {
    |            ^^^^^^^^^
...
514 |     pub fn add_file(&mut self, name: &str, filename: &str, content_type: &str, data: Vec<u8>) {
    |            ^^^^^^^^
...
523 |     pub fn get_content_type(&self) -> String {
    |            ^^^^^^^^^^^^^^^^
...
527 |     pub fn encode(&self) -> Vec<u8> {
    |            ^^^^^^

warning: associated function `command` is never used
   --> src\sync\protocol.rs:323:12
    |
307 | impl SyncMessage {
    | ---------------- associated function in this implementation
...
323 |     pub fn command(cmd: SyncCommand) -> Self {
    |            ^^^^^^^

warning: enum `UserCommand` is never used
   --> src\sync\protocol.rs:362:10
    |
362 | pub enum UserCommand {
    |          ^^^^^^^^^^^

warning: enum `UserEvent` is never used
   --> src\sync\protocol.rs:405:10
    |
405 | pub enum UserEvent {
    |          ^^^^^^^^^

warning: fields `id`, `connected_at`, and `subscriptions` are never read
  --> src\sync\server.rs:20:9
   |
19 | pub struct Client {
   |            ------ fields in this struct
20 |     pub id: u64,
   |         ^^
21 |     pub connected_at: Instant,
   |         ^^^^^^^^^^^^
22 |     pub last_ping: Instant,
23 |     pub subscriptions: Vec<String>,
   |         ^^^^^^^^^^^^^
   |
   = note: `Client` has a derived impl for the trait `Debug`, but this is intentionally ignored during dead code analysis

warning: methods `stop` and `disconnect_client` are never used
   --> src\sync\server.rs:140:12
    |
 46 | impl SyncServer {
    | --------------- methods in this implementation
...
140 |     pub fn stop(&mut self) {
    |            ^^^^
...
186 |     pub fn disconnect_client(&self, client_id: u64) {
    |            ^^^^^^^^^^^^^^^^^

warning: fields `ip`, `tailscale_hostname`, `user_agent`, `connected_at`, and `approved` are never read
   --> src\sync\secure.rs:184:9
    |
183 | pub struct ConnectedDevice {
    |            --------------- fields in this struct
184 |     pub ip: IpAddr,
    |         ^^
185 |     pub tailscale_hostname: Option<String>,
    |         ^^^^^^^^^^^^^^^^^^
186 |     pub user_agent: Option<String>,
    |         ^^^^^^^^^^
187 |     pub connected_at: std::time::Instant,
    |         ^^^^^^^^^^^^
188 |     pub approved: bool,
    |         ^^^^^^^^
    |
    = note: `ConnectedDevice` has derived impls for the traits `Clone` and `Debug`, but these are intentionally ignored during dead code analysis

warning: methods `is_tailscale` and `display_name` are never used
   --> src\sync\secure.rs:193:12
    |
191 | impl ConnectedDevice {
    | -------------------- methods in this implementation
192 |     /// Check if this device is from Tailscale
193 |     pub fn is_tailscale(&self) -> bool {
    |            ^^^^^^^^^^^^
...
202 |     pub fn display_name(&self) -> String {
    |            ^^^^^^^^^^^^

warning: fields `config`, `tailscale`, `connected_devices`, and `listener` are never read
   --> src\sync\secure.rs:213:9
    |
212 | pub struct SecureSyncServer {
    |            ---------------- fields in this struct
213 |     pub config: SyncConfig,
    |         ^^^^^^
214 |     pub tailscale: TailscaleInfo,
    |         ^^^^^^^^^
215 |     pub connected_devices: Vec<ConnectedDevice>,
    |         ^^^^^^^^^^^^^^^^^
216 |     listener: Option<TcpListener>,
    |     ^^^^^^^^

warning: associated items `new`, `start`, `should_allow`, `connection_info`, and `qr_data` are never used
   --> src\sync\secure.rs:220:12
    |
219 | impl SecureSyncServer {
    | --------------------- associated items in this implementation
220 |     pub fn new(config: SyncConfig) -> Self {
    |            ^^^
...
232 |     pub fn start(&mut self) -> Result<(), String> {
    |            ^^^^^
...
249 |     pub fn should_allow(&self, ip: IpAddr) -> bool {
    |            ^^^^^^^^^^^^
...
277 |     pub fn connection_info(&self) -> String {
    |            ^^^^^^^^^^^^^^^
...
308 |     pub fn qr_data(&self) -> Option<String> {
    |            ^^^^^^^

warning: method `description` is never used
  --> src\sync\family.rs:32:12
   |
30 | impl TrustLevel {
   | --------------- method in this implementation
31 |     /// Get human-readable description
32 |     pub fn description(&self) -> &'static str {
   |            ^^^^^^^^^^^

warning: multiple methods are never used
   --> src\sync\family.rs:75:12
    |
 73 | impl FamilyConfig {
    | ----------------- methods in this implementation
 74 |     /// Check if a device is allowed to connect
 75 |     pub fn is_allowed(&self, device_id: &str) -> bool {
    |            ^^^^^^^^^^
...
 86 |     pub fn can_approve(&self, device_id: &str) -> bool {
    |            ^^^^^^^^^^^
...
 93 |     pub fn request_device(&mut self, id: String, name: String, owner: String) -> &FamilyDevice {
    |            ^^^^^^^^^^^^^^
...
120 |     pub fn approve_device(&mut self, device_id: &str, approver_id: &str, trust: TrustLevel) -> Result<(), String> {
    |            ^^^^^^^^^^^^^^
...
142 |     pub fn block_device(&mut self, device_id: &str, blocker_id: &str) -> Result<(), String> {
    |            ^^^^^^^^^^^^
...
156 |     pub fn remove_device(&mut self, device_id: &str, remover_id: &str) -> Result<(), String> {
    |            ^^^^^^^^^^^^^
...
166 |     pub fn pending_devices(&self) -> Vec<&FamilyDevice> {
    |            ^^^^^^^^^^^^^^^
...
173 |     pub fn touch_device(&mut self, device_id: &str) {
    |            ^^^^^^^^^^^^
...
185 |     pub fn upgrade_trust(&mut self, device_id: &str, upgrader_id: &str, new_level: TrustLevel) -> Result<(), String> {
    |            ^^^^^^^^^^^^^
...
204 |     pub fn bootstrap_admin(&mut self, id: String, name: String, owner: String) -> &FamilyDevice {
    |            ^^^^^^^^^^^^^^^

warning: struct `DevicePresence` is never constructed
   --> src\sync\family.rs:230:12
    |
230 | pub struct DevicePresence {
    |            ^^^^^^^^^^^^^^

warning: enum `FamilyNotification` is never used
   --> src\sync\family.rs:242:10
    |
242 | pub enum FamilyNotification {
    |          ^^^^^^^^^^^^^^^^^^

warning: methods `requires_pin`, `public_key`, and `device_id` are never used
   --> src\sync\users.rs:97:12
    |
 51 | impl UserProfile {
    | ---------------- methods in this implementation
...
 97 |     pub fn requires_pin(&self) -> bool {
    |            ^^^^^^^^^^^^
...
120 |     pub fn public_key(&self) -> &str {
    |            ^^^^^^^^^^
...
125 |     pub fn device_id(&self) -> &str {
    |            ^^^^^^^^^

warning: fields `user_id`, `session_id`, `device_name`, `tailscale_id`, `started_at`, and `last_activity` are never read
   --> src\sync\users.rs:154:9
    |
153 | pub struct UserSession {
    |            ----------- fields in this struct
154 |     pub user_id: String,
    |         ^^^^^^^
155 |     pub session_id: String,
    |         ^^^^^^^^^^
156 |     pub device_name: String,
    |         ^^^^^^^^^^^
157 |     pub tailscale_id: Option<String>,
    |         ^^^^^^^^^^^^
158 |     pub started_at: std::time::Instant,
    |         ^^^^^^^^^^
159 |     pub last_activity: std::time::Instant,
    |         ^^^^^^^^^^^^^
    |
    = note: `UserSession` has derived impls for the traits `Clone` and `Debug`, but these are intentionally ignored during dead code analysis

warning: associated items `new` and `touch` are never used
   --> src\sync\users.rs:163:12
    |
162 | impl UserSession {
    | ---------------- associated items in this implementation
163 |     pub fn new(user_id: String, device_name: String) -> Self {
    |            ^^^
...
175 |     pub fn touch(&mut self) {
    |            ^^^^^

warning: struct `UserLoginInfo` is never constructed
   --> src\sync\users.rs:316:12
    |
316 | pub struct UserLoginInfo {
    |            ^^^^^^^^^^^^^

warning: fields `focused` and `fullscreen` are never read
  --> src\ui\mod.rs:46:9
   |
31 | pub struct UI {
   |            -- fields in this struct
...
46 |     pub focused: bool,
   |         ^^^^^^^
47 |     pub fullscreen: bool,
   |         ^^^^^^^^^^

warning: field `start_size` is never read
  --> src\ui\mod.rs:58:33
   |
58 |     SidebarResize { edge: Edge, start_size: u32 },
   |     -------------               ^^^^^^^^^^
   |     |
   |     field in this variant
   |
   = note: `DragState` has derived impls for the traits `Clone` and `Debug`, but these are intentionally ignored during dead code analysis

warning: variants `TabMove` and `PanelMove` are never constructed
  --> src\ui\mod.rs:59:5
   |
57 | pub enum DragState {
   |          --------- variants in this enum
58 |     SidebarResize { edge: Edge, start_size: u32 },
59 |     TabMove { tab_id: u64, start_index: usize },
   |     ^^^^^^^
60 |     PanelMove { panel_id: String },
   |     ^^^^^^^^^
   |
   = note: `DragState` has derived impls for the traits `Clone` and `Debug`, but these are intentionally ignored during dead code analysis

warning: method `label` is never used
  --> src\ui\mod.rs:65:12
   |
63 | impl DragState {
   | -------------- method in this implementation
64 |     /// Label for the drag operation kind
65 |     pub fn label(&self) -> &'static str {
   |            ^^^^^

warning: multiple variants are never constructed
  --> src\ui\mod.rs:76:5
   |
75 | pub enum HoverElement {
   |          ------------ variants in this enum
76 |     Tab(u64),
   |     ^^^
77 |     TabClose(u64),
   |     ^^^^^^^^
78 |     SidebarToggle(Edge),
   |     ^^^^^^^^^^^^^
79 |     SidebarResize(Edge),
80 |     NavigationBack,
   |     ^^^^^^^^^^^^^^
81 |     NavigationForward,
   |     ^^^^^^^^^^^^^^^^^
82 |     NavigationRefresh,
   |     ^^^^^^^^^^^^^^^^^
83 |     AddressBar,
   |     ^^^^^^^^^^
84 |     None,
   |     ^^^^
   |
   = note: `HoverElement` has derived impls for the traits `Clone` and `Debug`, but these are intentionally ignored during dead code analysis

warning: method `label` is never used
  --> src\ui\mod.rs:89:12
   |
87 | impl HoverElement {
   | ----------------- method in this implementation
88 |     /// Label for the hover element kind
89 |     pub fn label(&self) -> &'static str {
   |            ^^^^^

warning: methods `stop_sync`, `process_sync`, `handle_sync_command`, `toggle_theme`, `status`, and `cursor` are never used
   --> src\ui\mod.rs:142:12
    |
104 | impl UI {
    | ------- methods in this implementation
...
142 |     pub fn stop_sync(&mut self) {
    |            ^^^^^^^^^
...
149 |     pub fn process_sync(&mut self) {
    |            ^^^^^^^^^^^^
...
161 |     fn handle_sync_command(&mut self, _client_id: u64, cmd: crate::sync::SyncCommand) {
    |        ^^^^^^^^^^^^^^^^^^^
...
360 |     pub fn toggle_theme(&mut self) {
    |            ^^^^^^^^^^^^
...
370 |     pub fn status(&self) -> String {
    |            ^^^^^^
...
385 |     pub fn cursor(&self) -> CursorStyle {
    |            ^^^^^^

warning: field `meta` is never read
   --> src\ui\mod.rs:407:9
    |
403 | pub struct Modifiers {
    |            --------- field in this struct
...
407 |     pub meta: bool,
    |         ^^^^
    |
    = note: `Modifiers` has derived impls for the traits `Clone` and `Debug`, but these are intentionally ignored during dead code analysis

warning: enum `CursorStyle` is never used
   --> src\ui\mod.rs:411:10
    |
411 | pub enum CursorStyle {
    |          ^^^^^^^^^^^

warning: method `css_name` is never used
   --> src\ui\mod.rs:426:12
    |
424 | impl CursorStyle {
    | ---------------- method in this implementation
425 |     /// CSS cursor name for this style
426 |     pub fn css_name(&self) -> &'static str {
    |            ^^^^^^^^

warning: method `describe` is never used
   --> src\ui\mod.rs:444:12
    |
442 | impl Modifiers {
    | -------------- method in this implementation
443 |     /// Describe active modifier keys
444 |     pub fn describe(&self) -> String {
    |            ^^^^^^^^

warning: associated items `load`, `save`, `parse_color`, and `color_to_u32` are never used
   --> src\ui\theme.rs:181:12
    |
179 | impl Theme {
    | ---------- associated items in this implementation
180 |     /// Load theme from TOML file
181 |     pub fn load<P: AsRef<Path>>(path: P) -> Result<Self, String> {
    |            ^^^^
...
189 |     pub fn save<P: AsRef<Path>>(&self, path: P) -> Result<(), String> {
    |            ^^^^
...
334 |     pub fn parse_color(hex: &str) -> (u8, u8, u8, u8) {
    |            ^^^^^^^^^^^
...
363 |     pub fn color_to_u32(hex: &str) -> u32 {
    |            ^^^^^^^^^^^^

warning: fields `themes` and `custom_path` are never read
   --> src\ui\theme.rs:372:5
    |
370 | pub struct ThemeManager {
    |            ------------ fields in this struct
371 |     current: Theme,
372 |     themes: HashMap<String, Theme>,
    |     ^^^^^^
373 |     custom_path: Option<String>,
    |     ^^^^^^^^^^^

warning: methods `load_custom`, `switch`, `current_mut`, `list_themes`, and `save_current` are never used
   --> src\ui\theme.rs:389:12
    |
376 | impl ThemeManager {
    | ----------------- methods in this implementation
...
389 |     pub fn load_custom<P: AsRef<Path>>(&mut self, path: P) -> Result<(), String> {
    |            ^^^^^^^^^^^
...
397 |     pub fn switch(&mut self, name: &str) -> Result<(), String> {
    |            ^^^^^^
...
410 |     pub fn current_mut(&mut self) -> &mut Theme {
    |            ^^^^^^^^^^^
...
414 |     pub fn list_themes(&self) -> Vec<&str> {
    |            ^^^^^^^^^^^
...
418 |     pub fn save_current(&self) -> Result<(), String> {
    |            ^^^^^^^^^^^^

warning: methods `is_horizontal` and `is_vertical` are never used
  --> src\ui\sidebar.rs:22:12
   |
17 | impl Edge {
   | --------- methods in this implementation
...
22 |     pub fn is_horizontal(&self) -> bool {
   |            ^^^^^^^^^^^^^
...
26 |     pub fn is_vertical(&self) -> bool {
   |            ^^^^^^^^^^^

warning: fields `id`, `title`, `icon`, and `widget` are never read
  --> src\ui\sidebar.rs:33:9
   |
32 | pub struct SidebarContent {
   |            -------------- fields in this struct
33 |     pub id: String,
   |         ^^
34 |     pub title: String,
   |         ^^^^^
35 |     pub icon: Option<String>,
   |         ^^^^
36 |     pub widget: SidebarWidget,
   |         ^^^^^^
   |
   = note: `SidebarContent` has derived impls for the traits `Clone` and `Debug`, but these are intentionally ignored during dead code analysis

warning: variants `TabList`, `History`, `Downloads`, `Extensions`, `Search`, and `Custom` are never constructed
  --> src\ui\sidebar.rs:41:5
   |
40 | pub enum SidebarWidget {
   |          ------------- variants in this enum
41 |     TabList,
   |     ^^^^^^^
...
44 |     History,
   |     ^^^^^^^
45 |     Downloads,
   |     ^^^^^^^^^
46 |     Extensions,
   |     ^^^^^^^^^^
47 |     DevTools,
48 |     Search,
   |     ^^^^^^
...
52 |     Custom(String),
   |     ^^^^^^
   |
   = note: `SidebarWidget` has derived impls for the traits `Clone` and `Debug`, but these are intentionally ignored during dead code analysis

warning: method `label` is never used
  --> src\ui\sidebar.rs:57:12
   |
55 | impl SidebarWidget {
   | ------------------ method in this implementation
56 |     /// Human-readable label for this widget type
57 |     pub fn label(&self) -> &'static str {
   |            ^^^^^

warning: method `describe` is never used
  --> src\ui\sidebar.rs:77:12
   |
75 | impl SidebarContent {
   | ------------------- method in this implementation
76 |     /// Describe this content entry for accessibility / debugging
77 |     pub fn describe(&self) -> String {
   |            ^^^^^^^^

warning: fields `dragging` and `hover` are never read
  --> src\ui\sidebar.rs:91:9
   |
84 | pub struct Sidebar {
   |            ------- fields in this struct
...
91 |     pub dragging: bool,
   |         ^^^^^^^^
92 |     pub hover: bool,
   |         ^^^^^
   |
   = note: `Sidebar` has derived impls for the traits `Clone` and `Debug`, but these are intentionally ignored during dead code analysis

warning: methods `with_size`, `remove_content`, `show`, `hide`, and `collapse` are never used
   --> src\ui\sidebar.rs:125:12
    |
 97 | impl Sidebar {
    | ------------ methods in this implementation
...
125 |     pub fn with_size(mut self, size: u32) -> Self {
    |            ^^^^^^^^^
...
134 |     pub fn remove_content(&mut self, id: &str) {
    |            ^^^^^^^^^^^^^^
...
146 |     pub fn show(&mut self) {
    |            ^^^^
...
152 |     pub fn hide(&mut self) {
    |            ^^^^
...
160 |     pub fn collapse(&mut self) {
    |            ^^^^^^^^

warning: methods `contains`, `right`, and `bottom` are never used
   --> src\ui\sidebar.rs:247:12
    |
246 | impl Rect {
    | --------- methods in this implementation
247 |     pub fn contains(&self, x: u32, y: u32) -> bool {
    |            ^^^^^^^^
...
251 |     pub fn right(&self) -> u32 {
    |            ^^^^^
...
255 |     pub fn bottom(&self) -> u32 {
    |            ^^^^^^

warning: methods `hit_test` and `move_content` are never used
   --> src\ui\sidebar.rs:385:12
    |
265 | impl SidebarLayout {
    | ------------------ methods in this implementation
...
385 |     pub fn hit_test(&self, x: u32, y: u32, viewport_width: u32, viewport_height: u32) -> Option<Edge> {
    |            ^^^^^^^^
...
407 |     pub fn move_content(&mut self, content_id: &str, from: Edge, to: Edge) {
    |            ^^^^^^^^^^^^

warning: variants `Terminal`, `Pdf`, and `Settings` are never constructed
  --> src\ui\tabs.rs:17:5
   |
12 | pub enum TabContent {
   |          ---------- variants in this enum
...
17 |     Terminal,
   |     ^^^^^^^^
18 |     /// PDF viewer
19 |     Pdf,
   |     ^^^
20 |     /// Settings page
21 |     Settings,
   |     ^^^^^^^^
   |
   = note: `TabContent` has derived impls for the traits `Clone` and `Debug`, but these are intentionally ignored during dead code analysis

warning: multiple fields are never read
  --> src\ui\tabs.rs:29:9
   |
27 | pub struct TerminalState {
   |            ------------- fields in this struct
28 |     /// Terminal output buffer (lines)
29 |     pub output: VecDeque<TerminalLine>,
   |         ^^^^^^
30 |     /// Maximum lines to keep
31 |     pub max_lines: usize,
   |         ^^^^^^^^^
32 |     /// Current input line
33 |     pub input_buffer: String,
   |         ^^^^^^^^^^^^
34 |     /// Cursor position in input
35 |     pub cursor_pos: usize,
   |         ^^^^^^^^^^
36 |     /// Command history
37 |     pub history: Vec<String>,
   |         ^^^^^^^
38 |     /// History navigation index
39 |     pub history_index: Option<usize>,
   |         ^^^^^^^^^^^^^
40 |     /// Current working directory
41 |     pub cwd: String,
   |         ^^^
42 |     /// Is a command currently running?
43 |     pub running: bool,
   |         ^^^^^^^
44 |     /// Process exit code of last command
45 |     pub last_exit_code: Option<i32>,
   |         ^^^^^^^^^^^^^^
46 |     /// Shell environment
47 |     pub env: std::collections::HashMap<String, String>,
   |         ^^^
   |
   = note: `TerminalState` has derived impls for the traits `Clone` and `Debug`, but these are intentionally ignored during dead code analysis

warning: fields `text` and `style` are never read
  --> src\ui\tabs.rs:53:9
   |
52 | pub struct TerminalLine {
   |            ------------ fields in this struct
53 |     pub text: String,
   |         ^^^^
54 |     pub style: TerminalStyle,
   |         ^^^^^
   |
   = note: `TerminalLine` has derived impls for the traits `Clone` and `Debug`, but these are intentionally ignored during dead code analysis

warning: fields `fg_color`, `bg_color`, `bold`, `dim`, and `underline` are never read
  --> src\ui\tabs.rs:60:9
   |
59 | pub struct TerminalStyle {
   |            ------------- fields in this struct
60 |     pub fg_color: TerminalColor,
   |         ^^^^^^^^
61 |     pub bg_color: TerminalColor,
   |         ^^^^^^^^
62 |     pub bold: bool,
   |         ^^^^
63 |     pub dim: bool,
   |         ^^^
64 |     pub underline: bool,
   |         ^^^^^^^^^
   |
   = note: `TerminalStyle` has derived impls for the traits `Clone` and `Debug`, but these are intentionally ignored during dead code analysis

warning: method `describe` is never used
  --> src\ui\tabs.rs:69:12
   |
67 | impl TerminalStyle {
   | ------------------ method in this implementation
68 |     /// Describe this style for accessibility / debugging
69 |     pub fn describe(&self) -> String {
   |            ^^^^^^^^

warning: multiple variants are never constructed
   --> src\ui\tabs.rs:85:5
    |
 82 | pub enum TerminalColor {
    |          ------------- variants in this enum
...
 85 |     Black,
    |     ^^^^^
 86 |     Red,
    |     ^^^
 87 |     Green,
    |     ^^^^^
 88 |     Yellow,
    |     ^^^^^^
 89 |     Blue,
    |     ^^^^
 90 |     Magenta,
    |     ^^^^^^^
 91 |     Cyan,
 92 |     White,
    |     ^^^^^
 93 |     BrightBlack,
    |     ^^^^^^^^^^^
 94 |     BrightRed,
    |     ^^^^^^^^^
 95 |     BrightGreen,
    |     ^^^^^^^^^^^
 96 |     BrightYellow,
    |     ^^^^^^^^^^^^
 97 |     BrightBlue,
    |     ^^^^^^^^^^
 98 |     BrightMagenta,
    |     ^^^^^^^^^^^^^
 99 |     BrightCyan,
    |     ^^^^^^^^^^
100 |     BrightWhite,
    |     ^^^^^^^^^^^
    |
    = note: `TerminalColor` has derived impls for the traits `Clone` and `Debug`, but these are intentionally ignored during dead code analysis

warning: methods `to_ansi_code` and `name` are never used
   --> src\ui\tabs.rs:105:12
    |
103 | impl TerminalColor {
    | ------------------ methods in this implementation
104 |     /// Return ANSI color code for this color
105 |     pub fn to_ansi_code(&self) -> u8 {
    |            ^^^^^^^^^^^^
...
128 |     pub fn name(&self) -> &'static str {
    |            ^^^^

warning: multiple methods are never used
   --> src\ui\tabs.rs:192:12
    |
157 | impl TerminalState {
    | ------------------ methods in this implementation
...
192 |     pub fn prompt(&self) -> String {
    |            ^^^^^^
...
200 |     fn short_cwd(&self) -> String {
    |        ^^^^^^^^^
...
211 |     pub fn print(&mut self, text: &str, style: TerminalStyle) {
    |            ^^^^^
...
222 |     pub fn println(&mut self, text: &str) {
    |            ^^^^^^^
...
227 |     pub fn print_error(&mut self, text: &str) {
    |            ^^^^^^^^^^^
...
235 |     pub fn execute(&mut self, command: &str) {
    |            ^^^^^^^
...
318 |     fn run_external_command(&mut self, command: &str) {
    |        ^^^^^^^^^^^^^^^^^^^^
...
363 |     pub fn input_char(&mut self, c: char) {
    |            ^^^^^^^^^^
...
369 |     pub fn backspace(&mut self) {
    |            ^^^^^^^^^
...
377 |     pub fn delete(&mut self) {
    |            ^^^^^^
...
384 |     pub fn submit(&mut self) {
    |            ^^^^^^
...
391 |     pub fn history_up(&mut self) {
    |            ^^^^^^^^^^
...
411 |     pub fn history_down(&mut self) {
    |            ^^^^^^^^^^^^
...
426 |     pub fn cursor_left(&mut self) {
    |            ^^^^^^^^^^^
...
433 |     pub fn cursor_right(&mut self) {
    |            ^^^^^^^^^^^^
...
440 |     pub fn cursor_home(&mut self) {
    |            ^^^^^^^^^^^
...
445 |     pub fn cursor_end(&mut self) {
    |            ^^^^^^^^^^

warning: variants `ContextMenu`, `KeyboardShortcut`, `MediaPlay`, `VideoInteraction`, and `TextSelection` are never constructed
   --> src\ui\tabs.rs:464:5
    |
452 | pub enum MeaningfulInteraction {
    |          --------------------- variants in this enum
...
464 |     ContextMenu,
    |     ^^^^^^^^^^^
465 |     /// User used keyboard shortcut
466 |     KeyboardShortcut,
    |     ^^^^^^^^^^^^^^^^
467 |     /// User played media
468 |     MediaPlay,
    |     ^^^^^^^^^
469 |     /// User interacted with video controls
470 |     VideoInteraction,
    |     ^^^^^^^^^^^^^^^^
471 |     /// User selected text
472 |     TextSelection,
    |     ^^^^^^^^^^^^^
    |
    = note: `MeaningfulInteraction` has derived impls for the traits `Clone` and `Debug`, but these are intentionally ignored during dead code analysis

warning: method `label` is never used
   --> src\ui\tabs.rs:477:12
    |
475 | impl MeaningfulInteraction {
    | -------------------------- method in this implementation
476 |     /// Human-readable label for the interaction kind
477 |     pub fn label(&self) -> &'static str {
    |            ^^^^^

warning: fields `page_loaded` and `warning_shown` are never read
   --> src\ui\tabs.rs:516:9
    |
508 | pub struct TabSandbox {
    |            ---------- fields in this struct
...
516 |     pub page_loaded: Instant,
    |         ^^^^^^^^^^^
...
528 |     pub warning_shown: bool,
    |         ^^^^^^^^^^^^^
    |
    = note: `TabSandbox` has derived impls for the traits `Clone` and `Debug`, but these are intentionally ignored during dead code analysis

warning: fields `block_auto_submit` and `limit_js_time` are never read
   --> src\ui\tabs.rs:544:9
    |
536 | pub struct SandboxRestrictions {
    |            ------------------- fields in this struct
...
544 |     pub block_auto_submit: bool,
    |         ^^^^^^^^^^^^^^^^^
...
554 |     pub limit_js_time: bool,
    |         ^^^^^^^^^^^^^
    |
    = note: `SandboxRestrictions` has derived impls for the traits `Clone` and `Debug`, but these are intentionally ignored during dead code analysis

warning: associated items `whitelisted`, `interaction_count`, and `describe` are never used
   --> src\ui\tabs.rs:573:12
    |
559 | impl TabSandbox {
    | --------------- associated items in this implementation
...
573 |     pub fn whitelisted() -> Self {
    |            ^^^^^^^^^^^
...
658 |     pub fn interaction_count(&self) -> usize {
    |            ^^^^^^^^^^^^^^^^^
...
668 |     pub fn describe(&self) -> String {
    |            ^^^^^^^^

warning: multiple variants are never constructed
   --> src\ui\tabs.rs:705:5
    |
704 | pub enum SandboxAction {
    |          ------------- variants in this enum
705 |     Clipboard,
    |     ^^^^^^^^^
706 |     Download,
    |     ^^^^^^^^
707 |     Popup,
708 |     Notification,
    |     ^^^^^^^^^^^^
709 |     MediaDevice,
    |     ^^^^^^^^^^^
710 |     Geolocation,
    |     ^^^^^^^^^^^
711 |     Fullscreen,
    |     ^^^^^^^^^^
712 |     ProtocolHandler,
    |     ^^^^^^^^^^^^^^^
    |
    = note: `SandboxAction` has derived impls for the traits `Clone` and `Debug`, but these are intentionally ignored during dead code analysis

warning: multiple fields are never read
   --> src\ui\tabs.rs:786:9
    |
782 | pub struct Tab {
    |            --- fields in this struct
...
786 |     pub favicon: Option<Vec<u8>>,
    |         ^^^^^^^
...
790 |     pub muted: bool,
    |         ^^^^^
791 |     pub audible: bool,
    |         ^^^^^^^
792 |     pub created_at: Instant,
    |         ^^^^^^^^^^
793 |     pub last_accessed: Instant,
794 |     pub group_id: Option<u64>,
    |         ^^^^^^^^
...
800 |     pub content_type: TabContent,
    |         ^^^^^^^^^^^^
...
803 |     pub terminal: Option<TerminalState>,
    |         ^^^^^^^^
    |
    = note: `Tab` has derived impls for the traits `Clone` and `Debug`, but these are intentionally ignored during dead code analysis

warning: method `is_stale` is never used
   --> src\ui\tabs.rs:848:12
    |
814 | impl TabPreview {
    | --------------- method in this implementation
...
848 |     pub fn is_stale(&self, max_age: Duration) -> bool {
    |            ^^^^^^^^

warning: associated items `new_terminal`, `is_terminal`, `new_pdf`, `content_label`, and `status` are never used
   --> src\ui\tabs.rs:876:12
    |
853 | impl Tab {
    | -------- associated items in this implementation
...
876 |     pub fn new_terminal(id: u64) -> Self {
    |            ^^^^^^^^^^^^
...
898 |     pub fn is_terminal(&self) -> bool {
    |            ^^^^^^^^^^^
...
903 |     pub fn new_pdf(id: u64, url: String) -> Self {
    |            ^^^^^^^
...
925 |     pub fn content_label(&self) -> &'static str {
    |            ^^^^^^^^^^^^^
...
956 |     pub fn status(&self) -> String {
    |            ^^^^^^

warning: fields `id`, `name`, `color`, and `collapsed` are never read
    --> src\ui\tabs.rs:1002:9
     |
1001 | pub struct TabGroup {
     |            -------- fields in this struct
1002 |     pub id: u64,
     |         ^^
1003 |     pub name: String,
     |         ^^^^
1004 |     pub color: String,
     |         ^^^^^
1005 |     pub collapsed: bool,
     |         ^^^^^^^^^
     |
     = note: `TabGroup` has derived impls for the traits `Clone` and `Debug`, but these are intentionally ignored during dead code analysis

warning: method `label` is never used
    --> src\ui\tabs.rs:1010:12
     |
1008 | impl TabGroup {
     | ------------- method in this implementation
1009 |     /// Describe the group for UI display
1010 |     pub fn label(&self) -> String {
     |            ^^^^^

warning: methods `total_height` and `hit_test` are never used
    --> src\ui\tabs.rs:1073:12
     |
1026 | impl TileLayout {
     | --------------- methods in this implementation
...
1073 |     pub fn total_height(&self, tab_count: usize) -> u32 {
     |            ^^^^^^^^^^^^
...
1082 |     pub fn hit_test(&self, x: u32, y: u32, tab_count: usize) -> Option<usize> {
     |            ^^^^^^^^

warning: fields `groups`, `next_group_id`, `scroll_offset`, and `preview_max_age` are never read
    --> src\ui\tabs.rs:1111:5
     |
1109 | pub struct TabManager {
     |            ---------- fields in this struct
1110 |     tabs: Vec<Tab>,
1111 |     groups: Vec<TabGroup>,
     |     ^^^^^^
...
1114 |     next_group_id: u64,
     |     ^^^^^^^^^^^^^
...
1120 |     pub scroll_offset: u32,
     |         ^^^^^^^^^^^^^
...
1124 |     pub preview_max_age: Duration,
     |         ^^^^^^^^^^^^^^^

warning: multiple methods are never used
    --> src\ui\tabs.rs:1158:12
     |
1128 | impl TabManager {
     | --------------- methods in this implementation
...
1158 |     pub fn create_terminal_tab(&mut self) -> u64 {
     |            ^^^^^^^^^^^^^^^^^^^
...
1345 |     pub fn move_tab(&mut self, from: usize, to: usize) {
     |            ^^^^^^^^
...
1353 |     pub fn toggle_pin(&mut self, id: u64) {
     |            ^^^^^^^^^^
...
1363 |     pub fn create_group(&mut self, name: String, color: String) -> u64 {
     |            ^^^^^^^^^^^^
...
1378 |     pub fn add_to_group(&mut self, tab_id: u64, group_id: u64) {
     |            ^^^^^^^^^^^^
...
1385 |     pub fn remove_from_group(&mut self, tab_id: u64) {
     |            ^^^^^^^^^^^^^^^^^
...
1392 |     pub fn groups(&self) -> &[TabGroup] {
     |            ^^^^^^
...
1397 |     pub fn recent_tabs(&self, limit: usize) -> Vec<&Tab> {
     |            ^^^^^^^^^^^
...
1405 |     pub fn duplicate_tab(&mut self, id: u64) -> Option<u64> {
     |            ^^^^^^^^^^^^^

warning: variant `FormField` is never constructed
  --> src\ui\input.rs:15:5
   |
10 | pub enum Focus {
   |          ----- variant in this enum
...
15 |     FormField(u64),  // Element ID
   |     ^^^^^^^^^
   |
   = note: `Focus` has derived impls for the traits `Clone` and `Debug`, but these are intentionally ignored during dead code analysis

warning: associated items `with_text`, `insert_str`, and `paste` are never used
   --> src\ui\input.rs:37:12
    |
 27 | impl TextInput {
    | -------------- associated items in this implementation
...
 37 |     pub fn with_text(text: &str) -> Self {
    |            ^^^^^^^^^
...
 56 |     pub fn insert_str(&mut self, s: &str) {
    |            ^^^^^^^^^^
...
198 |     pub fn paste(&mut self, text: &str) {
    |            ^^^^^

warning: field `mouse_pressed` is never read
   --> src\ui\input.rs:240:9
    |
227 | pub struct InputManager {
    |            ------------ field in this struct
...
240 |     pub mouse_pressed: bool,
    |         ^^^^^^^^^^^^^
    |
    = note: `InputManager` has a derived impl for the trait `Debug`, but this is intentionally ignored during dead code analysis

warning: method `paste` is never used
   --> src\ui\input.rs:492:12
    |
245 | impl InputManager {
    | ----------------- method in this implementation
...
492 |     pub fn paste(&mut self, text: &str) {
    |            ^^^^^

warning: multiple variants are never constructed
   --> src\ui\input.rs:530:8
    |
514 | pub enum Key {
    |          --- variants in this enum
...
530 |     A, B, C, D, E, F, G, H, I, J, K, L, M,
    |        ^     ^  ^  ^  ^  ^  ^  ^  ^     ^
531 |     N, O, P, Q, R, S, T, U, V, W, X, Y, Z,
    |     ^  ^  ^  ^     ^     ^           ^  ^
532 |     Num0, Num1, Num2, Num3, Num4, Num5, Num6, Num7, Num8, Num9,
    |     ^^^^  ^^^^  ^^^^  ^^^^  ^^^^  ^^^^  ^^^^  ^^^^  ^^^^  ^^^^
533 |     Key1, Key2,
    |     ^^^^  ^^^^
    |
    = note: `Key` has derived impls for the traits `Clone` and `Debug`, but these are intentionally ignored during dead code analysis

warning: associated function `from_char` is never used
   --> src\ui\input.rs:540:12
    |
538 | impl Key {
    | -------- associated function in this implementation
539 |     /// Map an ASCII character to the corresponding Key variant
540 |     pub fn from_char(c: char) -> Self {
    |            ^^^^^^^^^

warning: field `0` is never read
   --> src\ui\input.rs:610:14
    |
610 |     FindNext(String),
    |     -------- ^^^^^^
    |     |
    |     field in this variant
    |
    = note: `InputAction` has derived impls for the traits `Clone` and `Debug`, but these are intentionally ignored during dead code analysis
help: consider changing the field to be of unit type to suppress this warning while preserving the field numbering, or remove the field
    |
610 -     FindNext(String),
610 +     FindNext(()),
    |

warning: fields `0` and `1` are never read
   --> src\ui\input.rs:617:18
    |
617 |     TabListClick(i32, i32),
    |     ------------ ^^^  ^^^
    |     |
    |     fields in this variant
    |
    = note: `InputAction` has derived impls for the traits `Clone` and `Debug`, but these are intentionally ignored during dead code analysis
help: consider changing the fields to be of unit type to suppress this warning while preserving the field numbering, or remove the fields
    |
617 -     TabListClick(i32, i32),
617 +     TabListClick((), ()),
    |

warning: field `0` is never read
   --> src\ui\input.rs:618:19
    |
618 |     ForwardToPage(char),
    |     ------------- ^^^^
    |     |
    |     field in this variant
    |
    = note: `InputAction` has derived impls for the traits `Clone` and `Debug`, but these are intentionally ignored during dead code analysis
help: consider changing the field to be of unit type to suppress this warning while preserving the field numbering, or remove the field
    |
618 -     ForwardToPage(char),
618 +     ForwardToPage(()),
    |

warning: field `0` is never read
   --> src\ui\input.rs:619:22
    |
619 |     ForwardKeyToPage(Key),
    |     ---------------- ^^^
    |     |
    |     field in this variant
    |
    = note: `InputAction` has derived impls for the traits `Clone` and `Debug`, but these are intentionally ignored during dead code analysis
help: consider changing the field to be of unit type to suppress this warning while preserving the field numbering, or remove the field
    |
619 -     ForwardKeyToPage(Key),
619 +     ForwardKeyToPage(()),
    |

warning: field `0` is never read
   --> src\ui\input.rs:620:10
    |
620 |     Copy(String),
    |     ---- ^^^^^^
    |     |
    |     field in this variant
    |
    = note: `InputAction` has derived impls for the traits `Clone` and `Debug`, but these are intentionally ignored during dead code analysis
help: consider changing the field to be of unit type to suppress this warning while preserving the field numbering, or remove the field
    |
620 -     Copy(String),
620 +     Copy(()),
    |

warning: field `0` is never read
   --> src\ui\input.rs:621:9
    |
621 |     Cut(String),
    |     --- ^^^^^^
    |     |
    |     field in this variant
    |
    = note: `InputAction` has derived impls for the traits `Clone` and `Debug`, but these are intentionally ignored during dead code analysis
help: consider changing the field to be of unit type to suppress this warning while preserving the field numbering, or remove the field
    |
621 -     Cut(String),
621 +     Cut(()),
    |

warning: variants `AllowPendingPopup`, `BlockPendingPopup`, `AllowDomainPopups`, and `BlockDomainPopups` are never constructed
   --> src\ui\input.rs:623:5
    |
590 | pub enum InputAction {
    |          ----------- variants in this enum
...
623 |     AllowPendingPopup,
    |     ^^^^^^^^^^^^^^^^^
624 |     BlockPendingPopup,
    |     ^^^^^^^^^^^^^^^^^
625 |     AllowDomainPopups(String),
    |     ^^^^^^^^^^^^^^^^^
626 |     BlockDomainPopups(String),
    |     ^^^^^^^^^^^^^^^^^
    |
    = note: `InputAction` has derived impls for the traits `Clone` and `Debug`, but these are intentionally ignored during dead code analysis

warning: method `label` is never used
   --> src\ui\input.rs:631:12
    |
629 | impl InputAction {
    | ---------------- method in this implementation
630 |     /// Label for the action kind (useful for logging / accessibility)
631 |     pub fn label(&self) -> &'static str {
    |            ^^^^^

warning: method `describe` is never used
   --> src\ui\input.rs:707:12
    |
705 | impl UiBounds {
    | ------------- method in this implementation
706 |     /// Describe all element bounds for debugging
707 |     pub fn describe(&self) -> String {
    |            ^^^^^^^^

warning: fields `url`, `method`, and `content_type` are never read
  --> src\ui\network_bar.rs:44:9
   |
42 | pub struct NetworkRequest {
   |            -------------- fields in this struct
43 |     pub id: u64,
44 |     pub url: String,
   |         ^^^
45 |     pub host: String,
46 |     pub method: String,
   |         ^^^^^^
...
51 |     pub content_type: Option<String>,
   |         ^^^^^^^^^^^^
   |
   = note: `NetworkRequest` has derived impls for the traits `Clone` and `Debug`, but these are intentionally ignored during dead code analysis

warning: associated items `new`, `send_duration_ms`, and `total_duration_ms` are never used
   --> src\ui\network_bar.rs:78:12
    |
 77 | impl RequestTiming {
    | ------------------ associated items in this implementation
 78 |     pub fn new() -> Self {
    |            ^^^
...
 97 |     pub fn send_duration_ms(&self) -> Option<f64> {
    |            ^^^^^^^^^^^^^^^^
...
118 |     pub fn total_duration_ms(&self, started: Instant) -> f64 {
    |            ^^^^^^^^^^^^^^^^^

warning: method `timing_summary` is never used
   --> src\ui\network_bar.rs:126:12
    |
124 | impl NetworkRequest {
    | ------------------- method in this implementation
125 |     /// Summarize timing phases for this request
126 |     pub fn timing_summary(&self) -> String {
    |            ^^^^^^^^^^^^^^

warning: variants `Sending` and `Cancelled` are never constructed
   --> src\ui\network_bar.rs:157:5
    |
155 | pub enum RequestState {
    |          ------------ variants in this enum
156 |     Connecting,
157 |     Sending,
    |     ^^^^^^^
...
162 |     Cancelled,
    |     ^^^^^^^^^
    |
    = note: `RequestState` has derived impls for the traits `Clone` and `Debug`, but these are intentionally ignored during dead code analysis

warning: field `request_count` is never read
   --> src\ui\network_bar.rs:169:9
    |
166 | pub struct ActivitySample {
    |            -------------- field in this struct
...
169 |     pub request_count: usize,
    |         ^^^^^^^^^^^^^
    |
    = note: `ActivitySample` has derived impls for the traits `Clone` and `Debug`, but these are intentionally ignored during dead code analysis

warning: methods `set_content_length`, `set_content_type`, `cancel_request`, `toggle_expanded`, `hover_tooltip`, and `is_hovered` are never used
   --> src\ui\network_bar.rs:264:12
    |
172 | impl NetworkBar {
    | --------------- methods in this implementation
...
264 |     pub fn set_content_length(&mut self, id: u64, length: u64) {
    |            ^^^^^^^^^^^^^^^^^^
...
271 |     pub fn set_content_type(&mut self, id: u64, content_type: &str) {
    |            ^^^^^^^^^^^^^^^^
...
320 |     pub fn cancel_request(&mut self, id: u64) {
    |            ^^^^^^^^^^^^^^
...
446 |     pub fn toggle_expanded(&mut self) {
    |            ^^^^^^^^^^^^^^^
...
451 |     pub fn hover_tooltip(&self) -> Vec<String> {
    |            ^^^^^^^^^^^^^
...
507 |     pub fn is_hovered(&self, mouse_x: i32, mouse_y: i32, bar_x: i32, bar_y: i32, bar_w: i32, bar_h: i32) -> bool {
    |            ^^^^^^^^^^

warning: function `format_bytes` is never used
   --> src\ui\network_bar.rs:519:8
    |
519 | pub fn format_bytes(bytes: u64) -> String {
    |        ^^^^^^^^^^^^

warning: function `truncate_url` is never used
   --> src\ui\network_bar.rs:539:8
    |
539 | pub fn truncate_url(url: &str, max: usize) -> String {
    |        ^^^^^^^^^^^^

warning: field `idle` is never read
   --> src\ui\network_bar.rs:585:9
    |
583 | pub struct NetworkBarColors {
    |            ---------------- field in this struct
584 |     pub background: u32,
585 |     pub idle: u32,
    |         ^^^^

warning: fields `opener_url`, `reason`, and `classification` are never read
  --> src\ui\popup.rs:39:9
   |
37 | pub struct PendingPopup {
   |            ------------ fields in this struct
38 |     pub url: String,
39 |     pub opener_url: String,
   |         ^^^^^^^^^^
40 |     pub opener_domain: String,
41 |     pub reason: PopupReason,
   |         ^^^^^^
42 |     pub timestamp: Instant,
43 |     pub classification: PopupClassification,
   |         ^^^^^^^^^^^^^^
   |
   = note: `PendingPopup` has derived impls for the traits `Clone` and `Debug`, but these are intentionally ignored during dead code analysis

warning: variants `TargetBlank`, `FormSubmit`, `UserClick`, and `Unknown` are never constructed
  --> src\ui\popup.rs:49:5
   |
47 | pub enum PopupReason {
   |          ----------- variants in this enum
48 |     WindowOpen,      // window.open()
49 |     TargetBlank,     // target="_blank"
   |     ^^^^^^^^^^^
50 |     FormSubmit,      // Form submission to new window
   |     ^^^^^^^^^^
51 |     UserClick,       // User clicked a link
   |     ^^^^^^^^^
52 |     Script,          // Script-initiated
53 |     Unknown,
   |     ^^^^^^^
   |
   = note: `PopupReason` has derived impls for the traits `Clone` and `Debug`, but these are intentionally ignored during dead code analysis

warning: method `label` is never used
  --> src\ui\popup.rs:58:12
   |
56 | impl PopupReason {
   | ---------------- method in this implementation
57 |     /// Human-readable label for this popup reason
58 |     pub fn label(&self) -> &'static str {
   |            ^^^^^

warning: variants `KeyPress`, `FormSubmit`, and `Scroll` are never constructed
  --> src\ui\popup.rs:83:5
   |
81 | pub enum InteractionType {
   |          --------------- variants in this enum
82 |     Click,
83 |     KeyPress,
   |     ^^^^^^^^
84 |     FormSubmit,
   |     ^^^^^^^^^^
85 |     Scroll,
   |     ^^^^^^
   |
   = note: `InteractionType` has derived impls for the traits `Clone` and `Debug`, but these are intentionally ignored during dead code analysis

warning: method `label` is never used
  --> src\ui\popup.rs:90:12
   |
88 | impl InteractionType {
   | -------------------- method in this implementation
89 |     /// Human-readable label for this interaction type
90 |     pub fn label(&self) -> &'static str {
   |            ^^^^^

warning: fields `classification` and `show_notification` are never read
   --> src\ui\popup.rs:104:9
    |
102 | pub struct PopupDecision {
    |            ------------- fields in this struct
103 |     pub allow: bool,
104 |     pub classification: PopupClassification,
    |         ^^^^^^^^^^^^^^
105 |     pub reason: String,
106 |     pub show_notification: bool,
    |         ^^^^^^^^^^^^^^^^^
    |
    = note: `PopupDecision` has derived impls for the traits `Clone` and `Debug`, but these are intentionally ignored during dead code analysis

warning: method `describe` is never used
   --> src\ui\popup.rs:111:12
    |
109 | impl PopupDecision {
    | ------------------ method in this implementation
110 |     /// Describe the decision for logging / UI display
111 |     pub fn describe(&self) -> String {
    |            ^^^^^^^^

warning: method `describe` is never used
   --> src\ui\popup.rs:121:12
    |
119 | impl PendingPopup {
    | ----------------- method in this implementation
120 |     /// Describe the pending popup for UI / logging
121 |     pub fn describe(&self) -> String {
    |            ^^^^^^^^

warning: methods `blocked_for` and `pending_count` are never used
   --> src\ui\popup.rs:361:12
    |
134 | impl PopupManager {
    | ----------------- methods in this implementation
...
361 |     pub fn blocked_for(&self, domain: &str) -> u32 {
    |            ^^^^^^^^^^^
...
365 |     pub fn pending_count(&self) -> usize {
    |            ^^^^^^^^^^^^^

warning: struct `Point` is never constructed
  --> src\ui\render.rs:71:12
   |
71 | pub struct Point { pub x: i32, pub y: i32 }
   |            ^^^^^

warning: struct `UIMain` is never constructed
 --> src\ui\app.rs:6:12
  |
6 | pub struct UIMain {
  |            ^^^^^^

warning: associated function `new` is never used
  --> src\ui\app.rs:13:12
   |
12 | impl UIMain {
   | ----------- associated function in this implementation
13 |     pub fn new() -> Self {
   |            ^^^

warning: function `run_ui` is never used
  --> src\ui\app.rs:93:8
   |
93 | pub fn run_ui() -> Result<(), String> {
   |        ^^^^^^

warning: struct `HitResult` is never constructed
  --> src\hittest.rs:15:12
   |
15 | pub struct HitResult {
   |            ^^^^^^^^^

warning: enum `ElementType` is never used
  --> src\hittest.rs:26:10
   |
26 | pub enum ElementType {
   |          ^^^^^^^^^^^

warning: enum `CursorType` is never used
  --> src\hittest.rs:37:10
   |
37 | pub enum CursorType {
   |          ^^^^^^^^^^

warning: associated function `for_element` is never used
  --> src\hittest.rs:47:12
   |
45 | impl CursorType {
   | --------------- associated function in this implementation
46 |     /// Map element type to the appropriate cursor
47 |     pub fn for_element(element: ElementType, is_draggable: bool, is_disabled: bool) -> Self {
   |            ^^^^^^^^^^^

warning: method `describe` is never used
  --> src\hittest.rs:64:12
   |
62 | impl HitResult {
   | -------------- method in this implementation
63 |     /// Summary of the hit result for diagnostics
64 |     pub fn describe(&self) -> String {
   |            ^^^^^^^^

warning: function `hit_test` is never used
  --> src\hittest.rs:77:8
   |
77 | pub fn hit_test(layout: &LayoutBox, x: f32, y: f32) -> Option<HitResult> {
   |        ^^^^^^^^

warning: function `get_total_bounds` is never used
   --> src\hittest.rs:115:4
    |
115 | fn get_total_bounds(layout: &LayoutBox) -> Rect {
    |    ^^^^^^^^^^^^^^^^

warning: function `hit_test_all` is never used
   --> src\hittest.rs:126:8
    |
126 | pub fn hit_test_all(layout: &LayoutBox, x: f32, y: f32) -> Vec<HitResult> {
    |        ^^^^^^^^^^^^

warning: function `hit_test_all_recursive` is never used
   --> src\hittest.rs:132:4
    |
132 | fn hit_test_all_recursive(layout: &LayoutBox, x: f32, y: f32, results: &mut Vec<HitResult>) {
    |    ^^^^^^^^^^^^^^^^^^^^^^

warning: function `get_href` is never used
   --> src\hittest.rs:166:4
    |
166 | fn get_href(layout: &LayoutBox) -> Option<String> {
    |    ^^^^^^^^

warning: function `get_element_type` is never used
   --> src\hittest.rs:181:4
    |
181 | fn get_element_type(layout: &LayoutBox) -> ElementType {
    |    ^^^^^^^^^^^^^^^^

warning: struct `InteractionTracker` is never constructed
   --> src\hittest.rs:204:12
    |
204 | pub struct InteractionTracker {
    |            ^^^^^^^^^^^^^^^^^^

warning: associated items `new`, `record_click`, `record_input`, `get_quality_score`, and `describe` are never used
   --> src\hittest.rs:212:12
    |
211 | impl InteractionTracker {
    | ----------------------- associated items in this implementation
212 |     pub fn new() -> Self {
    |            ^^^
...
221 |     pub fn record_click(&mut self, _hit: &HitResult) -> InteractionQuality {
    |            ^^^^^^^^^^^^
...
227 |     pub fn record_input(&mut self, node_id: usize, char_count: usize) -> InteractionQuality {
    |            ^^^^^^^^^^^^
...
241 |     pub fn get_quality_score(&self) -> f32 {
    |            ^^^^^^^^^^^^^^^^^
...
250 |     pub fn describe(&self) -> String {
    |            ^^^^^^^^

warning: enum `InteractionQuality` is never used
   --> src\hittest.rs:258:10
    |
258 | pub enum InteractionQuality {
    |          ^^^^^^^^^^^^^^^^^^

warning: methods `describe` and `get_pixel` are never used
  --> src\imaging.rs:25:12
   |
23 | impl ImageData {
   | -------------- methods in this implementation
24 |     /// Summary of image dimensions and data size
25 |     pub fn describe(&self) -> String {
   |            ^^^^^^^^
...
35 |     pub fn get_pixel(&self, x: u32, y: u32) -> [u8; 4] {
   |            ^^^^^^^^^

warning: field `0` is never read
  --> src\imaging.rs:66:11
   |
66 |     Error(String),
   |     ----- ^^^^^^
   |     |
   |     field in this variant
   |
   = note: `ImageState` has derived impls for the traits `Clone` and `Debug`, but these are intentionally ignored during dead code analysis
help: consider changing the field to be of unit type to suppress this warning while preserving the field numbering, or remove the field
   |
66 -     Error(String),
66 +     Error(()),
   |

warning: associated items `with_max_size`, `describe`, and `clear` are never used
   --> src\imaging.rs:89:12
    |
 79 | impl ImageCache {
    | --------------- associated items in this implementation
...
 89 |     pub fn with_max_size(max_size: usize) -> Self {
    |            ^^^^^^^^^^^^^
...
136 |     pub fn describe(&self) -> String {
    |            ^^^^^^^^
...
142 |     pub fn clear(&mut self) {
    |            ^^^^^

warning: function `global_image_cache` is never used
   --> src\imaging.rs:322:8
    |
322 | pub fn global_image_cache() -> Arc<RwLock<ImageCache>> {
    |        ^^^^^^^^^^^^^^^^^^

warning: function `cache_clear_global` is never used
   --> src\imaging.rs:342:8
    |
342 | pub fn cache_clear_global() {
    |        ^^^^^^^^^^^^^^^^^^

warning: function `load_image_blocking` is never used
   --> src\imaging.rs:370:8
    |
370 | pub fn load_image_blocking(url: &str) -> Result<ImageData, String> {
    |        ^^^^^^^^^^^^^^^^^^^

warning: function `request_image` is never used
   --> src\imaging.rs:439:8
    |
439 | pub fn request_image(url: &str, callback: Box<dyn Fn(ImageState) + Send + 'static>) {
    |        ^^^^^^^^^^^^^

warning: function `load_or_broken` is never used
   --> src\imaging.rs:468:8
    |
468 | pub fn load_or_broken(url: &str, w: u32, h: u32) -> ImageData {
    |        ^^^^^^^^^^^^^^

warning: function `resize_image` is never used
   --> src\imaging.rs:476:8
    |
476 | pub fn resize_image(img: &ImageData, new_width: u32, new_height: u32) -> ImageData {
    |        ^^^^^^^^^^^^

warning: function `broken_image_icon` is never used
   --> src\imaging.rs:510:8
    |
510 | pub fn broken_image_icon(width: u32, height: u32) -> ImageData {
    |        ^^^^^^^^^^^^^^^^^

warning: variants `WhatIsThis`, `IsThisSafe`, `HowDoI`, and `EasterEgg` are never constructed
  --> src\ai.rs:58:5
   |
57 | pub enum HelpQuery {
   |          --------- variants in this enum
58 |     WhatIsThis { element: String },      // "?" on any UI element
   |     ^^^^^^^^^^
59 |     ExplainPage { url: String },          // "What is this site?"
60 |     IsThisSafe { url: String },           // Quick safety check
   |     ^^^^^^^^^^
61 |     HowDoI { action: String },            // "How do I..."
   |     ^^^^^^
62 |     EasterEgg { trigger: String },        // Hidden discoveries
   |     ^^^^^^^^^
   |
   = note: `HelpQuery` has a derived impl for the trait `Debug`, but this is intentionally ignored during dead code analysis

warning: constant `FOODIE_FINDER_URL` is never used
  --> src\ai.rs:79:11
   |
79 | pub const FOODIE_FINDER_URL: &str = "https://foodiefinder.app";
   |           ^^^^^^^^^^^^^^^^^

warning: field `code` is never read
  --> src\ai.rs:85:9
   |
83 | pub struct EasterEggReward {
   |            --------------- field in this struct
84 |     pub message: String,
85 |     pub code: String,
   |         ^^^^
   |
   = note: `EasterEggReward` has derived impls for the traits `Clone` and `Debug`, but these are intentionally ignored during dead code analysis

warning: method `describe` is never used
  --> src\ai.rs:91:12
   |
89 | impl EasterEggReward {
   | -------------------- method in this implementation
90 |     /// Summary of the reward
91 |     pub fn describe(&self) -> String {
   |            ^^^^^^^^

warning: method `describe` is never used
  --> src\ai.rs:98:12
   |
96 | impl AiRuntime {
   | -------------- method in this implementation
97 |     /// Summary of the AI runtime configuration
98 |     pub fn describe(&self) -> String {
   |            ^^^^^^^^

warning: associated items `enable_with_key`, `eggs_found`, `foodie_finder_url`, and `total_eggs` are never used
   --> src\ai.rs:110:12
    |
109 | impl AiConfig {
    | ------------- associated items in this implementation
110 |     pub fn enable_with_key(&mut self, provider: AiProvider, key: String) {
    |            ^^^^^^^^^^^^^^^
...
133 |     pub fn eggs_found(&self) -> usize {
    |            ^^^^^^^^^^
...
138 |     pub fn foodie_finder_url() -> &'static str {
    |            ^^^^^^^^^^^^^^^^^
...
142 |     pub fn total_eggs() -> usize {
    |            ^^^^^^^^^^

warning: function `help_query_for_context` is never used
   --> src\ai.rs:196:8
    |
196 | pub fn help_query_for_context(context: &str, url: &str) -> HelpQuery {
    |        ^^^^^^^^^^^^^^^^^^^^^^

warning: struct `SessionState` is never constructed
   --> src\data.rs:131:12
    |
131 | pub struct SessionState {
    |            ^^^^^^^^^^^^

warning: fields `user_id`, `user_name`, and `config` are never read
  --> src\setup.rs:21:9
   |
20 | pub struct SetupResult {
   |            ----------- fields in this struct
21 |     pub user_id: String,
   |         ^^^^^^^
22 |     pub user_name: String,
   |         ^^^^^^^^^
23 |     pub config: Config,
   |         ^^^^^^

warning: methods `status` and `download` are never used
  --> src\update.rs:94:12
   |
39 | impl UpdateChecker {
   | ------------------ methods in this implementation
...
94 |     pub fn status(&self) -> &UpdateStatus {
   |            ^^^^^^
...
99 |     pub fn download(&self, info: &VersionInfo) -> Result<std::path::PathBuf, String> {
   |            ^^^^^^^^

warning: methods `set_storage`, `get_storage`, and `remove_storage` are never used
   --> src\extensions.rs:286:12
    |
207 | impl ExtensionManager {
    | --------------------- methods in this implementation
...
286 |     pub fn set_storage(&mut self, ext_id: &str, key: &str, value: &str) {
    |            ^^^^^^^^^^^
...
292 |     pub fn get_storage(&self, ext_id: &str, key: &str) -> Option<&String> {
    |            ^^^^^^^^^^^
...
296 |     pub fn remove_storage(&mut self, ext_id: &str, key: &str) {
    |            ^^^^^^^^^^^^^^

warning: struct `ExtensionAPI` is never constructed
   --> src\extensions.rs:327:12
    |
327 | pub struct ExtensionAPI {
    |            ^^^^^^^^^^^^

warning: associated items `new`, `send_message`, and `get_url` are never used
   --> src\extensions.rs:332:12
    |
331 | impl ExtensionAPI {
    | ----------------- associated items in this implementation
332 |     pub fn new(ext_id: &str) -> Self {
    |            ^^^
...
336 |     pub fn send_message(&self, _message: &str) -> Result<String, String> {
    |            ^^^^^^^^^^^^
...
341 |     pub fn get_url(&self, path: &str) -> String {
    |            ^^^^^^^

warning: methods `filename`, `model_path`, and `download_url` are never used
  --> src\voice.rs:50:12
   |
49 | impl WhisperModel {
   | ----------------- methods in this implementation
50 |     pub fn filename(&self) -> &'static str {
   |            ^^^^^^^^
...
60 |     pub fn model_path(&self) -> String {
   |            ^^^^^^^^^^
...
64 |     pub fn download_url(&self) -> &'static str {
   |            ^^^^^^^^^^^^

warning: method `status` is never used
  --> src\voice.rs:99:12
   |
97 | impl VoiceConfig {
   | ---------------- method in this implementation
98 |     /// Return a human-readable summary of the voice configuration
99 |     pub fn status(&self) -> String {
   |            ^^^^^^

warning: variants `Listening`, `Recording`, `Transcribing`, and `Error` are never constructed
   --> src\voice.rs:139:5
    |
135 | pub enum VoiceState {
    |          ---------- variants in this enum
...
139 |     Listening,
    |     ^^^^^^^^^
140 |     /// Voice detected, recording
141 |     Recording,
    |     ^^^^^^^^^
142 |     /// Processing through Whisper
143 |     Transcribing,
    |     ^^^^^^^^^^^^
144 |     /// Error occurred
145 |     Error(String),
    |     ^^^^^
    |
    = note: `VoiceState` has derived impls for the traits `Clone` and `Debug`, but these are intentionally ignored during dead code analysis

warning: fields `state`, `audio_buffer`, `sample_rate`, `duration_secs`, `transcript`, and `confidence` are never read
   --> src\voice.rs:151:9
    |
150 | pub struct VoiceSession {
    |            ------------ fields in this struct
151 |     pub state: VoiceState,
    |         ^^^^^
152 |     pub audio_buffer: Vec<f32>,
    |         ^^^^^^^^^^^^
153 |     pub sample_rate: u32,
    |         ^^^^^^^^^^^
154 |     pub duration_secs: f32,
    |         ^^^^^^^^^^^^^
155 |     pub transcript: Option<String>,
    |         ^^^^^^^^^^
156 |     pub confidence: Option<f32>,
    |         ^^^^^^^^^^
    |
    = note: `VoiceSession` has a derived impl for the trait `Debug`, but this is intentionally ignored during dead code analysis

warning: method `status` is never used
   --> src\voice.rs:161:12
    |
159 | impl VoiceSession {
    | ----------------- method in this implementation
160 |     /// Return a human-readable summary of the current session
161 |     pub fn status(&self) -> String {
    |            ^^^^^^

warning: fields `config`, `model_loaded`, `error`, and `model_params` are never read
   --> src\voice.rs:200:5
    |
199 | pub struct WhisperEngine {
    |            ------------- fields in this struct
200 |     config: VoiceConfig,
    |     ^^^^^^
201 |     model_loaded: bool,
    |     ^^^^^^^^^^^^
202 |     error: Option<String>,
    |     ^^^^^
203 |     /// Cached model parameters for transcription
204 |     model_params: WhisperParams,
    |     ^^^^^^^^^^^^

warning: multiple fields are never read
   --> src\voice.rs:211:9
    |
209 | pub struct WhisperParams {
    |            ------------- fields in this struct
210 |     /// Language code (e.g., "en", "es", "auto")
211 |     pub language: String,
    |         ^^^^^^^^
212 |     /// Enable translation to English
213 |     pub translate: bool,
    |         ^^^^^^^^^
214 |     /// Number of threads for CPU inference
215 |     pub n_threads: u32,
    |         ^^^^^^^^^
216 |     /// Beam search size (1 = greedy)
217 |     pub beam_size: u32,
    |         ^^^^^^^^^
218 |     /// Word-level timestamps
219 |     pub word_timestamps: bool,
    |         ^^^^^^^^^^^^^^^
220 |     /// Maximum segment length in characters
221 |     pub max_segment_len: u32,
    |         ^^^^^^^^^^^^^^^
222 |     /// Initial prompt for context
223 |     pub initial_prompt: Option<String>,
    |         ^^^^^^^^^^^^^^
224 |     /// Suppress non-speech tokens
225 |     pub suppress_non_speech: bool,
    |         ^^^^^^^^^^^^^^^^^^^
    |
    = note: `WhisperParams` has derived impls for the traits `Clone` and `Debug`, but these are intentionally ignored during dead code analysis

warning: method `describe` is never used
   --> src\voice.rs:245:12
    |
243 | impl WhisperParams {
    | ------------------ method in this implementation
244 |     /// Return a human-readable summary of transcription parameters
245 |     pub fn describe(&self) -> String {
    |            ^^^^^^^^

warning: multiple methods are never used
   --> src\voice.rs:276:12
    |
260 | impl WhisperEngine {
    | ------------------ methods in this implementation
...
276 |     pub fn model_exists(&self) -> bool {
    |            ^^^^^^^^^^^^
...
281 |     pub fn model_size_bytes(&self) -> u64 {
    |            ^^^^^^^^^^^^^^^^
...
292 |     pub fn download_model(&self, progress_callback: Option<Box<dyn Fn(u64, u64)>>) -> Result<(), String> {
    |            ^^^^^^^^^^^^^^
...
340 |     pub fn load_model(&mut self) -> Result<(), String> {
    |            ^^^^^^^^^^
...
374 |     pub fn unload_model(&mut self) {
    |            ^^^^^^^^^^^^
...
380 |     pub fn is_loaded(&self) -> bool {
    |            ^^^^^^^^^
...
385 |     pub fn set_params(&mut self, params: WhisperParams) {
    |            ^^^^^^^^^^
...
390 |     pub fn transcribe(&self, samples: &[f32]) -> Result<TranscriptResult, String> {
    |            ^^^^^^^^^^
...
444 |     pub fn transcribe_streaming<F>(&self, samples: &[f32], mut callback: F) -> Result<TranscriptResult, String>
    |            ^^^^^^^^^^^^^^^^^^^^
...
499 |     pub fn status(&self) -> String {
    |            ^^^^^^

warning: struct `TranscriptResult` is never constructed
   --> src\voice.rs:515:12
    |
515 | pub struct TranscriptResult {
    |            ^^^^^^^^^^^^^^^^

warning: method `describe` is never used
   --> src\voice.rs:528:12
    |
526 | impl TranscriptResult {
    | --------------------- method in this implementation
527 |     /// Return a human-readable summary of the transcription
528 |     pub fn describe(&self) -> String {
    |            ^^^^^^^^

warning: struct `TranscriptSegment` is never constructed
   --> src\voice.rs:541:12
    |
541 | pub struct TranscriptSegment {
    |            ^^^^^^^^^^^^^^^^^

warning: method `describe` is never used
   --> src\voice.rs:550:12
    |
548 | impl TranscriptSegment {
    | ---------------------- method in this implementation
549 |     /// Return a human-readable summary of this segment
550 |     pub fn describe(&self) -> String {
    |            ^^^^^^^^

warning: enum `AudioFormat` is never used
   --> src\voice.rs:567:10
    |
567 | pub enum AudioFormat {
    |          ^^^^^^^^^^^

warning: associated functions `from_extension` and `from_mime` are never used
   --> src\voice.rs:576:12
    |
575 | impl AudioFormat {
    | ---------------- associated functions in this implementation
576 |     pub fn from_extension(ext: &str) -> Option<Self> {
    |            ^^^^^^^^^^^^^^
...
587 |     pub fn from_mime(mime: &str) -> Option<Self> {
    |            ^^^^^^^^^

warning: function `convert_to_whisper_format` is never used
   --> src\voice.rs:599:8
    |
599 | pub fn convert_to_whisper_format(bytes: &[u8], format: AudioFormat) -> Result<Vec<f32>, String> {
    |        ^^^^^^^^^^^^^^^^^^^^^^^^^

warning: function `convert_wav_to_f32` is never used
   --> src\voice.rs:610:4
    |
610 | fn convert_wav_to_f32(bytes: &[u8]) -> Result<Vec<f32>, String> {
    |    ^^^^^^^^^^^^^^^^^^

warning: function `find_wav_data_chunk` is never used
   --> src\voice.rs:697:4
    |
697 | fn find_wav_data_chunk(bytes: &[u8]) -> Option<usize> {
    |    ^^^^^^^^^^^^^^^^^^^

warning: function `convert_mp3_to_f32` is never used
   --> src\voice.rs:728:4
    |
728 | fn convert_mp3_to_f32(bytes: &[u8]) -> Result<Vec<f32>, String> {
    |    ^^^^^^^^^^^^^^^^^^

warning: function `convert_flac_to_f32` is never used
   --> src\voice.rs:786:4
    |
786 | fn convert_flac_to_f32(bytes: &[u8]) -> Result<Vec<f32>, String> {
    |    ^^^^^^^^^^^^^^^^^^^

warning: function `convert_ogg_to_f32` is never used
   --> src\voice.rs:839:4
    |
839 | fn convert_ogg_to_f32(bytes: &[u8]) -> Result<Vec<f32>, String> {
    |    ^^^^^^^^^^^^^^^^^^

warning: function `convert_raw_to_f32` is never used
   --> src\voice.rs:892:4
    |
892 | fn convert_raw_to_f32(bytes: &[u8]) -> Result<Vec<f32>, String> {
    |    ^^^^^^^^^^^^^^^^^^

warning: function `convert_raw_pcm` is never used
   --> src\voice.rs:903:8
    |
903 | pub fn convert_raw_pcm(bytes: &[u8], bits: u32, signed: bool, little_endian: bool) -> Result<Vec<f32>, String> {
    |        ^^^^^^^^^^^^^^^

warning: function `resample` is never used
   --> src\voice.rs:971:4
    |
971 | fn resample(samples: &[f32], from_rate: u32, to_rate: u32) -> Vec<f32> {
    |    ^^^^^^^^

warning: struct `AudioDevice` is never constructed
    --> src\voice.rs:1000:12
     |
1000 | pub struct AudioDevice {
     |            ^^^^^^^^^^^

warning: method `describe` is never used
    --> src\voice.rs:1015:12
     |
1013 | impl AudioDevice {
     | ---------------- method in this implementation
1014 |     /// Return a human-readable description of this audio device
1015 |     pub fn describe(&self) -> String {
     |            ^^^^^^^^

warning: fields `device_id`, `sample_rate`, `buffer_size`, and `channels` are never read
    --> src\voice.rs:1031:9
     |
1029 | pub struct CaptureConfig {
     |            ------------- fields in this struct
1030 |     /// Device ID (None = default)
1031 |     pub device_id: Option<String>,
     |         ^^^^^^^^^
1032 |     /// Target sample rate (will resample if needed)
1033 |     pub sample_rate: u32,
     |         ^^^^^^^^^^^
1034 |     /// Buffer size in samples
1035 |     pub buffer_size: u32,
     |         ^^^^^^^^^^^
1036 |     /// Number of channels to capture (1 = mono, 2 = stereo)
1037 |     pub channels: u16,
     |         ^^^^^^^^
     |
     = note: `CaptureConfig` has derived impls for the traits `Clone` and `Debug`, but these are intentionally ignored during dead code analysis

warning: method `describe` is never used
    --> src\voice.rs:1042:12
     |
1040 | impl CaptureConfig {
     | ------------------ method in this implementation
1041 |     /// Return a human-readable description of capture settings
1042 |     pub fn describe(&self) -> String {
     |            ^^^^^^^^

warning: function `list_audio_devices` is never used
    --> src\voice.rs:1065:8
     |
1065 | pub fn list_audio_devices() -> Result<Vec<AudioDevice>, String> {
     |        ^^^^^^^^^^^^^^^^^^

warning: function `default_audio_device` is never used
    --> src\voice.rs:1108:8
     |
1108 | pub fn default_audio_device() -> Result<AudioDevice, String> {
     |        ^^^^^^^^^^^^^^^^^^^^

warning: multiple fields are never read
    --> src\voice.rs:1117:5
     |
1116 | pub struct MicrophoneCapture {
     |            ----------------- fields in this struct
1117 |     config: VoiceConfig,
     |     ^^^^^^
1118 |     capture_config: CaptureConfig,
     |     ^^^^^^^^^^^^^^
1119 |     buffer: Arc<Mutex<Vec<f32>>>,
     |     ^^^^^^
1120 |     is_recording: Arc<Mutex<bool>>,
     |     ^^^^^^^^^^^^
1121 |     is_paused: Arc<Mutex<bool>>,
     |     ^^^^^^^^^
1122 |     sample_rate: u32,
     |     ^^^^^^^^^^^
1123 |     /// Peak level (0.0 - 1.0) for visualization
1124 |     peak_level: Arc<Mutex<f32>>,
     |     ^^^^^^^^^^
1125 |     /// Waveform data for visualization (last N samples, downsampled)
1126 |     waveform: Arc<Mutex<Vec<f32>>>,
     |     ^^^^^^^^
1127 |     /// Error message if capture failed
1128 |     last_error: Arc<Mutex<Option<String>>>,
     |     ^^^^^^^^^^

warning: multiple associated items are never used
    --> src\voice.rs:1133:12
     |
1131 | impl MicrophoneCapture {
     | ---------------------- associated items in this implementation
1132 |     /// Create new microphone capture with default config
1133 |     pub fn new(config: VoiceConfig) -> Self {
     |            ^^^
...
1138 |     pub fn with_capture_config(config: VoiceConfig, capture_config: CaptureConfig) -> Self {
     |            ^^^^^^^^^^^^^^^^^^^
...
1153 |     pub fn start(&self) -> Result<(), String> {
     |            ^^^^^
...
1220 |     pub fn pause(&self) {
     |            ^^^^^
...
1225 |     pub fn resume(&self) {
     |            ^^^^^^
...
1230 |     pub fn stop(&self) -> Vec<f32> {
     |            ^^^^
...
1241 |     pub fn is_recording(&self) -> bool {
     |            ^^^^^^^^^^^^
...
1246 |     pub fn is_paused(&self) -> bool {
     |            ^^^^^^^^^
...
1251 |     pub fn duration_secs(&self) -> f32 {
     |            ^^^^^^^^^^^^^
...
1257 |     pub fn peak_level(&self) -> f32 {
     |            ^^^^^^^^^^
...
1262 |     pub fn current_level(&self) -> f32 {
     |            ^^^^^^^^^^^^^
...
1280 |     pub fn waveform(&self) -> Vec<f32> {
     |            ^^^^^^^^
...
1285 |     pub fn sample_count(&self) -> usize {
     |            ^^^^^^^^^^^^
...
1290 |     pub fn last_error(&self) -> Option<String> {
     |            ^^^^^^^^^^
...
1295 |     pub fn clear_buffer(&self) {
     |            ^^^^^^^^^^^^
...
1301 |     pub fn push_samples(&self, samples: &[f32]) {
     |            ^^^^^^^^^^^^
...
1318 |     pub fn status(&self) -> String {
     |            ^^^^^^

warning: function `process_audio_callback` is never used
    --> src\voice.rs:1336:4
     |
1336 | fn process_audio_callback(
     |    ^^^^^^^^^^^^^^^^^^^^^^

warning: fields `threshold`, `smoothing`, `current_level`, `silence_samples`, and `silence_threshold_samples` are never read
    --> src\voice.rs:1386:5
     |
1385 | pub struct VoiceActivityDetector {
     |            --------------------- fields in this struct
1386 |     threshold: f32,
     |     ^^^^^^^^^
1387 |     smoothing: f32,
     |     ^^^^^^^^^
1388 |     current_level: f32,
     |     ^^^^^^^^^^^^^
1389 |     silence_samples: usize,
     |     ^^^^^^^^^^^^^^^
1390 |     silence_threshold_samples: usize,
     |     ^^^^^^^^^^^^^^^^^^^^^^^^^

warning: methods `process`, `is_silence_timeout`, `reset`, and `status` are never used
    --> src\voice.rs:1405:12
     |
1393 | impl VoiceActivityDetector {
     | -------------------------- methods in this implementation
...
1405 |     pub fn process(&mut self, samples: &[f32]) -> bool {
     |            ^^^^^^^
...
1428 |     pub fn is_silence_timeout(&self) -> bool {
     |            ^^^^^^^^^^^^^^^^^^
...
1433 |     pub fn reset(&mut self) {
     |            ^^^^^
...
1439 |     pub fn status(&self) -> String {
     |            ^^^^^^

warning: fields `config`, `engine`, `microphone`, `vad`, and `session` are never read
    --> src\voice.rs:1458:5
     |
1457 | pub struct VoiceInput {
     |            ---------- fields in this struct
1458 |     config: VoiceConfig,
     |     ^^^^^^
1459 |     engine: WhisperEngine,
     |     ^^^^^^
1460 |     microphone: Option<MicrophoneCapture>,
     |     ^^^^^^^^^^
1461 |     vad: VoiceActivityDetector,
     |     ^^^
1462 |     session: VoiceSession,
     |     ^^^^^^^

warning: multiple associated items are never used
    --> src\voice.rs:1484:12
     |
1465 | impl VoiceInput {
     | --------------- associated items in this implementation
...
1484 |     pub fn initialize(&mut self) -> Result<(), String> {
     |            ^^^^^^^^^^
...
1495 |     pub fn start_recording(&mut self) -> Result<(), String> {
     |            ^^^^^^^^^^^^^^^
...
1521 |     pub fn update_vad(&mut self, samples: &[f32]) {
     |            ^^^^^^^^^^
...
1535 |     pub fn stop_and_transcribe(&mut self) -> Result<String, String> {
     |            ^^^^^^^^^^^^^^^^^^^
...
1564 |     pub fn cancel(&mut self) {
     |            ^^^^^^
...
1572 |     pub fn transcribe_audio(&self, bytes: &[u8], format: AudioFormat) -> Result<(String, String), String> {
     |            ^^^^^^^^^^^^^^^^
...
1586 |     pub fn state(&self) -> &VoiceState {
     |            ^^^^^
...
1591 |     pub fn duration(&self) -> f32 {
     |            ^^^^^^^^
...
1600 |     pub fn level(&self) -> f32 {
     |            ^^^^^
...
1609 |     pub fn status(&self) -> String {
     |            ^^^^^^
...
1634 |     pub fn list_devices(&self) -> Result<Vec<String>, String> {
     |            ^^^^^^^^^^^^
...
1640 |     pub fn default_device(&self) -> Result<String, String> {
     |            ^^^^^^^^^^^^^^
...
1645 |     pub fn process_transcript(&self, transcript: &str) -> VoiceCommandResult {
     |            ^^^^^^^^^^^^^^^^^^
...
1663 |     pub fn hotkey_config(&self) -> HotkeyConfig {
     |            ^^^^^^^^^^^^^
...
1668 |     pub fn cloud_fallback(&self, provider: CloudProvider, api_key: String, region: Option<&str>) -> CloudTranscriber {
     |            ^^^^^^^^^^^^^^
...
1680 |     pub fn cloud_providers() -> Vec<(&'static str, &'static str)> {
     |            ^^^^^^^^^^^^^^^
...
1688 |     pub fn shutdown(&mut self) {
     |            ^^^^^^^^
...
1694 |     pub fn set_params(&mut self, params: WhisperParams) {
     |            ^^^^^^^^^^
...
1699 |     pub fn ensure_model(&mut self, progress: Option<Box<dyn Fn(u64, u64)>>) -> Result<(), String> {
     |            ^^^^^^^^^^^^
...
1707 |     pub fn transcribe_streaming<F>(&self, samples: &[f32], callback: F) -> Result<TranscriptResult, String>
     |            ^^^^^^^^^^^^^^^^^^^^
...
1715 |     pub fn pause(&self) {
     |            ^^^^^
...
1722 |     pub fn resume(&self) {
     |            ^^^^^^
...
1729 |     pub fn clear_buffer(&self) {
     |            ^^^^^^^^^^^^
...
1736 |     pub fn capture_config(&self) -> CaptureConfig {
     |            ^^^^^^^^^^^^^^
...
1741 |     pub fn init_with_capture(&mut self, capture_config: CaptureConfig) -> Result<(), String> {
     |            ^^^^^^^^^^^^^^^^^

warning: struct `VoiceCommandResult` is never constructed
    --> src\voice.rs:1760:12
     |
1760 | pub struct VoiceCommandResult {
     |            ^^^^^^^^^^^^^^^^^^

warning: method `describe` is never used
    --> src\voice.rs:1773:12
     |
1771 | impl VoiceCommandResult {
     | ----------------------- method in this implementation
1772 |     /// Return a human-readable description of this voice command result
1773 |     pub fn describe(&self) -> String {
     |            ^^^^^^^^

warning: enum `VoiceCommand` is never used
    --> src\voice.rs:1786:10
     |
1786 | pub enum VoiceCommand {
     |          ^^^^^^^^^^^^

warning: associated items `parse`, `content`, `description`, and `is_local` are never used
    --> src\voice.rs:1805:12
     |
1803 | impl VoiceCommand {
     | ----------------- associated items in this implementation
1804 |     /// Parse voice input into a command type
1805 |     pub fn parse(text: &str) -> Self {
     |            ^^^^^
...
1839 |     pub fn content(&self) -> &str {
     |            ^^^^^^^
...
1852 |     pub fn description(&self) -> &'static str {
     |            ^^^^^^^^^^^
...
1865 |     pub fn is_local(&self) -> bool {
     |            ^^^^^^^^

warning: enum `CloudProvider` is never used
    --> src\voice.rs:1876:10
     |
1876 | pub enum CloudProvider {
     |          ^^^^^^^^^^^^^

warning: associated items `all`, `endpoint`, and `name` are never used
    --> src\voice.rs:1891:12
     |
1889 | impl CloudProvider {
     | ------------------ associated items in this implementation
1890 |     /// All available cloud providers
1891 |     pub fn all() -> &'static [CloudProvider] {
     |            ^^^
...
1901 |     pub fn endpoint(&self) -> &'static str {
     |            ^^^^^^^^
...
1911 |     pub fn name(&self) -> &'static str {
     |            ^^^^

warning: struct `CloudTranscriber` is never constructed
    --> src\voice.rs:1923:12
     |
1923 | pub struct CloudTranscriber {
     |            ^^^^^^^^^^^^^^^^

warning: multiple associated items are never used
    --> src\voice.rs:1931:12
     |
1930 | impl CloudTranscriber {
     | --------------------- associated items in this implementation
1931 |     pub fn new(provider: CloudProvider, api_key: String) -> Self {
     |            ^^^
...
1940 |     pub fn with_region(mut self, region: &str) -> Self {
     |            ^^^^^^^^^^^
...
1945 |     pub fn with_language(mut self, language: &str) -> Self {
     |            ^^^^^^^^^^^^^
...
1951 |     pub fn transcribe(&self, audio_data: &[u8], format: AudioFormat) -> Result<String, String> {
     |            ^^^^^^^^^^
...
1962 |     fn transcribe_openai(&self, audio_data: &[u8], format: AudioFormat) -> Result<String, String> {
     |        ^^^^^^^^^^^^^^^^^
...
2018 |     fn transcribe_google(&self, audio_data: &[u8]) -> Result<String, String> {
     |        ^^^^^^^^^^^^^^^^^
...
2059 |     fn transcribe_azure(&self, audio_data: &[u8]) -> Result<String, String> {
     |        ^^^^^^^^^^^^^^^^
...
2083 |     fn transcribe_assemblyai(&self, audio_data: &[u8]) -> Result<String, String> {
     |        ^^^^^^^^^^^^^^^^^^^^^
...
2158 |     fn transcribe_deepgram(&self, audio_data: &[u8]) -> Result<String, String> {
     |        ^^^^^^^^^^^^^^^^^^^
...
2182 |     pub fn describe(&self) -> String {
     |            ^^^^^^^^

warning: enum `TriggerMode` is never used
    --> src\voice.rs:2201:10
     |
2201 | pub enum TriggerMode {
     |          ^^^^^^^^^^^

warning: method `name` is never used
    --> src\voice.rs:2214:12
     |
2212 | impl TriggerMode {
     | ---------------- method in this implementation
2213 |     /// Return a human-readable name for the trigger mode
2214 |     pub fn name(&self) -> &'static str {
     |            ^^^^

warning: struct `HotkeyConfig` is never constructed
    --> src\voice.rs:2226:12
     |
2226 | pub struct HotkeyConfig {
     |            ^^^^^^^^^^^^

warning: associated items `describe` and `presets` are never used
    --> src\voice.rs:2253:12
     |
2251 | impl HotkeyConfig {
     | ----------------- associated items in this implementation
2252 |     /// Return a human-readable description of the hotkey configuration
2253 |     pub fn describe(&self) -> String {
     |            ^^^^^^^^
...
2271 |     pub fn presets() -> Vec<Self> {
     |            ^^^^^^^

warning: struct `HotkeyModifiers` is never constructed
    --> src\voice.rs:2305:12
     |
2305 | pub struct HotkeyModifiers {
     |            ^^^^^^^^^^^^^^^

warning: associated items `none`, `ctrl`, `alt`, `ctrl_shift`, `matches`, and `display` are never used
    --> src\voice.rs:2313:12
     |
2312 | impl HotkeyModifiers {
     | -------------------- associated items in this implementation
2313 |     pub fn none() -> Self {
     |            ^^^^
...
2317 |     pub fn ctrl() -> Self {
     |            ^^^^
...
2321 |     pub fn alt() -> Self {
     |            ^^^
...
2325 |     pub fn ctrl_shift() -> Self {
     |            ^^^^^^^^^^
...
2330 |     pub fn matches(&self, ctrl: bool, alt: bool, shift: bool, win: bool) -> bool {
     |            ^^^^^^^
...
2335 |     pub fn display(&self) -> String {
     |            ^^^^^^^

warning: function `key_name` is never used
    --> src\voice.rs:2346:8
     |
2346 | pub fn key_name(code: u32) -> &'static str {
     |        ^^^^^^^^

warning: static `CHROME_AGENT` is never used
  --> src\http_client.rs:14:8
   |
14 | static CHROME_AGENT: OnceLock<ureq::Agent> = OnceLock::new();
   |        ^^^^^^^^^^^^

warning: function `chrome_agent` is never used
  --> src\http_client.rs:19:8
   |
19 | pub fn chrome_agent() -> &'static ureq::Agent {
   |        ^^^^^^^^^^^^

warning: function `get_spoofed` is never used
  --> src\http_client.rs:42:8
   |
42 | pub fn get_spoofed(url: &str) -> Result<ureq::Response, Box<ureq::Error>> {
   |        ^^^^^^^^^^^

warning: function `spoofed_connector` is never used
  --> src\http_client.rs:51:8
   |
51 | pub fn spoofed_connector() -> SpoofedTlsConnector {
   |        ^^^^^^^^^^^^^^^^^

warning: function `chrome_tls_config` is never used
  --> src\http_client.rs:56:8
   |
56 | pub fn chrome_tls_config() -> std::sync::Arc<ureq::rustls::ClientConfig> {
   |        ^^^^^^^^^^^^^^^^^

warning: function `custom_chrome_config` is never used
  --> src\http_client.rs:61:8
   |
61 | pub fn custom_chrome_config() -> ChromeTlsConfig {
   |        ^^^^^^^^^^^^^^^^^^^^

warning: constant `GREASE_VALUES` is never used
   --> src\tls_spoof.rs:115:11
    |
115 | pub const GREASE_VALUES: [u16; 16] = [
    |           ^^^^^^^^^^^^^

warning: function `generate_grease_value` is never used
   --> src\tls_spoof.rs:127:8
    |
127 | pub fn generate_grease_value() -> u16 {
    |        ^^^^^^^^^^^^^^^^^^^^^

warning: function `generate_grease_pair` is never used
   --> src\tls_spoof.rs:135:8
    |
135 | pub fn generate_grease_pair() -> (u16, u16) {
    |        ^^^^^^^^^^^^^^^^^^^^

warning: function `chrome132_cipher_suites` is never used
   --> src\tls_spoof.rs:156:8
    |
156 | pub fn chrome132_cipher_suites() -> Vec<SupportedCipherSuite> {
    |        ^^^^^^^^^^^^^^^^^^^^^^^

warning: function `chrome132_signature_schemes` is never used
   --> src\tls_spoof.rs:177:8
    |
177 | pub fn chrome132_signature_schemes() -> Vec<SignatureScheme> {
    |        ^^^^^^^^^^^^^^^^^^^^^^^^^^^

warning: struct `ChromeTlsConfig` is never constructed
   --> src\tls_spoof.rs:203:12
    |
203 | pub struct ChromeTlsConfig {
    |            ^^^^^^^^^^^^^^^

warning: associated items `new`, `alpn_protocols`, `enable_sni`, `enable_resumption`, and `build` are never used
   --> src\tls_spoof.rs:220:12
    |
218 | impl ChromeTlsConfig {
    | -------------------- associated items in this implementation
219 |     /// Create a new `ChromeTlsConfig` with Chrome 132 defaults.
220 |     pub fn new() -> Self {
    |            ^^^
...
229 |     pub fn alpn_protocols(mut self, protocols: Vec<Vec<u8>>) -> Self {
    |            ^^^^^^^^^^^^^^
...
235 |     pub fn enable_sni(mut self, enable: bool) -> Self {
    |            ^^^^^^^^^^
...
241 |     pub fn enable_resumption(mut self, enable: bool) -> Self {
    |            ^^^^^^^^^^^^^^^^^
...
255 |     pub fn build(self) -> Arc<ClientConfig> {
    |            ^^^^^

warning: function `build_chrome132_tls_config` is never used
   --> src\tls_spoof.rs:315:8
    |
315 | pub fn build_chrome132_tls_config() -> Arc<ClientConfig> {
    |        ^^^^^^^^^^^^^^^^^^^^^^^^^^

warning: function `build_ureq_agent_with_chrome_tls` is never used
   --> src\tls_spoof.rs:333:8
    |
333 | pub fn build_ureq_agent_with_chrome_tls() -> ureq::Agent {
    |        ^^^^^^^^^^^^^^^^^^^^^^^^^^^^^^^^

warning: constant `CHROME_132_USER_AGENT` is never used
   --> src\tls_spoof.rs:346:11
    |
346 | pub const CHROME_132_USER_AGENT: &str =
    |           ^^^^^^^^^^^^^^^^^^^^^

warning: struct `SpoofedTlsConnector` is never constructed
   --> src\tls_spoof.rs:372:12
    |
372 | pub struct SpoofedTlsConnector {
    |            ^^^^^^^^^^^^^^^^^^^

warning: multiple associated items are never used
   --> src\tls_spoof.rs:379:12
    |
377 | impl SpoofedTlsConnector {
    | ------------------------ associated items in this implementation
378 |     /// Create a new `SpoofedTlsConnector` with Chrome 132 defaults.
379 |     pub fn chrome132() -> Self {
    |            ^^^^^^^^^
...
387 |     pub fn from_config(chrome_config: ChromeTlsConfig) -> Self {
    |            ^^^^^^^^^^^
...
395 |     pub fn with_user_agent(mut self, ua: impl Into<String>) -> Self {
    |            ^^^^^^^^^^^^^^^
...
401 |     pub fn tls_config(&self) -> Arc<ClientConfig> {
    |            ^^^^^^^^^^
...
406 |     pub fn build_ureq_agent(&self) -> ureq::Agent {
    |            ^^^^^^^^^^^^^^^^
...
414 |     pub fn into_ureq_agent(self) -> ureq::Agent {
    |            ^^^^^^^^^^^^^^^
...
425 |     pub fn grease_values(&self) -> (u16, u16) {
    |            ^^^^^^^^^^^^^
...
430 |     pub fn describe(&self) -> String {
    |            ^^^^^^^^

warning: function `chrome132_ja3_target` is never used
   --> src\tls_spoof.rs:478:8
    |
478 | pub fn chrome132_ja3_target() -> &'static str {
    |        ^^^^^^^^^^^^^^^^^^^^

warning: function `chrome132_ja3_rustls_partial` is never used
   --> src\tls_spoof.rs:487:8
    |
487 | pub fn chrome132_ja3_rustls_partial() -> &'static str {
    |        ^^^^^^^^^^^^^^^^^^^^^^^^^^^^

warning: function `eq_normalized` is never used
  --> src\fontcase.rs:16:8
   |
16 | pub fn eq_normalized<A: AsRef<str>, B: AsRef<str>>(a: A, b: B) -> bool {
   |        ^^^^^^^^^^^^^

warning: enum `FilterRule` is never used
  --> src\adblock.rs:22:10
   |
22 | pub enum FilterRule {
   |          ^^^^^^^^^^

warning: enum `ResourceType` is never used
  --> src\adblock.rs:53:10
   |
53 | pub enum ResourceType {
   |          ^^^^^^^^^^^^

warning: associated function `from_str` is never used
  --> src\adblock.rs:69:12
   |
68 | impl ResourceType {
   | ----------------- associated function in this implementation
69 |     pub fn from_str(s: &str) -> Option<Self> {
   |            ^^^^^^^^

warning: struct `FilterList` is never constructed
  --> src\adblock.rs:93:12
   |
93 | pub struct FilterList {
   |            ^^^^^^^^^^

warning: associated items `describe` and `new` are never used
   --> src\adblock.rs:103:12
    |
101 | impl FilterList {
    | --------------- associated items in this implementation
102 |     /// Summary of the filter list
103 |     pub fn describe(&self) -> String {
    |            ^^^^^^^^
...
109 |     pub fn new(name: &str, url: &str) -> Self {
    |            ^^^

warning: struct `BlockStats` is never constructed
   --> src\adblock.rs:125:12
    |
125 | pub struct BlockStats {
    |            ^^^^^^^^^^

warning: methods `describe` and `record_block` are never used
   --> src\adblock.rs:134:12
    |
132 | impl BlockStats {
    | --------------- methods in this implementation
133 |     /// Summary of blocking statistics
134 |     pub fn describe(&self) -> String {
    |            ^^^^^^^^
...
144 |     pub fn record_block(&mut self, domain: &str, resource_type: ResourceType) {
    |            ^^^^^^^^^^^^

warning: struct `AdBlocker` is never constructed
   --> src\adblock.rs:156:12
    |
156 | pub struct AdBlocker {
    |            ^^^^^^^^^

warning: struct `CompiledRule` is never constructed
   --> src\adblock.rs:179:8
    |
179 | struct CompiledRule {
    |        ^^^^^^^^^^^^

warning: struct `CosmeticRule` is never constructed
   --> src\adblock.rs:189:8
    |
189 | struct CosmeticRule {
    |        ^^^^^^^^^^^^

warning: method `describe` is never used
   --> src\adblock.rs:198:12
    |
196 | impl CompiledRule {
    | ----------------- method in this implementation
197 |     /// Summary of compiled rule for diagnostics
198 |     pub fn describe(&self) -> String {
    |            ^^^^^^^^

warning: method `describe` is never used
   --> src\adblock.rs:210:12
    |
208 | impl CosmeticRule {
    | ----------------- method in this implementation
209 |     /// Summary of cosmetic rule for diagnostics
210 |     pub fn describe(&self) -> String {
    |            ^^^^^^^^

warning: multiple associated items are never used
   --> src\adblock.rs:221:12
    |
219 | impl AdBlocker {
    | -------------- associated items in this implementation
220 |     /// Summary of the ad blocker state for diagnostics
221 |     pub fn describe(&self) -> String {
    |            ^^^^^^^^
...
260 |     pub fn new() -> Self {
    |            ^^^
...
278 |     fn add_default_lists(&mut self) {
    |        ^^^^^^^^^^^^^^^^^
...
309 |     pub fn parse_filter_list(&mut self, content: &str, list_index: usize) {
    |            ^^^^^^^^^^^^^^^^^
...
332 |     fn parse_rule(&self, line: &str) -> Option<FilterRule> {
    |        ^^^^^^^^^^
...
352 |     fn parse_block_rule(&self, line: &str) -> Option<FilterRule> {
    |        ^^^^^^^^^^^^^^^^
...
409 |     fn parse_exception_rule(&self, line: &str) -> Option<FilterRule> {
    |        ^^^^^^^^^^^^^^^^^^^^
...
441 |     fn parse_cosmetic_rule(&self, line: &str) -> Option<FilterRule> {
    |        ^^^^^^^^^^^^^^^^^^^
...
484 |     fn parse_cosmetic_exception(&self, line: &str) -> Option<FilterRule> {
    |        ^^^^^^^^^^^^^^^^^^^^^^^^
...
513 |     fn pattern_to_regex(&self, pattern: &str) -> Option<Regex> {
    |        ^^^^^^^^^^^^^^^^
...
541 |     fn compile_rules(&mut self) {
    |        ^^^^^^^^^^^^^
...
647 |     pub fn should_block(
    |            ^^^^^^^^^^^^
...
687 |     fn rule_matches(
    |        ^^^^^^^^^^^^
...
736 |     pub fn get_cosmetic_filters(&self, domain: &str) -> Vec<String> {
    |            ^^^^^^^^^^^^^^^^^^^^
...
769 |     pub fn get_cosmetic_css(&self, domain: &str) -> String {
    |            ^^^^^^^^^^^^^^^^
...
777 |     pub fn enable(&mut self) {
    |            ^^^^^^
...
781 |     pub fn disable(&mut self) {
    |            ^^^^^^^
...
785 |     pub fn is_enabled(&self) -> bool {
    |            ^^^^^^^^^^
...
789 |     pub fn whitelist_domain(&mut self, domain: &str) {
    |            ^^^^^^^^^^^^^^^^
...
793 |     pub fn unwhitelist_domain(&mut self, domain: &str) {
    |            ^^^^^^^^^^^^^^^^^^
...
797 |     pub fn is_whitelisted(&self, domain: &str) -> bool {
    |            ^^^^^^^^^^^^^^
...
801 |     pub fn add_custom_rule(&mut self, rule_text: &str) {
    |            ^^^^^^^^^^^^^^^
...
808 |     pub fn remove_custom_rule(&mut self, index: usize) {
    |            ^^^^^^^^^^^^^^^^^^
...
815 |     pub fn get_stats(&self) -> BlockStats {
    |            ^^^^^^^^^
...
819 |     pub fn reset_daily_stats(&self) {
    |            ^^^^^^^^^^^^^^^^^
...
825 |     pub fn get_filter_lists(&self) -> &[FilterList] {
    |            ^^^^^^^^^^^^^^^^
...
829 |     pub fn enable_list(&mut self, index: usize) {
    |            ^^^^^^^^^^^
...
836 |     pub fn disable_list(&mut self, index: usize) {
    |            ^^^^^^^^^^^^
...
844 |     pub async fn update_list(&mut self, index: usize) -> Result<(), String> {
    |                  ^^^^^^^^^^^

warning: function `extract_domain` is never used
   --> src\adblock.rs:879:4
    |
879 | fn extract_domain(url: &str) -> Option<String> {
    |    ^^^^^^^^^^^^^^

warning: function `domain_matches_any` is never used
   --> src\adblock.rs:886:4
    |
886 | fn domain_matches_any(domain: &str, patterns: &HashSet<String>) -> bool {
    |    ^^^^^^^^^^^^^^^^^^

warning: struct `AdBlockerUI` is never constructed
   --> src\adblock.rs:903:12
    |
903 | pub struct AdBlockerUI {
    |            ^^^^^^^^^^^

warning: associated items `new` and `render` are never used
   --> src\adblock.rs:911:12
    |
910 | impl AdBlockerUI {
    | ---------------- associated items in this implementation
911 |     pub fn new(blocker: Arc<RwLock<AdBlocker>>) -> Self {
    |            ^^^
...
920 |     pub fn render(&mut self, ui: &mut eframe::egui::Ui) {
    |            ^^^^^^

warning: `sassy-browser` (bin "sassy-browser") generated 467 warnings (run `cargo fix --bin "sassy-browser" -p sassy-browser` to apply 2 suggestions)
    Finished `dev` profile [optimized + debuginfo] target(s) in 50.95s
